Component: ARM Compiler 5.05 update 2 (build 169) Tool: armlink [4d0f33]

==============================================================================

Section Cross References

    startup_stm32f103xe.o(RESET) refers to startup_stm32f103xe.o(STACK) for __initial_sp
    startup_stm32f103xe.o(RESET) refers to startup_stm32f103xe.o(.text) for Reset_Handler
    startup_stm32f103xe.o(RESET) refers to stm32f1xx_it.o(i.NMI_Handler) for NMI_Handler
    startup_stm32f103xe.o(RESET) refers to stm32f1xx_it.o(i.HardFault_Handler) for HardFault_Handler
    startup_stm32f103xe.o(RESET) refers to stm32f1xx_it.o(i.MemManage_Handler) for MemManage_Handler
    startup_stm32f103xe.o(RESET) refers to stm32f1xx_it.o(i.BusFault_Handler) for BusFault_Handler
    startup_stm32f103xe.o(RESET) refers to stm32f1xx_it.o(i.UsageFault_Handler) for UsageFault_Handler
    startup_stm32f103xe.o(RESET) refers to stm32f1xx_it.o(i.SVC_Handler) for SVC_Handler
    startup_stm32f103xe.o(RESET) refers to stm32f1xx_it.o(i.DebugMon_Handler) for DebugMon_Handler
    startup_stm32f103xe.o(RESET) refers to stm32f1xx_it.o(i.PendSV_Handler) for PendSV_Handler
    startup_stm32f103xe.o(RESET) refers to stm32f1xx_it.o(i.SysTick_Handler) for SysTick_Handler
    startup_stm32f103xe.o(RESET) refers to stm32f1xx_it.o(i.DMA1_Channel6_IRQHandler) for DMA1_Channel6_IRQHandler
    startup_stm32f103xe.o(RESET) refers to stm32f1xx_it.o(i.DMA1_Channel7_IRQHandler) for DMA1_Channel7_IRQHandler
    startup_stm32f103xe.o(RESET) refers to stm32f1xx_it.o(i.TIM2_IRQHandler) for TIM2_IRQHandler
    startup_stm32f103xe.o(RESET) refers to stm32f1xx_it.o(i.TIM3_IRQHandler) for TIM3_IRQHandler
    startup_stm32f103xe.o(RESET) refers to stm32f1xx_it.o(i.TIM4_IRQHandler) for TIM4_IRQHandler
    startup_stm32f103xe.o(RESET) refers to stm32f1xx_it.o(i.USART2_IRQHandler) for USART2_IRQHandler
    startup_stm32f103xe.o(RESET) refers to stm32f1xx_it.o(i.USART3_IRQHandler) for USART3_IRQHandler
    startup_stm32f103xe.o(RESET) refers to stm32f1xx_it.o(i.TIM5_IRQHandler) for TIM5_IRQHandler
    startup_stm32f103xe.o(RESET) refers to stm32f1xx_it.o(i.TIM6_IRQHandler) for TIM6_IRQHandler
    startup_stm32f103xe.o(.text) refers to system_stm32f1xx.o(i.SystemInit) for SystemInit
    startup_stm32f103xe.o(.text) refers to entry.o(.ARM.Collect$$$$00000000) for __main
    oled.o(i.OLED_DrawBMP) refers to oled.o(i.OLED_Set_Pos) for OLED_Set_Pos
    oled.o(i.OLED_DrawBMP) refers to oled.o(i.WriteDat) for WriteDat
    oled.o(i.OLED_Fill) refers to oled.o(i.WriteCmd) for WriteCmd
    oled.o(i.OLED_Fill) refers to oled.o(i.WriteDat) for WriteDat
    oled.o(i.OLED_Init) refers to stm32f1xx_hal.o(i.HAL_Delay) for HAL_Delay
    oled.o(i.OLED_Init) refers to oled.o(i.WriteCmd) for WriteCmd
    oled.o(i.OLED_Set_Pos) refers to oled.o(i.WriteCmd) for WriteCmd
    oled.o(i.OLED_ShowCHinese) refers to oled.o(i.OLED_Set_Pos) for OLED_Set_Pos
    oled.o(i.OLED_ShowCHinese) refers to oled.o(i.WriteDat) for WriteDat
    oled.o(i.OLED_ShowCHinese) refers to oled.o(.data) for .data
    oled.o(i.OLED_ShowString) refers to oled.o(i.OLED_Set_Pos) for OLED_Set_Pos
    oled.o(i.OLED_ShowString) refers to oled.o(i.WriteDat) for WriteDat
    oled.o(i.OLED_ShowString) refers to oled.o(.constdata) for .constdata
    oled.o(i.OLED_display_char) refers to oled.o(i.OLED_Set_Pos) for OLED_Set_Pos
    oled.o(i.OLED_display_char) refers to oled.o(i.WriteDat) for WriteDat
    oled.o(i.OLED_display_char) refers to oled.o(.constdata) for .constdata
    oled.o(i.WriteCmd) refers to stm32f1xx_hal_i2c.o(i.HAL_I2C_Mem_Write) for HAL_I2C_Mem_Write
    oled.o(i.WriteCmd) refers to i2c.o(.bss) for hi2c1
    oled.o(i.WriteDat) refers to stm32f1xx_hal_i2c.o(i.HAL_I2C_Mem_Write) for HAL_I2C_Mem_Write
    oled.o(i.WriteDat) refers to i2c.o(.bss) for hi2c1
    encoder.o(i.Encoder_Update_Count) refers to encoder.o(.data) for .data
    encoder.o(i.Encoder_combinationread) refers to encoder.o(i.GetEncoderPulse) for GetEncoderPulse
    encoder.o(i.Encoder_combinationread) refers to encoder.o(i.speedcaculate) for speedcaculate
    encoder.o(i.Encoder_combinationread) refers to encoder.o(i.Encoder_Update_Count) for Encoder_Update_Count
    encoder.o(i.Encoderinit) refers to stm32f1xx_hal_tim.o(i.HAL_TIM_Encoder_Start) for HAL_TIM_Encoder_Start
    encoder.o(i.Encoderinit) refers to stm32f1xx_hal_tim.o(i.HAL_TIM_Encoder_Start_IT) for HAL_TIM_Encoder_Start_IT
    encoder.o(i.Encoderinit) refers to tim.o(.bss) for htim2
    encoder.o(i.GetEncoderPulse) refers to tim.o(.bss) for htim2
    encoder.o(i.GetEncoderPulse) refers to encoder.o(.data) for .data
    encoder.o(i.speedcaculate) refers to fflti.o(.text) for __aeabi_i2f
    encoder.o(i.speedcaculate) refers to fdiv.o(.text) for __aeabi_fdiv
    encoder.o(i.speedcaculate) refers to f2d.o(.text) for __aeabi_f2d
    encoder.o(i.speedcaculate) refers to dmul.o(.text) for __aeabi_dmul
    encoder.o(i.speedcaculate) refers to ddiv.o(.text) for __aeabi_ddiv
[...]
    ../Core/Src/main.c                       0x00000000   Number         0  main.o ABSOLUTE
    ../Core/Src/stm32f1xx_hal_msp.c          0x00000000   Number         0  stm32f1xx_hal_msp.o ABSOLUTE
    ../Core/Src/stm32f1xx_it.c               0x00000000   Number         0  stm32f1xx_it.o ABSOLUTE
    ../Core/Src/system_stm32f1xx.c           0x00000000   Number         0  system_stm32f1xx.o ABSOLUTE
    ../Core/Src/tim.c                        0x00000000   Number         0  tim.o ABSOLUTE
    ../Core/Src/usart.c                      0x00000000   Number         0  usart.o ABSOLUTE
    ../Drivers/STM32F1xx_HAL_Driver/Src/stm32f1xx_hal.c 0x00000000   Number         0  stm32f1xx_hal.o ABSOLUTE
    ../Drivers/STM32F1xx_HAL_Driver/Src/stm32f1xx_hal_cortex.c 0x00000000   Number         0  stm32f1xx_hal_cortex.o ABSOLUTE
    ../Drivers/STM32F1xx_HAL_Driver/Src/stm32f1xx_hal_dma.c 0x00000000   Number         0  stm32f1xx_hal_dma.o ABSOLUTE
    ../Drivers/STM32F1xx_HAL_Driver/Src/stm32f1xx_hal_exti.c 0x00000000   Number         0  stm32f1xx_hal_exti.o ABSOLUTE
    ../Drivers/STM32F1xx_HAL_Driver/Src/stm32f1xx_hal_flash.c 0x00000000   Number         0  stm32f1xx_hal_flash.o ABSOLUTE
    ../Drivers/STM32F1xx_HAL_Driver/Src/stm32f1xx_hal_flash_ex.c 0x00000000   Number         0  stm32f1xx_hal_flash_ex.o ABSOLUTE
    ../Drivers/STM32F1xx_HAL_Driver/Src/stm32f1xx_hal_gpio.c 0x00000000   Number         0  stm32f1xx_hal_gpio.o ABSOLUTE
    ../Drivers/STM32F1xx_HAL_Driver/Src/stm32f1xx_hal_gpio_ex.c 0x00000000   Number         0  stm32f1xx_hal_gpio_ex.o ABSOLUTE
    ../Drivers/STM32F1xx_HAL_Driver/Src/stm32f1xx_hal_i2c.c 0x00000000   Number         0  stm32f1xx_hal_i2c.o ABSOLUTE
    ../Drivers/STM32F1xx_HAL_Driver/Src/stm32f1xx_hal_pwr.c 0x00000000   Number         0  stm32f1xx_hal_pwr.o ABSOLUTE
    ../Drivers/STM32F1xx_HAL_Driver/Src/stm32f1xx_hal_rcc.c 0x00000000   Number         0  stm32f1xx_hal_rcc.o ABSOLUTE
    ../Drivers/STM32F1xx_HAL_Driver/Src/stm32f1xx_hal_rcc_ex.c 0x00000000   Number         0  stm32f1xx_hal_rcc_ex.o ABSOLUTE
    ../Drivers/STM32F1xx_HAL_Driver/Src/stm32f1xx_hal_tim.c 0x00000000   Number         0  stm32f1xx_hal_tim.o ABSOLUTE
    ../Drivers/STM32F1xx_HAL_Driver/Src/stm32f1xx_hal_tim_ex.c 0x00000000   Number         0  stm32f1xx_hal_tim_ex.o ABSOLUTE
    ../Drivers/STM32F1xx_HAL_Driver/Src/stm32f1xx_hal_uart.c 0x00000000   Number         0  stm32f1xx_hal_uart.o ABSOLUTE
    ../clib/microlib/division.c              0x00000000   Number         0  uidiv.o ABSOLUTE
    ../clib/microlib/division.c              0x00000000   Number         0  uldiv.o ABSOLUTE
    ../clib/microlib/init/entry.s            0x00000000   Number         0  entry8a.o ABSOLUTE
    ../clib/microlib/init/entry.s            0x00000000   Number         0  entry9a.o ABSOLUTE
    ../clib/microlib/init/entry.s            0x00000000   Number         0  entry7a.o ABSOLUTE
    ../clib/microlib/init/entry.s            0x00000000   Number         0  entry7b.o ABSOLUTE
    ../clib/microlib/init/entry.s            0x00000000   Number         0  entry5.o ABSOLUTE
    ../clib/microlib/init/entry.s            0x00000000   Number         0  entry2.o ABSOLUTE
    ../clib/microlib/init/entry.s            0x00000000   Number         0  entry9b.o ABSOLUTE
    ../clib/microlib/init/entry.s            0x00000000   Number         0  entry10a.o ABSOLUTE
    ../clib/microlib/init/entry.s            0x00000000   Number         0  entry10b.o ABSOLUTE
    ../clib/microlib/init/entry.s            0x00000000   Number         0  entry11a.o ABSOLUTE
    ../clib/microlib/init/entry.s            0x00000000   Number         0  entry11b.o ABSOLUTE
    ../clib/microlib/init/entry.s            0x00000000   Number         0  entry.o ABSOLUTE
    ../clib/microlib/init/entry.s            0x00000000   Number         0  entry8b.o ABSOLUTE
    ../clib/microlib/longlong.c              0x00000000   Number         0  llshl.o ABSOLUTE
    ../clib/microlib/longlong.c              0x00000000   Number         0  llushr.o ABSOLUTE
    ../clib/microlib/longlong.c              0x00000000   Number         0  llsshr.o ABSOLUTE
    ../clib/microlib/printf/printf.c         0x00000000   Number         0  printf7.o ABSOLUTE
    ../clib/microlib/printf/printf.c         0x00000000   Number         0  printf0.o ABSOLUTE
    ../clib/microlib/printf/printf.c         0x00000000   Number         0  printfb.o ABSOLUTE
    ../clib/microlib/printf/printf.c         0x00000000   Number         0  printf6.o ABSOLUTE
    ../clib/microlib/printf/printf.c         0x00000000   Number         0  printf2.o ABSOLUTE
    ../clib/microlib/printf/printf.c         0x00000000   Number         0  printf5.o ABSOLUTE
    ../clib/microlib/printf/printf.c         0x00000000   Number         0  printf3.o ABSOLUTE
    ../clib/microlib/printf/printf.c         0x00000000   Number         0  printf4.o ABSOLUTE
    ../clib/microlib/printf/printf.c         0x00000000   Number         0  printfa.o ABSOLUTE
    ../clib/microlib/printf/printf.c         0x00000000   Number         0  printf1.o ABSOLUTE
    ../clib/microlib/printf/printf.c         0x00000000   Number         0  printf8.o ABSOLUTE
    ../clib/microlib/printf/stubs.s          0x00000000   Number         0  stubs.o ABSOLUTE
    ../clib/microlib/string/memset.c         0x00000000   Number         0  memseta.o ABSOLUTE
    ../clib/microlib/stubs.s                 0x00000000   Number         0  iusefp.o ABSOLUTE
    ../clib/microlib/stubs.s                 0x00000000   Number         0  useno.o ABSOLUTE
    ../fplib/microlib/d2f.c                  0x00000000   Number         0  d2f.o ABSOLUTE
    ../fplib/microlib/f2d.c                  0x00000000   Number         0  f2d.o ABSOLUTE
    ../fplib/microlib/fpadd.c                0x00000000   Number         0  dadd.o ABSOLUTE
    ../fplib/microlib/fpdiv.c                0x00000000   Number         0  fdiv.o ABSOLUTE
    ../fplib/microlib/fpdiv.c                0x00000000   Number         0  ddiv.o ABSOLUTE
    ../fplib/microlib/fpepilogue.c           0x00000000   Number         0  fepilogue.o ABSOLUTE
    ../fplib/microlib/fpepilogue.c           0x00000000   Number         0  depilogue.o ABSOLUTE
    ../fplib/microlib/fpfix.c                0x00000000   Number         0  dfixul.o ABSOLUTE
    ../fplib/microlib/fpflt.c                0x00000000   Number         0  fflti.o ABSOLUTE
    ../fplib/microlib/fpmul.c                0x00000000   Number         0  dmul.o ABSOLUTE
    ..\Core\Src\dma.c                        0x00000000   Number         0  dma.o ABSOLUTE
    ..\Core\Src\gpio.c                       0x00000000   Number         0  gpio.o ABSOLUTE
    ..\Core\Src\i2c.c                        0x00000000   Number         0  i2c.o ABSOLUTE
    ..\Core\Src\main.c                       0x00000000   Number         0  main.o ABSOLUTE
    ..\Core\Src\stm32f1xx_hal_msp.c          0x00000000   Number         0  stm32f1xx_hal_msp.o ABSOLUTE
    ..\Core\Src\stm32f1xx_it.c               0x00000000   Number         0  stm32f1xx_it.o ABSOLUTE
    ..\Core\Src\system_stm32f1xx.c           0x00000000   Number         0  system_stm32f1xx.o ABSOLUTE
    ..\Core\Src\tim.c                        0x00000000   Number         0  tim.o ABSOLUTE
    ..\Core\Src\usart.c                      0x00000000   Number         0  usart.o ABSOLUTE
    ..\Drivers\STM32F1xx_HAL_Driver\Src\stm32f1xx_hal.c 0x00000000   Number         0  stm32f1xx_hal.o ABSOLUTE
    ..\Drivers\STM32F1xx_HAL_Driver\Src\stm32f1xx_hal_cortex.c 0x00000000   Number         0  stm32f1xx_hal_cortex.o ABSOLUTE
    ..\Drivers\STM32F1xx_HAL_Driver\Src\stm32f1xx_hal_dma.c 0x00000000   Number         0  stm32f1xx_hal_dma.o ABSOLUTE
    ..\Drivers\STM32F1xx_HAL_Driver\Src\stm32f1xx_hal_exti.c 0x00000000   Number         0  stm32f1xx_hal_exti.o ABSOLUTE
    ..\Drivers\STM32F1xx_HAL_Driver\Src\stm32f1xx_hal_flash.c 0x00000000   Number         0  stm32f1xx_hal_flash.o ABSOLUTE
    ..\Drivers\STM32F1xx_HAL_Driver\Src\stm32f1xx_hal_flash_ex.c 0x00000000   Number         0  stm32f1xx_hal_flash_ex.o ABSOLUTE
    ..\Drivers\STM32F1xx_HAL_Driver\Src\stm32f1xx_hal_gpio.c 0x00000000   Number         0  stm32f1xx_hal_gpio.o ABSOLUTE
    ..\Drivers\STM32F1xx_HAL_Driver\Src\stm32f1xx_hal_gpio_ex.c 0x00000000   Number         0  stm32f1xx_hal_gpio_ex.o ABSOLUTE
    ..\Drivers\STM32F1xx_HAL_Driver\Src\stm32f1xx_hal_i2c.c 0x00000000   Number         0  stm32f1xx_hal_i2c.o ABSOLUTE
    ..\Drivers\STM32F1xx_HAL_Driver\Src\stm32f1xx_hal_pwr.c 0x00000000   Number         0  stm32f1xx_hal_pwr.o ABSOLUTE
    ..\Drivers\STM32F1xx_HAL_Driver\Src\stm32f1xx_hal_rcc.c 0x00000000   Number         0  stm32f1xx_hal_rcc.o ABSOLUTE
    ..\Drivers\STM32F1xx_HAL_Driver\Src\stm32f1xx_hal_rcc_ex.c 0x00000000   Number         0  stm32f1xx_hal_rcc_ex.o ABSOLUTE
    ..\Drivers\STM32F1xx_HAL_Driver\Src\stm32f1xx_hal_tim.c 0x00000000   Number         0  stm32f1xx_hal_tim.o ABSOLUTE
    ..\Drivers\STM32F1xx_HAL_Driver\Src\stm32f1xx_hal_tim_ex.c 0x00000000   Number         0  stm32f1xx_hal_tim_ex.o ABSOLUTE
    ..\Drivers\STM32F1xx_HAL_Driver\Src\stm32f1xx_hal_uart.c 0x00000000   Number         0  stm32f1xx_hal_uart.o ABSOLUTE
    ..\USER\Encoder.c                        0x00000000   Number         0  encoder.o ABSOLUTE
    ..\USER\OLED\oled.c                      0x00000000   Number         0  oled.o ABSOLUTE
    ..\\USER\\Encoder.c                      0x00000000   Number         0  encoder.o ABSOLUTE
    ..\\USER\\OLED\\oled.c                   0x00000000   Number         0  oled.o ABSOLUTE
    cdrcmple.s                               0x00000000   Number         0  cdrcmple.o ABSOLUTE
    dc.s                                     0x00000000   Number         0  dc.o ABSOLUTE
    handlers.s                               0x00000000   Number         0  handlers.o ABSOLUTE
    init.s                                   0x00000000   Number         0  init.o ABSOLUTE
    startup_stm32f103xe.s                    0x00000000   Number         0  startup_stm32f103xe.o ABSOLUTE
    RESET                                    0x08000000   Section      304  startup_stm32f103xe.o(RESET)
    .ARM.Collect$$$$00000000                 0x08000130   Section        0  entry.o(.ARM.Collect$$$$00000000)
    .ARM.Collect$$$$00000001                 0x08000130   Section        4  entry2.o(.ARM.Collect$$$$00000001)
    .ARM.Collect$$$$00000004                 0x08000134   Section        4  entry5.o(.ARM.Collect$$$$00000004)
    .ARM.Collect$$$$00000008                 0x08000138   Section        0  entry7b.o(.ARM.Collect$$$$00000008)
    .ARM.Collect$$$$0000000A                 0x08000138   Section        0  entry8b.o(.ARM.Collect$$$$0000000A)
    .ARM.Collect$$$$0000000B                 0x08000138   Section        8  entry9a.o(.ARM.Collect$$$$0000000B)
    .ARM.Collect$$$$0000000D                 0x08000140   Section        0  entry10a.o(.ARM.Collect$$$$0000000D)
    .ARM.Collect$$$$0000000F                 0x08000140   Section        0  entry11a.o(.ARM.Collect$$$$0000000F)
    .ARM.Collect$$$$00002712                 0x08000140   Section        4  entry2.o(.ARM.Collect$$$$00002712)
    __lit__00000000                          0x08000140   Data           4  entry2.o(.ARM.Collect$$$$00002712)
    .text                                    0x08000144   Section       36  startup_stm32f103xe.o(.text)
    .text                                    0x08000168   Section        0  llushr.o(.text)
    .text                                    0x08000188   Section        0  memseta.o(.text)
    .text                                    0x080001ac   Section        0  fdiv.o(.text)
    .text                                    0x08000228   Section        0  dmul.o(.text)
    .text                                    0x0800030c   Section        0  ddiv.o(.text)
    .text                                    0x080003ea   Section        0  fflti.o(.text)
    .text                                    0x080003fc   Section        0  f2d.o(.text)
    .text                                    0x08000422   Section        0  d2f.o(.text)
    .text                                    0x0800045a   Section        0  uidiv.o(.text)
    .text                                    0x08000486   Section        0  uldiv.o(.text)
    .text                                    0x080004e8   Section        0  iusefp.o(.text)
    .text                                    0x080004e8   Section        0  fepilogue.o(.text)
    .text                                    0x08000556   Section        0  depilogue.o(.text)
    .text                                    0x08000610   Section        0  dadd.o(.text)
    .text                                    0x0800075e   Section        0  dfixul.o(.text)
    .text                                    0x08000790   Section       48  cdrcmple.o(.text)
    .text                                    0x080007c0   Section       36  init.o(.text)
    .text                                    0x080007e4   Section        0  llshl.o(.text)
    .text                                    0x08000802   Section        0  llsshr.o(.text)
    i.Backleft_STOP                          0x08000828   Section        0  gpio.o(i.Backleft_STOP)
    i.Backleft_backward                      0x08000848   Section        0  gpio.o(i.Backleft_backward)
    i.Backleft_forward                       0x08000874   Section        0  gpio.o(i.Backleft_forward)
    i.Backright_STOP                         0x080008a0   Section        0  gpio.o(i.Backright_STOP)
    i.Backright_backward                     0x080008c0   Section        0  gpio.o(i.Backright_backward)
    i.Backright_forward                      0x080008ec   Section        0  gpio.o(i.Backright_forward)
    i.BusFault_Handler                       0x08000918   Section        0  stm32f1xx_it.o(i.BusFault_Handler)
    i.DMA1_Channel6_IRQHandler               0x0800091c   Section        0  stm32f1xx_it.o(i.DMA1_Channel6_IRQHandler)
    i.DMA1_Channel7_IRQHandler               0x08000928   Section        0  stm32f1xx_it.o(i.DMA1_Channel7_IRQHandler)
    i.DebugMon_Handler                       0x08000934   Section        0  stm32f1xx_it.o(i.DebugMon_Handler)
    i.Encoder_Update_Count                   0x08000938   Section        0  encoder.o(i.Encoder_Update_Count)
    i.Encoder_combinationread                0x0800096c   Section        0  encoder.o(i.Encoder_combinationread)
    i.Encoderinit                            0x08000980   Section        0  encoder.o(i.Encoderinit)
    i.Error_Handler                          0x080009d8   Section        0  main.o(i.Error_Handler)
    i.ForwardandBackward                     0x080009dc   Section        0  gpio.o(i.ForwardandBackward)
    i.Frontleft_STOP                         0x08000a30   Section        0  gpio.o(i.Frontleft_STOP)
    i.Frontleft_backward                     0x08000a54   Section        0  gpio.o(i.Frontleft_backward)
    i.Frontleft_forward                      0x08000a80   Section        0  gpio.o(i.Frontleft_forward)
    i.Frontright_STOP                        0x08000ab0   Section        0  gpio.o(i.Frontright_STOP)
    i.Frontright_backward                    0x08000ad0   Section        0  gpio.o(i.Frontright_backward)
    i.Frontright_forward                     0x08000afc   Section        0  gpio.o(i.Frontright_forward)
    i.GetEncoderPulse                        0x08000b28   Section        0  encoder.o(i.GetEncoderPulse)
    i.HAL_DMA_Abort                          0x08000b78   Section        0  stm32f1xx_hal_dma.o(i.HAL_DMA_Abort)
    i.HAL_DMA_Abort_IT                       0x08000bc0   Section        0  stm32f1xx_hal_dma.o(i.HAL_DMA_Abort_IT)
    i.HAL_DMA_IRQHandler                     0x08000cf0   Section        0  stm32f1xx_hal_dma.o(i.HAL_DMA_IRQHandler)
    i.HAL_DMA_Init                           0x08000f38   Section        0  stm32f1xx_hal_dma.o(i.HAL_DMA_Init)
    i.HAL_Delay                              0x08000fb4   Section        0  stm32f1xx_hal.o(i.HAL_Delay)
    i.HAL_GPIO_Init                          0x08000fd8   Section        0  stm32f1xx_hal_gpio.o(i.HAL_GPIO_Init)
    i.HAL_GPIO_ReadPin                       0x080011d0   Section        0  stm32f1xx_hal_gpio.o(i.HAL_GPIO_ReadPin)
    i.HAL_GPIO_WritePin                      0x080011da   Section        0  stm32f1xx_hal_gpio.o(i.HAL_GPIO_WritePin)
    i.HAL_GetTick                            0x080011e4   Section        0  stm32f1xx_hal.o(i.HAL_GetTick)
    i.HAL_I2C_Init                           0x080011f0   Section        0  stm32f1xx_hal_i2c.o(i.HAL_I2C_Init)
    i.HAL_I2C_Mem_Write                      0x08001378   Section        0  stm32f1xx_hal_i2c.o(i.HAL_I2C_Mem_Write)
    i.HAL_I2C_MspInit                        0x080014a8   Section        0  i2c.o(i.HAL_I2C_MspInit)
    i.HAL_IncTick                            0x080015b0   Section        0  stm32f1xx_hal.o(i.HAL_IncTick)
    i.HAL_Init                               0x080015c0   Section        0  stm32f1xx_hal.o(i.HAL_Init)
    i.HAL_InitTick                           0x080015e4   Section        0  stm32f1xx_hal.o(i.HAL_InitTick)
    i.HAL_MspInit                            0x08001624   Section        0  stm32f1xx_hal_msp.o(i.HAL_MspInit)
    i.HAL_NVIC_EnableIRQ                     0x08001660   Section        0  stm32f1xx_hal_cortex.o(i.HAL_NVIC_EnableIRQ)
    i.HAL_NVIC_SetPriority                   0x0800167c   Section        0  stm32f1xx_hal_cortex.o(i.HAL_NVIC_SetPriority)
    i.HAL_NVIC_SetPriorityGrouping           0x080016bc   Section        0  stm32f1xx_hal_cortex.o(i.HAL_NVIC_SetPriorityGrouping)
    i.HAL_RCC_ClockConfig                    0x080016e0   Section        0  stm32f1xx_hal_rcc.o(i.HAL_RCC_ClockConfig)
    i.HAL_RCC_GetPCLK1Freq                   0x0800180c   Section        0  stm32f1xx_hal_rcc.o(i.HAL_RCC_GetPCLK1Freq)
    i.HAL_RCC_GetPCLK2Freq                   0x0800182c   Section        0  stm32f1xx_hal_rcc.o(i.HAL_RCC_GetPCLK2Freq)
    i.HAL_RCC_GetSysClockFreq                0x0800184c   Section        0  stm32f1xx_hal_rcc.o(i.HAL_RCC_GetSysClockFreq)
    i.HAL_RCC_OscConfig                      0x080018b8   Section        0  stm32f1xx_hal_rcc.o(i.HAL_RCC_OscConfig)
    i.HAL_SYSTICK_Config                     0x08001bd8   Section        0  stm32f1xx_hal_cortex.o(i.HAL_SYSTICK_Config)
    i.HAL_TIMEx_BreakCallback                0x08001c00   Section        0  stm32f1xx_hal_tim_ex.o(i.HAL_TIMEx_BreakCallback)
    i.HAL_TIMEx_CommutCallback               0x08001c02   Section        0  stm32f1xx_hal_tim_ex.o(i.HAL_TIMEx_CommutCallback)
    i.HAL_TIMEx_ConfigBreakDeadTime          0x08001c04   Section        0  stm32f1xx_hal_tim_ex.o(i.HAL_TIMEx_ConfigBreakDeadTime)
    i.HAL_TIMEx_MasterConfigSynchronization  0x08001c58   Section        0  stm32f1xx_hal_tim_ex.o(i.HAL_TIMEx_MasterConfigSynchronization)
    i.HAL_TIM_Base_Init                      0x08001cd4   Section        0  stm32f1xx_hal_tim.o(i.HAL_TIM_Base_Init)
    i.HAL_TIM_Base_MspInit                   0x08001d30   Section        0  tim.o(i.HAL_TIM_Base_MspInit)
    i.HAL_TIM_Base_Start_IT                  0x08001d84   Section        0  stm32f1xx_hal_tim.o(i.HAL_TIM_Base_Start_IT)
    i.HAL_TIM_ConfigClockSource              0x08001df0   Section        0  stm32f1xx_hal_tim.o(i.HAL_TIM_ConfigClockSource)
    i.HAL_TIM_Encoder_Init                   0x08001ec6   Section        0  stm32f1xx_hal_tim.o(i.HAL_TIM_Encoder_Init)
    i.HAL_TIM_Encoder_MspInit                0x08001f6c   Section        0  tim.o(i.HAL_TIM_Encoder_MspInit)
    i.HAL_TIM_Encoder_Start                  0x080020e4   Section        0  stm32f1xx_hal_tim.o(i.HAL_TIM_Encoder_Start)
    i.HAL_TIM_Encoder_Start_IT               0x08002172   Section        0  stm32f1xx_hal_tim.o(i.HAL_TIM_Encoder_Start_IT)
    i.HAL_TIM_IC_CaptureCallback             0x08002228   Section        0  stm32f1xx_hal_tim.o(i.HAL_TIM_IC_CaptureCallback)
    i.HAL_TIM_IRQHandler                     0x0800222a   Section        0  stm32f1xx_hal_tim.o(i.HAL_TIM_IRQHandler)
    i.HAL_TIM_MspPostInit                    0x08002390   Section        0  tim.o(i.HAL_TIM_MspPostInit)
    i.HAL_TIM_OC_ConfigChannel               0x0800240c   Section        0  stm32f1xx_hal_tim.o(i.HAL_TIM_OC_ConfigChannel)
    i.HAL_TIM_OC_DelayElapsedCallback        0x08002458   Section        0  stm32f1xx_hal_tim.o(i.HAL_TIM_OC_DelayElapsedCallback)
    i.HAL_TIM_OC_Init                        0x0800245a   Section        0  stm32f1xx_hal_tim.o(i.HAL_TIM_OC_Init)
    i.HAL_TIM_OC_MspInit                     0x080024b4   Section        0  stm32f1xx_hal_tim.o(i.HAL_TIM_OC_MspInit)
    i.HAL_TIM_PWM_ConfigChannel              0x080024b6   Section        0  stm32f1xx_hal_tim.o(i.HAL_TIM_PWM_ConfigChannel)
    i.HAL_TIM_PWM_Init                       0x0800257c   Section        0  stm32f1xx_hal_tim.o(i.HAL_TIM_PWM_Init)
    i.HAL_TIM_PWM_MspInit                    0x080025d8   Section        0  tim.o(i.HAL_TIM_PWM_MspInit)
    i.HAL_TIM_PWM_PulseFinishedCallback      0x08002600   Section        0  stm32f1xx_hal_tim.o(i.HAL_TIM_PWM_PulseFinishedCallback)
    i.HAL_TIM_PWM_Start                      0x08002604   Section        0  stm32f1xx_hal_tim.o(i.HAL_TIM_PWM_Start)
    i.HAL_TIM_PeriodElapsedCallback          0x080026b8   Section        0  main.o(i.HAL_TIM_PeriodElapsedCallback)
    i.HAL_TIM_TriggerCallback                0x080026c8   Section        0  stm32f1xx_hal_tim.o(i.HAL_TIM_TriggerCallback)
    i.HAL_UARTEx_RxEventCallback             0x080026ca   Section        0  stm32f1xx_hal_uart.o(i.HAL_UARTEx_RxEventCallback)
    i.HAL_UART_ErrorCallback                 0x080026cc   Section        0  stm32f1xx_hal_uart.o(i.HAL_UART_ErrorCallback)
    i.HAL_UART_IRQHandler                    0x080026d0   Section        0  stm32f1xx_hal_uart.o(i.HAL_UART_IRQHandler)
    i.HAL_UART_Init                          0x080028dc   Section        0  stm32f1xx_hal_uart.o(i.HAL_UART_Init)
    i.HAL_UART_MspInit                       0x08002940   Section        0  usart.o(i.HAL_UART_MspInit)
    i.HAL_UART_Receive_IT                    0x08002a34   Section        0  stm32f1xx_hal_uart.o(i.HAL_UART_Receive_IT)
    i.HAL_UART_RxCpltCallback                0x08002a60   Section        0  main.o(i.HAL_UART_RxCpltCallback)
    i.HAL_UART_Transmit                      0x08002b30   Section        0  stm32f1xx_hal_uart.o(i.HAL_UART_Transmit)
    i.HAL_UART_TxCpltCallback                0x08002be2   Section        0  stm32f1xx_hal_uart.o(i.HAL_UART_TxCpltCallback)
    i.HardFault_Handler                      0x08002be4   Section        0  stm32f1xx_it.o(i.HardFault_Handler)
    i.I2C_IsAcknowledgeFailed                0x08002be6   Section        0  stm32f1xx_hal_i2c.o(i.I2C_IsAcknowledgeFailed)
    I2C_IsAcknowledgeFailed                  0x08002be7   Thumb Code    46  stm32f1xx_hal_i2c.o(i.I2C_IsAcknowledgeFailed)
    i.I2C_RequestMemoryWrite                 0x08002c14   Section        0  stm32f1xx_hal_i2c.o(i.I2C_RequestMemoryWrite)
    I2C_RequestMemoryWrite                   0x08002c15   Thumb Code   162  stm32f1xx_hal_i2c.o(i.I2C_RequestMemoryWrite)
    i.I2C_WaitOnBTFFlagUntilTimeout          0x08002cbc   Section        0  stm32f1xx_hal_i2c.o(i.I2C_WaitOnBTFFlagUntilTimeout)
    I2C_WaitOnBTFFlagUntilTimeout            0x08002cbd   Thumb Code    76  stm32f1xx_hal_i2c.o(i.I2C_WaitOnBTFFlagUntilTimeout)
    i.I2C_WaitOnFlagUntilTimeout             0x08002d08   Section        0  stm32f1xx_hal_i2c.o(i.I2C_WaitOnFlagUntilTimeout)
    I2C_WaitOnFlagUntilTimeout               0x08002d09   Thumb Code   104  stm32f1xx_hal_i2c.o(i.I2C_WaitOnFlagUntilTimeout)
    i.I2C_WaitOnMasterAddressFlagUntilTimeout 0x08002d70   Section        0  stm32f1xx_hal_i2c.o(i.I2C_WaitOnMasterAddressFlagUntilTimeout)
    I2C_WaitOnMasterAddressFlagUntilTimeout  0x08002d71   Thumb Code   150  stm32f1xx_hal_i2c.o(i.I2C_WaitOnMasterAddressFlagUntilTimeout)
    i.I2C_WaitOnTXEFlagUntilTimeout          0x08002e06   Section        0  stm32f1xx_hal_i2c.o(i.I2C_WaitOnTXEFlagUntilTimeout)
    I2C_WaitOnTXEFlagUntilTimeout            0x08002e07   Thumb Code    76  stm32f1xx_hal_i2c.o(i.I2C_WaitOnTXEFlagUntilTimeout)
    i.LeftandRightRotation                   0x08002e52   Section        0  gpio.o(i.LeftandRightRotation)
    i.MX_DMA_Init                            0x08002ea4   Section        0  dma.o(i.MX_DMA_Init)
    i.MX_GPIO_Init                           0x08002ee0   Section        0  gpio.o(i.MX_GPIO_Init)
    i.MX_I2C1_Init                           0x08002fc0   Section        0  i2c.o(i.MX_I2C1_Init)
    i.MX_I2C2_Init                           0x08003000   Section        0  i2c.o(i.MX_I2C2_Init)
    i.MX_TIM1_Init                           0x08003040   Section        0  tim.o(i.MX_TIM1_Init)
    i.MX_TIM2_Init                           0x08003114   Section        0  tim.o(i.MX_TIM2_Init)
    i.MX_TIM3_Init                           0x08003180   Section        0  tim.o(i.MX_TIM3_Init)
    i.MX_TIM4_Init                           0x080031ec   Section        0  tim.o(i.MX_TIM4_Init)
    i.MX_TIM5_Init                           0x08003258   Section        0  tim.o(i.MX_TIM5_Init)
    i.MX_TIM6_Init                           0x080032c4   Section        0  tim.o(i.MX_TIM6_Init)
    i.MX_TIM8_Init                           0x08003308   Section        0  tim.o(i.MX_TIM8_Init)
    i.MX_USART2_UART_Init                    0x08003404   Section        0  usart.o(i.MX_USART2_UART_Init)
    i.MX_USART3_UART_Init                    0x0800343c   Section        0  usart.o(i.MX_USART3_UART_Init)
    i.MemManage_Handler                      0x08003474   Section        0  stm32f1xx_it.o(i.MemManage_Handler)
    i.Motor_Set_Pwm                          0x08003478   Section        0  gpio.o(i.Motor_Set_Pwm)
    i.NMI_Handler                            0x08003570   Section        0  stm32f1xx_it.o(i.NMI_Handler)
    i.OLED_Fill                              0x08003574   Section        0  oled.o(i.OLED_Fill)
    i.OLED_Init                              0x080035ac   Section        0  oled.o(i.OLED_Init)
    i.OLED_Set_Pos                           0x08003660   Section        0  oled.o(i.OLED_Set_Pos)
    i.OLED_ShowString                        0x08003688   Section        0  oled.o(i.OLED_ShowString)
    i.PendSV_Handler                         0x08003760   Section        0  stm32f1xx_it.o(i.PendSV_Handler)
    i.STOPALL                                0x08003762   Section        0  gpio.o(i.STOPALL)
    i.SVC_Handler                            0x08003778   Section        0  stm32f1xx_it.o(i.SVC_Handler)
    i.SysTick_Handler                        0x0800377a   Section        0  stm32f1xx_it.o(i.SysTick_Handler)
    i.SystemClock_Config                     0x0800377e   Section        0  main.o(i.SystemClock_Config)
    i.SystemInit                             0x080037dc   Section        0  system_stm32f1xx.o(i.SystemInit)
    i.TIM2_IRQHandler                        0x080037e0   Section        0  stm32f1xx_it.o(i.TIM2_IRQHandler)
    i.TIM3_IRQHandler                        0x080037ec   Section        0  stm32f1xx_it.o(i.TIM3_IRQHandler)
    i.TIM4_IRQHandler                        0x080037f8   Section        0  stm32f1xx_it.o(i.TIM4_IRQHandler)
    i.TIM5_IRQHandler                        0x08003804   Section        0  stm32f1xx_it.o(i.TIM5_IRQHandler)
    i.TIM6_IRQHandler                        0x08003810   Section        0  stm32f1xx_it.o(i.TIM6_IRQHandler)
    i.TIM_Base_SetConfig                     0x0800381c   Section        0  stm32f1xx_hal_tim.o(i.TIM_Base_SetConfig)
    i.TIM_CCxChannelCmd                      0x080038a8   Section        0  stm32f1xx_hal_tim.o(i.TIM_CCxChannelCmd)
    i.TIM_ETR_SetConfig                      0x080038c2   Section        0  stm32f1xx_hal_tim.o(i.TIM_ETR_SetConfig)
    i.TIM_ITRx_SetConfig                     0x080038d6   Section        0  stm32f1xx_hal_tim.o(i.TIM_ITRx_SetConfig)
    TIM_ITRx_SetConfig                       0x080038d7   Thumb Code    16  stm32f1xx_hal_tim.o(i.TIM_ITRx_SetConfig)
    i.TIM_OC1_SetConfig                      0x080038e8   Section        0  stm32f1xx_hal_tim.o(i.TIM_OC1_SetConfig)
    TIM_OC1_SetConfig                        0x080038e9   Thumb Code    88  stm32f1xx_hal_tim.o(i.TIM_OC1_SetConfig)
    i.TIM_OC2_SetConfig                      0x08003948   Section        0  stm32f1xx_hal_tim.o(i.TIM_OC2_SetConfig)
    i.TIM_OC3_SetConfig                      0x080039b4   Section        0  stm32f1xx_hal_tim.o(i.TIM_OC3_SetConfig)
    TIM_OC3_SetConfig                        0x080039b5   Thumb Code    96  stm32f1xx_hal_tim.o(i.TIM_OC3_SetConfig)
    i.TIM_OC4_SetConfig                      0x08003a1c   Section        0  stm32f1xx_hal_tim.o(i.TIM_OC4_SetConfig)
    TIM_OC4_SetConfig                        0x08003a1d   Thumb Code    70  stm32f1xx_hal_tim.o(i.TIM_OC4_SetConfig)
    i.TIM_TI1_ConfigInputStage               0x08003a6c   Section        0  stm32f1xx_hal_tim.o(i.TIM_TI1_ConfigInputStage)
    TIM_TI1_ConfigInputStage                 0x08003a6d   Thumb Code    34  stm32f1xx_hal_tim.o(i.TIM_TI1_ConfigInputStage)
    i.TIM_TI2_ConfigInputStage               0x08003a8e   Section        0  stm32f1xx_hal_tim.o(i.TIM_TI2_ConfigInputStage)
    TIM_TI2_ConfigInputStage                 0x08003a8f   Thumb Code    36  stm32f1xx_hal_tim.o(i.TIM_TI2_ConfigInputStage)
    i.UART_DMAAbortOnError                   0x08003ab2   Section        0  stm32f1xx_hal_uart.o(i.UART_DMAAbortOnError)
    UART_DMAAbortOnError                     0x08003ab3   Thumb Code    16  stm32f1xx_hal_uart.o(i.UART_DMAAbortOnError)
    i.UART_EndRxTransfer                     0x08003ac2   Section        0  stm32f1xx_hal_uart.o(i.UART_EndRxTransfer)
    UART_EndRxTransfer                       0x08003ac3   Thumb Code    48  stm32f1xx_hal_uart.o(i.UART_EndRxTransfer)
    i.UART_Receive_IT                        0x08003af2   Section        0  stm32f1xx_hal_uart.o(i.UART_Receive_IT)
    UART_Receive_IT                          0x08003af3   Thumb Code   182  stm32f1xx_hal_uart.o(i.UART_Receive_IT)
    i.UART_SetConfig                         0x08003ba8   Section        0  stm32f1xx_hal_uart.o(i.UART_SetConfig)
    UART_SetConfig                           0x08003ba9   Thumb Code   178  stm32f1xx_hal_uart.o(i.UART_SetConfig)
    i.UART_Start_Receive_IT                  0x08003c60   Section        0  stm32f1xx_hal_uart.o(i.UART_Start_Receive_IT)
    i.UART_WaitOnFlagUntilTimeout            0x08003c96   Section        0  stm32f1xx_hal_uart.o(i.UART_WaitOnFlagUntilTimeout)
    UART_WaitOnFlagUntilTimeout              0x08003c97   Thumb Code   100  stm32f1xx_hal_uart.o(i.UART_WaitOnFlagUntilTimeout)
    i.USART2_IRQHandler                      0x08003cfc   Section        0  stm32f1xx_it.o(i.USART2_IRQHandler)
    i.USART3_IRQHandler                      0x08003d08   Section        0  stm32f1xx_it.o(i.USART3_IRQHandler)
    i.UsageFault_Handler                     0x08003d14   Section        0  stm32f1xx_it.o(i.UsageFault_Handler)
    i.WriteCmd                               0x08003d18   Section        0  oled.o(i.WriteCmd)
    i.WriteDat                               0x08003d3c   Section        0  oled.o(i.WriteDat)
    i.__0sprintf                             0x08003d60   Section        0  printfa.o(i.__0sprintf)
    i.__NVIC_SetPriority                     0x08003d88   Section        0  stm32f1xx_hal_cortex.o(i.__NVIC_SetPriority)
    __NVIC_SetPriority                       0x08003d89   Thumb Code    32  stm32f1xx_hal_cortex.o(i.__NVIC_SetPriority)
    i.__scatterload_copy                     0x08003da8   Section       14  handlers.o(i.__scatterload_copy)
    i.__scatterload_null                     0x08003db6   Section        2  handlers.o(i.__scatterload_null)
    i.__scatterload_zeroinit                 0x08003db8   Section       14  handlers.o(i.__scatterload_zeroinit)
    i._fp_digits                             0x08003dc8   Section        0  printfa.o(i._fp_digits)
    _fp_digits                               0x08003dc9   Thumb Code   334  printfa.o(i._fp_digits)
    i._printf_core                           0x08003f2c   Section        0  printfa.o(i._printf_core)
    _printf_core                             0x08003f2d   Thumb Code  1744  printfa.o(i._printf_core)
    i._printf_post_padding                   0x08004608   Section        0  printfa.o(i._printf_post_padding)
    _printf_post_padding                     0x08004609   Thumb Code    36  printfa.o(i._printf_post_padding)
    i._printf_pre_padding                    0x0800462c   Section        0  printfa.o(i._printf_pre_padding)
    _printf_pre_padding                      0x0800462d   Thumb Code    46  printfa.o(i._printf_pre_padding)
    i._sputc                                 0x0800465a   Section        0  printfa.o(i._sputc)
    _sputc                                   0x0800465b   Thumb Code    10  printfa.o(i._sputc)
    i.keyscan                                0x08004664   Section        0  gpio.o(i.keyscan)
    i.main                                   0x08004744   Section        0  main.o(i.main)
    i.motorpwminit                           0x08004918   Section        0  gpio.o(i.motorpwminit)
    i.speedcaculate                          0x08004944   Section        0  encoder.o(i.speedcaculate)
    .constdata                               0x08004a18   Section     2072  oled.o(.constdata)
    .constdata                               0x08005230   Section       16  system_stm32f1xx.o(.constdata)
    .constdata                               0x08005240   Section        8  system_stm32f1xx.o(.constdata)
    .data                                    0x20000000   Section       40  encoder.o(.data)
    .data                                    0x20000028   Section        1  main.o(.data)
    .data                                    0x2000002c   Section        4  gpio.o(.data)
    .data                                    0x20000030   Section       12  stm32f1xx_hal.o(.data)
    .data                                    0x2000003c   Section        4  system_stm32f1xx.o(.data)
    .bss                                     0x20000040   Section       80  main.o(.bss)
    .bss                                     0x20000090   Section      304  i2c.o(.bss)
    .bss                                     0x200001c0   Section      504  tim.o(.bss)
    .bss                                     0x200003b8   Section      136  usart.o(.bss)
    STACK                                    0x20000440   Section     1024  startup_stm32f103xe.o(STACK)

    Global Symbols

    Symbol Name                              Value     Ov Type        Size  Object(Section)

    BuildAttributes$$THM_ISAv4$P$D$K$B$S$PE$A:L22UL41UL21$X:L11$S22US41US21$IEEE1$IW$USESV6$~STKCKD$USESV7$~SHL$OTIME$ROPI$EBA8$MICROLIB$REQ8$PRES8$EABIv2 0x00000000   Number         0  anon$$obj.o ABSOLUTE
    __ARM_use_no_argv                        0x00000000   Number         0  main.o ABSOLUTE
    __use_no_errno                           0x00000000   Number         0  useno.o ABSOLUTE
    __use_no_exception_handling              0x00000000   Number         0  useno.o ABSOLUTE
    __use_no_fp                              0x00000000   Number         0  useno.o ABSOLUTE
    __use_no_heap                            0x00000000   Number         0  useno.o ABSOLUTE
    __use_no_heap_region                     0x00000000   Number         0  useno.o ABSOLUTE
    __use_no_semihosting                     0x00000000   Number         0  useno.o ABSOLUTE
    __use_no_semihosting_swi                 0x00000000   Number         0  useno.o ABSOLUTE
    __use_no_signal_handling                 0x00000000   Number         0  useno.o ABSOLUTE
    _printf_a                                0x00000000   Number         0  stubs.o ABSOLUTE
    _printf_c                                0x00000000   Number         0  stubs.o ABSOLUTE
    _printf_charcount                        0x00000000   Number         0  stubs.o ABSOLUTE
    _printf_d                                0x00000000   Number         0  stubs.o ABSOLUTE
    _printf_e                                0x00000000   Number         0  stubs.o ABSOLUTE
    _printf_f                                0x00000000   Number         0  stubs.o ABSOLUTE
    _printf_flags                            0x00000000   Number         0  stubs.o ABSOLUTE
    _printf_fp_dec                           0x00000000   Number         0  stubs.o ABSOLUTE
    _printf_fp_hex                           0x00000000   Number         0  stubs.o ABSOLUTE
    _printf_g                                0x00000000   Number         0  stubs.o ABSOLUTE
    _printf_i                                0x00000000   Number         0  stubs.o ABSOLUTE
    _printf_int_dec                          0x00000000   Number         0  stubs.o ABSOLUTE
    _printf_l                                0x00000000   Number         0  stubs.o ABSOLUTE
    _printf_lc                               0x00000000   Number         0  stubs.o ABSOLUTE
    _printf_ll                               0x00000000   Number         0  stubs.o ABSOLUTE
    _printf_lld                              0x00000000   Number         0  stubs.o ABSOLUTE
    _printf_lli                              0x00000000   Number         0  stubs.o ABSOLUTE
    _printf_llo                              0x00000000   Number         0  stubs.o ABSOLUTE
    _printf_llu                              0x00000000   Number         0  stubs.o ABSOLUTE
    _printf_llx                              0x00000000   Number         0  stubs.o ABSOLUTE
    _printf_longlong_dec                     0x00000000   Number         0  stubs.o ABSOLUTE
    _printf_longlong_hex                     0x00000000   Number         0  stubs.o ABSOLUTE
    _printf_longlong_oct                     0x00000000   Number         0  stubs.o ABSOLUTE
    _printf_ls                               0x00000000   Number         0  stubs.o ABSOLUTE
    _printf_mbtowc                           0x00000000   Number         0  stubs.o ABSOLUTE
    _printf_n                                0x00000000   Number         0  stubs.o ABSOLUTE
    _printf_o                                0x00000000   Number         0  stubs.o ABSOLUTE
    _printf_p                                0x00000000   Number         0  stubs.o ABSOLUTE
    _printf_percent                          0x00000000   Number         0  stubs.o ABSOLUTE
    _printf_pre_padding                      0x00000000   Number         0  stubs.o ABSOLUTE
    _printf_return_value                     0x00000000   Number         0  stubs.o ABSOLUTE
    _printf_s                                0x00000000   Number         0  stubs.o ABSOLUTE
    _printf_sizespec                         0x00000000   Number         0  stubs.o ABSOLUTE
    _printf_str                              0x00000000   Number         0  stubs.o ABSOLUTE
    _printf_truncate_signed                  0x00000000   Number         0  stubs.o ABSOLUTE
    _printf_truncate_unsigned                0x00000000   Number         0  stubs.o ABSOLUTE
    _printf_u                                0x00000000   Number         0  stubs.o ABSOLUTE
    _printf_wc                               0x00000000   Number         0  stubs.o ABSOLUTE
    _printf_wctomb                           0x00000000   Number         0  stubs.o ABSOLUTE
    _printf_widthprec                        0x00000000   Number         0  stubs.o ABSOLUTE
    _printf_x                                0x00000000   Number         0  stubs.o ABSOLUTE
    __cpp_initialize__aeabi_                  - Undefined Weak Reference
    __cxa_finalize                            - Undefined Weak Reference
    __decompress                              - Undefined Weak Reference
    _clock_init                               - Undefined Weak Reference
    _microlib_exit                            - Undefined Weak Reference
    __Vectors_Size                           0x00000130   Number         0  startup_stm32f103xe.o ABSOLUTE
    __Vectors                                0x08000000   Data           4  startup_stm32f103xe.o(RESET)
    __Vectors_End                            0x08000130   Data           0  startup_stm32f103xe.o(RESET)
    __main                                   0x08000131   Thumb Code     0  entry.o(.ARM.Collect$$$$00000000)
    _main_stk                                0x08000131   Thumb Code     0  entry2.o(.ARM.Collect$$$$00000001)
    _main_scatterload                        0x08000135   Thumb Code     0  entry5.o(.ARM.Collect$$$$00000004)
    __main_after_scatterload                 0x08000139   Thumb Code     0  entry5.o(.ARM.Collect$$$$00000004)
    _main_clock                              0x08000139   Thumb Code     0  entry7b.o(.ARM.Collect$$$$00000008)
    _main_cpp_init                           0x08000139   Thumb Code     0  entry8b.o(.ARM.Collect$$$$0000000A)
    _main_init                               0x08000139   Thumb Code     0  entry9a.o(.ARM.Collect$$$$0000000B)
    __rt_final_cpp                           0x08000141   Thumb Code     0  entry10a.o(.ARM.Collect$$$$0000000D)
    __rt_final_exit                          0x08000141   Thumb Code     0  entry11a.o(.ARM.Collect$$$$0000000F)
    Reset_Handler                            0x08000145   Thumb Code     8  startup_stm32f103xe.o(.text)
    ADC1_2_IRQHandler                        0x0800015f   Thumb Code     0  startup_stm32f103xe.o(.text)
    ADC3_IRQHandler                          0x0800015f   Thumb Code     0  startup_stm32f103xe.o(.text)
    CAN1_RX1_IRQHandler                      0x0800015f   Thumb Code     0  startup_stm32f103xe.o(.text)
    CAN1_SCE_IRQHandler                      0x0800015f   Thumb Code     0  startup_stm32f103xe.o(.text)
    DMA1_Channel1_IRQHandler                 0x0800015f   Thumb Code     0  startup_stm32f103xe.o(.text)
    DMA1_Channel2_IRQHandler                 0x0800015f   Thumb Code     0  startup_stm32f103xe.o(.text)
    DMA1_Channel3_IRQHandler                 0x0800015f   Thumb Code     0  startup_stm32f103xe.o(.text)
    DMA1_Channel4_IRQHandler                 0x0800015f   Thumb Code     0  startup_stm32f103xe.o(.text)
    DMA1_Channel5_IRQHandler                 0x0800015f   Thumb Code     0  startup_stm32f103xe.o(.text)
    DMA2_Channel1_IRQHandler                 0x0800015f   Thumb Code     0  startup_stm32f103xe.o(.text)
    DMA2_Channel2_IRQHandler                 0x0800015f   Thumb Code     0  startup_stm32f103xe.o(.text)
    DMA2_Channel3_IRQHandler                 0x0800015f   Thumb Code     0  startup_stm32f103xe.o(.text)
    DMA2_Channel4_5_IRQHandler               0x0800015f   Thumb Code     0  startup_stm32f103xe.o(.text)
    EXTI0_IRQHandler                         0x0800015f   Thumb Code     0  startup_stm32f103xe.o(.text)
    EXTI15_10_IRQHandler                     0x0800015f   Thumb Code     0  startup_stm32f103xe.o(.text)
    EXTI1_IRQHandler                         0x0800015f   Thumb Code     0  startup_stm32f103xe.o(.text)
    EXTI2_IRQHandler                         0x0800015f   Thumb Code     0  startup_stm32f103xe.o(.text)
    EXTI3_IRQHandler                         0x0800015f   Thumb Code     0  startup_stm32f103xe.o(.text)
    EXTI4_IRQHandler                         0x0800015f   Thumb Code     0  startup_stm32f103xe.o(.text)
    EXTI9_5_IRQHandler                       0x0800015f   Thumb Code     0  startup_stm32f103xe.o(.text)
    FLASH_IRQHandler                         0x0800015f   Thumb Code     0  startup_stm32f103xe.o(.text)
    FSMC_IRQHandler                          0x0800015f   Thumb Code     0  startup_stm32f103xe.o(.text)
    I2C1_ER_IRQHandler                       0x0800015f   Thumb Code     0  startup_stm32f103xe.o(.text)
    I2C1_EV_IRQHandler                       0x0800015f   Thumb Code     0  startup_stm32f103xe.o(.text)
    I2C2_ER_IRQHandler                       0x0800015f   Thumb Code     0  startup_stm32f103xe.o(.text)
    I2C2_EV_IRQHandler                       0x0800015f   Thumb Code     0  startup_stm32f103xe.o(.text)
    PVD_IRQHandler                           0x0800015f   Thumb Code     0  startup_stm32f103xe.o(.text)
    RCC_IRQHandler                           0x0800015f   Thumb Code     0  startup_stm32f103xe.o(.text)
    RTC_Alarm_IRQHandler                     0x0800015f   Thumb Code     0  startup_stm32f103xe.o(.text)
    RTC_IRQHandler                           0x0800015f   Thumb Code     0  startup_stm32f103xe.o(.text)
    SDIO_IRQHandler                          0x0800015f   Thumb Code     0  startup_stm32f103xe.o(.text)
    SPI1_IRQHandler                          0x0800015f   Thumb Code     0  startup_stm32f103xe.o(.text)
    SPI2_IRQHandler                          0x0800015f   Thumb Code     0  startup_stm32f103xe.o(.text)
    SPI3_IRQHandler                          0x0800015f   Thumb Code     0  startup_stm32f103xe.o(.text)
    TAMPER_IRQHandler                        0x0800015f   Thumb Code     0  startup_stm32f103xe.o(.text)
    TIM1_BRK_IRQHandler                      0x0800015f   Thumb Code     0  startup_stm32f103xe.o(.text)
    TIM1_CC_IRQHandler                       0x0800015f   Thumb Code     0  startup_stm32f103xe.o(.text)
    TIM1_TRG_COM_IRQHandler                  0x0800015f   Thumb Code     0  startup_stm32f103xe.o(.text)
    TIM1_UP_IRQHandler                       0x0800015f   Thumb Code     0  startup_stm32f103xe.o(.text)
    TIM7_IRQHandler                          0x0800015f   Thumb Code     0  startup_stm32f103xe.o(.text)
    TIM8_BRK_IRQHandler                      0x0800015f   Thumb Code     0  startup_stm32f103xe.o(.text)
    TIM8_CC_IRQHandler                       0x0800015f   Thumb Code     0  startup_stm32f103xe.o(.text)
    TIM8_TRG_COM_IRQHandler                  0x0800015f   Thumb Code     0  startup_stm32f103xe.o(.text)
    TIM8_UP_IRQHandler                       0x0800015f   Thumb Code     0  startup_stm32f103xe.o(.text)
    UART4_IRQHandler                         0x0800015f   Thumb Code     0  startup_stm32f103xe.o(.text)
    UART5_IRQHandler                         0x0800015f   Thumb Code     0  startup_stm32f103xe.o(.text)
    USART1_IRQHandler                        0x0800015f   Thumb Code     0  startup_stm32f103xe.o(.text)
    USBWakeUp_IRQHandler                     0x0800015f   Thumb Code     0  startup_stm32f103xe.o(.text)
    USB_HP_CAN1_TX_IRQHandler                0x0800015f   Thumb Code     0  startup_stm32f103xe.o(.text)
    USB_LP_CAN1_RX0_IRQHandler               0x0800015f   Thumb Code     0  startup_stm32f103xe.o(.text)
    WWDG_IRQHandler                          0x0800015f   Thumb Code     0  startup_stm32f103xe.o(.text)
    __aeabi_llsr                             0x08000169   Thumb Code    32  llushr.o(.text)
    _ll_ushift_r                             0x08000169   Thumb Code     0  llushr.o(.text)
    __aeabi_memset                           0x08000189   Thumb Code    14  memseta.o(.text)
    __aeabi_memset4                          0x08000189   Thumb Code     0  memseta.o(.text)
    __aeabi_memset8                          0x08000189   Thumb Code     0  memseta.o(.text)
    __aeabi_memclr                           0x08000197   Thumb Code     4  memseta.o(.text)
    __aeabi_memclr4                          0x08000197   Thumb Code     0  memseta.o(.text)
    __aeabi_memclr8                          0x08000197   Thumb Code     0  memseta.o(.text)
    _memset$wrapper                          0x0800019b   Thumb Code    18  memseta.o(.text)
    __aeabi_fdiv                             0x080001ad   Thumb Code   124  fdiv.o(.text)
    __aeabi_dmul                             0x08000229   Thumb Code   228  dmul.o(.text)
    __aeabi_ddiv                             0x0800030d   Thumb Code   222  ddiv.o(.text)
    __aeabi_i2f                              0x080003eb   Thumb Code    18  fflti.o(.text)
    __aeabi_f2d                              0x080003fd   Thumb Code    38  f2d.o(.text)
    __aeabi_d2f                              0x08000423   Thumb Code    56  d2f.o(.text)
    __aeabi_uidiv                            0x0800045b   Thumb Code     0  uidiv.o(.text)
    __aeabi_uidivmod                         0x0800045b   Thumb Code    44  uidiv.o(.text)
    __aeabi_uldivmod                         0x08000487   Thumb Code    98  uldiv.o(.text)
    __I$use$fp                               0x080004e9   Thumb Code     0  iusefp.o(.text)
    _float_round                             0x080004e9   Thumb Code    18  fepilogue.o(.text)
    _float_epilogue                          0x080004fb   Thumb Code    92  fepilogue.o(.text)
    _double_round                            0x08000557   Thumb Code    30  depilogue.o(.text)
    _double_epilogue                         0x08000575   Thumb Code   156  depilogue.o(.text)
    __aeabi_dadd                             0x08000611   Thumb Code   322  dadd.o(.text)
    __aeabi_dsub                             0x08000753   Thumb Code     6  dadd.o(.text)
    __aeabi_drsub                            0x08000759   Thumb Code     6  dadd.o(.text)
    __aeabi_d2ulz                            0x0800075f   Thumb Code    48  dfixul.o(.text)
    __aeabi_cdrcmple                         0x08000791   Thumb Code    48  cdrcmple.o(.text)
    __scatterload                            0x080007c1   Thumb Code    28  init.o(.text)
    __scatterload_rt2                        0x080007c1   Thumb Code     0  init.o(.text)
    __aeabi_llsl                             0x080007e5   Thumb Code    30  llshl.o(.text)
    _ll_shift_l                              0x080007e5   Thumb Code     0  llshl.o(.text)
    __aeabi_lasr                             0x08000803   Thumb Code    36  llsshr.o(.text)
    _ll_sshift_r                             0x08000803   Thumb Code     0  llsshr.o(.text)
    Backleft_STOP                            0x08000829   Thumb Code    28  gpio.o(i.Backleft_STOP)
    Backleft_backward                        0x08000849   Thumb Code    36  gpio.o(i.Backleft_backward)
    Backleft_forward                         0x08000875   Thumb Code    36  gpio.o(i.Backleft_forward)
    Backright_STOP                           0x080008a1   Thumb Code    28  gpio.o(i.Backright_STOP)
    Backright_backward                       0x080008c1   Thumb Code    36  gpio.o(i.Backright_backward)
    Backright_forward                        0x080008ed   Thumb Code    36  gpio.o(i.Backright_forward)
    BusFault_Handler                         0x08000919   Thumb Code     2  stm32f1xx_it.o(i.BusFault_Handler)
    DMA1_Channel6_IRQHandler                 0x0800091d   Thumb Code     6  stm32f1xx_it.o(i.DMA1_Channel6_IRQHandler)
    DMA1_Channel7_IRQHandler                 0x08000929   Thumb Code     6  stm32f1xx_it.o(i.DMA1_Channel7_IRQHandler)
    DebugMon_Handler                         0x08000935   Thumb Code     2  stm32f1xx_it.o(i.DebugMon_Handler)
    Encoder_Update_Count                     0x08000939   Thumb Code    48  encoder.o(i.Encoder_Update_Count)
    Encoder_combinationread                  0x0800096d   Thumb Code    18  encoder.o(i.Encoder_combinationread)
    Encoderinit                              0x08000981   Thumb Code    70  encoder.o(i.Encoderinit)
    Error_Handler                            0x080009d9   Thumb Code     4  main.o(i.Error_Handler)
    ForwardandBackward                       0x080009dd   Thumb Code    82  gpio.o(i.ForwardandBackward)
    Frontleft_STOP                           0x08000a31   Thumb Code    30  gpio.o(i.Frontleft_STOP)
    Frontleft_backward                       0x08000a55   Thumb Code    36  gpio.o(i.Frontleft_backward)
    Frontleft_forward                        0x08000a81   Thumb Code    38  gpio.o(i.Frontleft_forward)
    Frontright_STOP                          0x08000ab1   Thumb Code    28  gpio.o(i.Frontright_STOP)
    Frontright_backward                      0x08000ad1   Thumb Code    36  gpio.o(i.Frontright_backward)
    Frontright_forward                       0x08000afd   Thumb Code    36  gpio.o(i.Frontright_forward)
    GetEncoderPulse                          0x08000b29   Thumb Code    58  encoder.o(i.GetEncoderPulse)
    HAL_DMA_Abort                            0x08000b79   Thumb Code    70  stm32f1xx_hal_dma.o(i.HAL_DMA_Abort)
    HAL_DMA_Abort_IT                         0x08000bc1   Thumb Code   296  stm32f1xx_hal_dma.o(i.HAL_DMA_Abort_IT)
    HAL_DMA_IRQHandler                       0x08000cf1   Thumb Code   552  stm32f1xx_hal_dma.o(i.HAL_DMA_IRQHandler)
    HAL_DMA_Init                             0x08000f39   Thumb Code   112  stm32f1xx_hal_dma.o(i.HAL_DMA_Init)
    HAL_Delay                                0x08000fb5   Thumb Code    32  stm32f1xx_hal.o(i.HAL_Delay)
    HAL_GPIO_Init                            0x08000fd9   Thumb Code   462  stm32f1xx_hal_gpio.o(i.HAL_GPIO_Init)
    HAL_GPIO_ReadPin                         0x080011d1   Thumb Code    10  stm32f1xx_hal_gpio.o(i.HAL_GPIO_ReadPin)
    HAL_GPIO_WritePin                        0x080011db   Thumb Code    10  stm32f1xx_hal_gpio.o(i.HAL_GPIO_WritePin)
    HAL_GetTick                              0x080011e5   Thumb Code     6  stm32f1xx_hal.o(i.HAL_GetTick)
    HAL_I2C_Init                             0x080011f1   Thumb Code   376  stm32f1xx_hal_i2c.o(i.HAL_I2C_Init)
    HAL_I2C_Mem_Write                        0x08001379   Thumb Code   294  stm32f1xx_hal_i2c.o(i.HAL_I2C_Mem_Write)
    HAL_I2C_MspInit                          0x080014a9   Thumb Code   236  i2c.o(i.HAL_I2C_MspInit)
    HAL_IncTick                              0x080015b1   Thumb Code    12  stm32f1xx_hal.o(i.HAL_IncTick)
    HAL_Init                                 0x080015c1   Thumb Code    32  stm32f1xx_hal.o(i.HAL_Init)
    HAL_InitTick                             0x080015e5   Thumb Code    54  stm32f1xx_hal.o(i.HAL_InitTick)
    HAL_MspInit                              0x08001625   Thumb Code    52  stm32f1xx_hal_msp.o(i.HAL_MspInit)
    HAL_NVIC_EnableIRQ                       0x08001661   Thumb Code    26  stm32f1xx_hal_cortex.o(i.HAL_NVIC_EnableIRQ)
    HAL_NVIC_SetPriority                     0x0800167d   Thumb Code    60  stm32f1xx_hal_cortex.o(i.HAL_NVIC_SetPriority)
    HAL_NVIC_SetPriorityGrouping             0x080016bd   Thumb Code    26  stm32f1xx_hal_cortex.o(i.HAL_NVIC_SetPriorityGrouping)
    HAL_RCC_ClockConfig                      0x080016e1   Thumb Code   280  stm32f1xx_hal_rcc.o(i.HAL_RCC_ClockConfig)
    HAL_RCC_GetPCLK1Freq                     0x0800180d   Thumb Code    20  stm32f1xx_hal_rcc.o(i.HAL_RCC_GetPCLK1Freq)
    HAL_RCC_GetPCLK2Freq                     0x0800182d   Thumb Code    20  stm32f1xx_hal_rcc.o(i.HAL_RCC_GetPCLK2Freq)
    HAL_RCC_GetSysClockFreq                  0x0800184d   Thumb Code    74  stm32f1xx_hal_rcc.o(i.HAL_RCC_GetSysClockFreq)
    HAL_RCC_OscConfig                        0x080018b9   Thumb Code   778  stm32f1xx_hal_rcc.o(i.HAL_RCC_OscConfig)
    HAL_SYSTICK_Config                       0x08001bd9   Thumb Code    40  stm32f1xx_hal_cortex.o(i.HAL_SYSTICK_Config)
    HAL_TIMEx_BreakCallback                  0x08001c01   Thumb Code     2  stm32f1xx_hal_tim_ex.o(i.HAL_TIMEx_BreakCallback)
    HAL_TIMEx_CommutCallback                 0x08001c03   Thumb Code     2  stm32f1xx_hal_tim_ex.o(i.HAL_TIMEx_CommutCallback)
    HAL_TIMEx_ConfigBreakDeadTime            0x08001c05   Thumb Code    84  stm32f1xx_hal_tim_ex.o(i.HAL_TIMEx_ConfigBreakDeadTime)
    HAL_TIMEx_MasterConfigSynchronization    0x08001c59   Thumb Code   104  stm32f1xx_hal_tim_ex.o(i.HAL_TIMEx_MasterConfigSynchronization)
    HAL_TIM_Base_Init                        0x08001cd5   Thumb Code    90  stm32f1xx_hal_tim.o(i.HAL_TIM_Base_Init)
    HAL_TIM_Base_MspInit                     0x08001d31   Thumb Code    72  tim.o(i.HAL_TIM_Base_MspInit)
    HAL_TIM_Base_Start_IT                    0x08001d85   Thumb Code    88  stm32f1xx_hal_tim.o(i.HAL_TIM_Base_Start_IT)
    HAL_TIM_ConfigClockSource                0x08001df1   Thumb Code   214  stm32f1xx_hal_tim.o(i.HAL_TIM_ConfigClockSource)
    HAL_TIM_Encoder_Init                     0x08001ec7   Thumb Code   164  stm32f1xx_hal_tim.o(i.HAL_TIM_Encoder_Init)
    HAL_TIM_Encoder_MspInit                  0x08001f6d   Thumb Code   346  tim.o(i.HAL_TIM_Encoder_MspInit)
    HAL_TIM_Encoder_Start                    0x080020e5   Thumb Code   142  stm32f1xx_hal_tim.o(i.HAL_TIM_Encoder_Start)
    HAL_TIM_Encoder_Start_IT                 0x08002173   Thumb Code   182  stm32f1xx_hal_tim.o(i.HAL_TIM_Encoder_Start_IT)
    HAL_TIM_IC_CaptureCallback               0x08002229   Thumb Code     2  stm32f1xx_hal_tim.o(i.HAL_TIM_IC_CaptureCallback)
    HAL_TIM_IRQHandler                       0x0800222b   Thumb Code   358  stm32f1xx_hal_tim.o(i.HAL_TIM_IRQHandler)
    HAL_TIM_MspPostInit                      0x08002391   Thumb Code   102  tim.o(i.HAL_TIM_MspPostInit)
    HAL_TIM_OC_ConfigChannel                 0x0800240d   Thumb Code    76  stm32f1xx_hal_tim.o(i.HAL_TIM_OC_ConfigChannel)
    HAL_TIM_OC_DelayElapsedCallback          0x08002459   Thumb Code     2  stm32f1xx_hal_tim.o(i.HAL_TIM_OC_DelayElapsedCallback)
    HAL_TIM_OC_Init                          0x0800245b   Thumb Code    90  stm32f1xx_hal_tim.o(i.HAL_TIM_OC_Init)
    HAL_TIM_OC_MspInit                       0x080024b5   Thumb Code     2  stm32f1xx_hal_tim.o(i.HAL_TIM_OC_MspInit)
    HAL_TIM_PWM_ConfigChannel                0x080024b7   Thumb Code   198  stm32f1xx_hal_tim.o(i.HAL_TIM_PWM_ConfigChannel)
    HAL_TIM_PWM_Init                         0x0800257d   Thumb Code    90  stm32f1xx_hal_tim.o(i.HAL_TIM_PWM_Init)
    HAL_TIM_PWM_MspInit                      0x080025d9   Thumb Code    30  tim.o(i.HAL_TIM_PWM_MspInit)
    HAL_TIM_PWM_PulseFinishedCallback        0x08002601   Thumb Code     2  stm32f1xx_hal_tim.o(i.HAL_TIM_PWM_PulseFinishedCallback)
    HAL_TIM_PWM_Start                        0x08002605   Thumb Code   160  stm32f1xx_hal_tim.o(i.HAL_TIM_PWM_Start)
    HAL_TIM_PeriodElapsedCallback            0x080026b9   Thumb Code    12  main.o(i.HAL_TIM_PeriodElapsedCallback)
    HAL_TIM_TriggerCallback                  0x080026c9   Thumb Code     2  stm32f1xx_hal_tim.o(i.HAL_TIM_TriggerCallback)
    HAL_UARTEx_RxEventCallback               0x080026cb   Thumb Code     2  stm32f1xx_hal_uart.o(i.HAL_UARTEx_RxEventCallback)
    HAL_UART_ErrorCallback                   0x080026cd   Thumb Code     2  stm32f1xx_hal_uart.o(i.HAL_UART_ErrorCallback)
    HAL_UART_IRQHandler                      0x080026d1   Thumb Code   520  stm32f1xx_hal_uart.o(i.HAL_UART_IRQHandler)
    HAL_UART_Init                            0x080028dd   Thumb Code    98  stm32f1xx_hal_uart.o(i.HAL_UART_Init)
    HAL_UART_MspInit                         0x08002941   Thumb Code   218  usart.o(i.HAL_UART_MspInit)
    HAL_UART_Receive_IT                      0x08002a35   Thumb Code    42  stm32f1xx_hal_uart.o(i.HAL_UART_Receive_IT)
    HAL_UART_RxCpltCallback                  0x08002a61   Thumb Code   136  main.o(i.HAL_UART_RxCpltCallback)
    HAL_UART_Transmit                        0x08002b31   Thumb Code   178  stm32f1xx_hal_uart.o(i.HAL_UART_Transmit)
    HAL_UART_TxCpltCallback                  0x08002be3   Thumb Code     2  stm32f1xx_hal_uart.o(i.HAL_UART_TxCpltCallback)
    HardFault_Handler                        0x08002be5   Thumb Code     2  stm32f1xx_it.o(i.HardFault_Handler)
    LeftandRightRotation                     0x08002e53   Thumb Code    82  gpio.o(i.LeftandRightRotation)
    MX_DMA_Init                              0x08002ea5   Thumb Code    56  dma.o(i.MX_DMA_Init)
    MX_GPIO_Init                             0x08002ee1   Thumb Code   206  gpio.o(i.MX_GPIO_Init)
    MX_I2C1_Init                             0x08002fc1   Thumb Code    50  i2c.o(i.MX_I2C1_Init)
    MX_I2C2_Init                             0x08003001   Thumb Code    50  i2c.o(i.MX_I2C2_Init)
    MX_TIM1_Init                             0x08003041   Thumb Code   202  tim.o(i.MX_TIM1_Init)
    MX_TIM2_Init                             0x08003115   Thumb Code   102  tim.o(i.MX_TIM2_Init)
    MX_TIM3_Init                             0x08003181   Thumb Code   100  tim.o(i.MX_TIM3_Init)
    MX_TIM4_Init                             0x080031ed   Thumb Code   100  tim.o(i.MX_TIM4_Init)
    MX_TIM5_Init                             0x08003259   Thumb Code   100  tim.o(i.MX_TIM5_Init)
    MX_TIM6_Init                             0x080032c5   Thumb Code    60  tim.o(i.MX_TIM6_Init)
    MX_TIM8_Init                             0x08003309   Thumb Code   242  tim.o(i.MX_TIM8_Init)
    MX_USART2_UART_Init                      0x08003405   Thumb Code    48  usart.o(i.MX_USART2_UART_Init)
    MX_USART3_UART_Init                      0x0800343d   Thumb Code    48  usart.o(i.MX_USART3_UART_Init)
    MemManage_Handler                        0x08003475   Thumb Code     2  stm32f1xx_it.o(i.MemManage_Handler)
    Motor_Set_Pwm                            0x08003479   Thumb Code   230  gpio.o(i.Motor_Set_Pwm)
    NMI_Handler                              0x08003571   Thumb Code     2  stm32f1xx_it.o(i.NMI_Handler)
    OLED_Fill                                0x08003575   Thumb Code    56  oled.o(i.OLED_Fill)
    OLED_Init                                0x080035ad   Thumb Code   180  oled.o(i.OLED_Init)
    OLED_Set_Pos                             0x08003661   Thumb Code    38  oled.o(i.OLED_Set_Pos)
    OLED_ShowString                          0x08003689   Thumb Code   208  oled.o(i.OLED_ShowString)
    PendSV_Handler                           0x08003761   Thumb Code     2  stm32f1xx_it.o(i.PendSV_Handler)
    STOPALL                                  0x08003763   Thumb Code    22  gpio.o(i.STOPALL)
    SVC_Handler                              0x08003779   Thumb Code     2  stm32f1xx_it.o(i.SVC_Handler)
    SysTick_Handler                          0x0800377b   Thumb Code     4  stm32f1xx_it.o(i.SysTick_Handler)
    SystemClock_Config                       0x0800377f   Thumb Code    94  main.o(i.SystemClock_Config)
    SystemInit                               0x080037dd   Thumb Code     2  system_stm32f1xx.o(i.SystemInit)
    TIM2_IRQHandler                          0x080037e1   Thumb Code     6  stm32f1xx_it.o(i.TIM2_IRQHandler)
    TIM3_IRQHandler                          0x080037ed   Thumb Code     6  stm32f1xx_it.o(i.TIM3_IRQHandler)
    TIM4_IRQHandler                          0x080037f9   Thumb Code     6  stm32f1xx_it.o(i.TIM4_IRQHandler)
    TIM5_IRQHandler                          0x08003805   Thumb Code     6  stm32f1xx_it.o(i.TIM5_IRQHandler)
    TIM6_IRQHandler                          0x08003811   Thumb Code     6  stm32f1xx_it.o(i.TIM6_IRQHandler)
    TIM_Base_SetConfig                       0x0800381d   Thumb Code   120  stm32f1xx_hal_tim.o(i.TIM_Base_SetConfig)
    TIM_CCxChannelCmd                        0x080038a9   Thumb Code    26  stm32f1xx_hal_tim.o(i.TIM_CCxChannelCmd)
    TIM_ETR_SetConfig                        0x080038c3   Thumb Code    20  stm32f1xx_hal_tim.o(i.TIM_ETR_SetConfig)
    TIM_OC2_SetConfig                        0x08003949   Thumb Code    98  stm32f1xx_hal_tim.o(i.TIM_OC2_SetConfig)
    UART_Start_Receive_IT                    0x08003c61   Thumb Code    54  stm32f1xx_hal_uart.o(i.UART_Start_Receive_IT)
    USART2_IRQHandler                        0x08003cfd   Thumb Code     6  stm32f1xx_it.o(i.USART2_IRQHandler)
    USART3_IRQHandler                        0x08003d09   Thumb Code     6  stm32f1xx_it.o(i.USART3_IRQHandler)
    UsageFault_Handler                       0x08003d15   Thumb Code     2  stm32f1xx_it.o(i.UsageFault_Handler)
    WriteCmd                                 0x08003d19   Thumb Code    30  oled.o(i.WriteCmd)
    WriteDat                                 0x08003d3d   Thumb Code    30  oled.o(i.WriteDat)
    __0sprintf                               0x08003d61   Thumb Code    34  printfa.o(i.__0sprintf)
    __1sprintf                               0x08003d61   Thumb Code     0  printfa.o(i.__0sprintf)
    __2sprintf                               0x08003d61   Thumb Code     0  printfa.o(i.__0sprintf)
    __c89sprintf                             0x08003d61   Thumb Code     0  printfa.o(i.__0sprintf)
    sprintf                                  0x08003d61   Thumb Code     0  printfa.o(i.__0sprintf)
    __scatterload_copy                       0x08003da9   Thumb Code    14  handlers.o(i.__scatterload_copy)
    __scatterload_null                       0x08003db7   Thumb Code     2  handlers.o(i.__scatterload_null)
    __scatterload_zeroinit                   0x08003db9   Thumb Code    14  handlers.o(i.__scatterload_zeroinit)
    keyscan                                  0x08004665   Thumb Code   216  gpio.o(i.keyscan)
    main                                     0x08004745   Thumb Code   362  main.o(i.main)
    motorpwminit                             0x08004919   Thumb Code    38  gpio.o(i.motorpwminit)
    speedcaculate                            0x08004945   Thumb Code   192  encoder.o(i.speedcaculate)
    F6x8                                     0x08004a18   Data         552  oled.o(.constdata)
    F8X16                                    0x08004c40   Data        1520  oled.o(.constdata)
    AHBPrescTable                            0x08005230   Data          16  system_stm32f1xx.o(.constdata)
    APBPrescTable                            0x08005240   Data           8  system_stm32f1xx.o(.constdata)
    Region$$Table$$Base                      0x08005248   Number         0  anon$$obj.o(Region$$Table)
    Region$$Table$$Limit                     0x08005268   Number         0  anon$$obj.o(Region$$Table)
    g_Encoder_M1_Now                         0x20000000   Data           4  encoder.o(.data)
    g_Encoder_M2_Now                         0x20000004   Data           4  encoder.o(.data)
    g_Encoder_M3_Now                         0x20000008   Data           4  encoder.o(.data)
    g_Encoder_M4_Now                         0x2000000c   Data           4  encoder.o(.data)
    motorspeed1                              0x20000010   Data           4  encoder.o(.data)
    motorspeed2                              0x20000014   Data           4  encoder.o(.data)
    motorspeed3                              0x20000018   Data           4  encoder.o(.data)
    motorspeed4                              0x2000001c   Data           4  encoder.o(.data)
    encoderPulse                             0x20000020   Data           8  encoder.o(.data)
    BLUdata                                  0x20000028   Data           1  main.o(.data)
    usermotor                                0x2000002c   Data           4  gpio.o(.data)
    uwTickFreq                               0x20000030   Data           1  stm32f1xx_hal.o(.data)
    uwTickPrio                               0x20000034   Data           4  stm32f1xx_hal.o(.data)
    uwTick                                   0x20000038   Data           4  stm32f1xx_hal.o(.data)
    SystemCoreClock                          0x2000003c   Data           4  system_stm32f1xx.o(.data)
    E1                                       0x20000040   Data          20  main.o(.bss)
    E2                                       0x20000054   Data          20  main.o(.bss)
    E3                                       0x20000068   Data          20  main.o(.bss)
    E4                                       0x2000007c   Data          20  main.o(.bss)
    hi2c1                                    0x20000090   Data          84  i2c.o(.bss)
    hi2c2                                    0x200000e4   Data          84  i2c.o(.bss)
    hdma_i2c1_rx                             0x20000138   Data          68  i2c.o(.bss)
    hdma_i2c1_tx                             0x2000017c   Data          68  i2c.o(.bss)
    htim1                                    0x200001c0   Data          72  tim.o(.bss)
    htim2                                    0x20000208   Data          72  tim.o(.bss)
    htim3                                    0x20000250   Data          72  tim.o(.bss)
    htim4                                    0x20000298   Data          72  tim.o(.bss)
    htim5                                    0x200002e0   Data          72  tim.o(.bss)
    htim6                                    0x20000328   Data          72  tim.o(.bss)
    htim8                                    0x20000370   Data          72  tim.o(.bss)
    huart2                                   0x200003b8   Data          68  usart.o(.bss)
    huart3                                   0x200003fc   Data          68  usart.o(.bss)
    __initial_sp                             0x20000840   Data           0  startup_stm32f103xe.o(STACK)



==============================================================================

Memory Map of the image

  Image Entry point : 0x08000131

  Load Region LR_IROM1 (Base: 0x08000000, Size: 0x000052a8, Max: 0x00010000, ABSOLUTE)

    Execution Region ER_IROM1 (Base: 0x08000000, Size: 0x00005268, Max: 0x00010000, ABSOLUTE)

    Base Addr    Size         Type   Attr      Idx    E Section Name        Object

    0x08000000   0x00000130   Data   RO            3    RESET               startup_stm32f103xe.o
    0x08000130   0x00000000   Code   RO         3647  * .ARM.Collect$$$$00000000  mc_w.l(entry.o)
    0x08000130   0x00000004   Code   RO         3927    .ARM.Collect$$$$00000001  mc_w.l(entry2.o)
    0x08000134   0x00000004   Code   RO         3930    .ARM.Collect$$$$00000004  mc_w.l(entry5.o)
    0x08000138   0x00000000   Code   RO         3932    .ARM.Collect$$$$00000008  mc_w.l(entry7b.o)
    0x08000138   0x00000000   Code   RO         3934    .ARM.Collect$$$$0000000A  mc_w.l(entry8b.o)
    0x08000138   0x00000008   Code   RO         3935    .ARM.Collect$$$$0000000B  mc_w.l(entry9a.o)
    0x08000140   0x00000000   Code   RO         3937    .ARM.Collect$$$$0000000D  mc_w.l(entry10a.o)
    0x08000140   0x00000000   Code   RO         3939    .ARM.Collect$$$$0000000F  mc_w.l(entry11a.o)
    0x08000140   0x00000004   Code   RO         3928    .ARM.Collect$$$$00002712  mc_w.l(entry2.o)
    0x08000144   0x00000024   Code   RO            4    .text               startup_stm32f103xe.o
    0x08000168   0x00000020   Code   RO         3650    .text               mc_w.l(llushr.o)
    0x08000188   0x00000024   Code   RO         3652    .text               mc_w.l(memseta.o)
    0x080001ac   0x0000007c   Code   RO         3915    .text               mf_w.l(fdiv.o)
    0x08000228   0x000000e4   Code   RO         3917    .text               mf_w.l(dmul.o)
    0x0800030c   0x000000de   Code   RO         3919    .text               mf_w.l(ddiv.o)
    0x080003ea   0x00000012   Code   RO         3921    .text               mf_w.l(fflti.o)
    0x080003fc   0x00000026   Code   RO         3923    .text               mf_w.l(f2d.o)
    0x08000422   0x00000038   Code   RO         3925    .text               mf_w.l(d2f.o)
    0x0800045a   0x0000002c   Code   RO         3941    .text               mc_w.l(uidiv.o)
    0x08000486   0x00000062   Code   RO         3943    .text               mc_w.l(uldiv.o)
    0x080004e8   0x00000000   Code   RO         3945    .text               mc_w.l(iusefp.o)
    0x080004e8   0x0000006e   Code   RO         3946    .text               mf_w.l(fepilogue.o)
    0x08000556   0x000000ba   Code   RO         3948    .text               mf_w.l(depilogue.o)
    0x08000610   0x0000014e   Code   RO         3950    .text               mf_w.l(dadd.o)
    0x0800075e   0x00000030   Code   RO         3952    .text               mf_w.l(dfixul.o)
    0x0800078e   0x00000002   PAD
    0x08000790   0x00000030   Code   RO         3954    .text               mf_w.l(cdrcmple.o)
    0x080007c0   0x00000024   Code   RO         3956    .text               mc_w.l(init.o)
    0x080007e4   0x0000001e   Code   RO         3958    .text               mc_w.l(llshl.o)
    0x08000802   0x00000024   Code   RO         3960    .text               mc_w.l(llsshr.o)
    0x08000826   0x00000002   PAD
    0x08000828   0x00000020   Code   RO          322    i.Backleft_STOP     gpio.o
    0x08000848   0x0000002c   Code   RO          323    i.Backleft_backward  gpio.o
    0x08000874   0x0000002c   Code   RO          324    i.Backleft_forward  gpio.o
    0x080008a0   0x00000020   Code   RO          325    i.Backright_STOP    gpio.o
    0x080008c0   0x0000002c   Code   RO          326    i.Backright_backward  gpio.o
    0x080008ec   0x0000002c   Code   RO          327    i.Backright_forward  gpio.o
    0x08000918   0x00000002   Code   RO          685    i.BusFault_Handler  stm32f1xx_it.o
    0x0800091a   0x00000002   PAD
    0x0800091c   0x0000000c   Code   RO          686    i.DMA1_Channel6_IRQHandler  stm32f1xx_it.o
    0x08000928   0x0000000c   Code   RO          687    i.DMA1_Channel7_IRQHandler  stm32f1xx_it.o
    0x08000934   0x00000002   Code   RO          688    i.DebugMon_Handler  stm32f1xx_it.o
    0x08000936   0x00000002   PAD
    0x08000938   0x00000034   Code   RO          185    i.Encoder_Update_Count  encoder.o
    0x0800096c   0x00000012   Code   RO          186    i.Encoder_combinationread  encoder.o
    0x0800097e   0x00000002   PAD
    0x08000980   0x00000058   Code   RO          187    i.Encoderinit       encoder.o
    0x080009d8   0x00000004   Code   RO          250    i.Error_Handler     main.o
    0x080009dc   0x00000052   Code   RO          328    i.ForwardandBackward  gpio.o
    0x08000a2e   0x00000002   PAD
    0x08000a30   0x00000024   Code   RO          329    i.Frontleft_STOP    gpio.o
    0x08000a54   0x0000002c   Code   RO          330    i.Frontleft_backward  gpio.o
    0x08000a80   0x00000030   Code   RO          331    i.Frontleft_forward  gpio.o
    0x08000ab0   0x00000020   Code   RO          332    i.Frontright_STOP   gpio.o
    0x08000ad0   0x0000002c   Code   RO          333    i.Frontright_backward  gpio.o
    0x08000afc   0x0000002c   Code   RO          334    i.Frontright_forward  gpio.o
    0x08000b28   0x00000050   Code   RO          188    i.GetEncoderPulse   encoder.o
    0x08000b78   0x00000046   Code   RO         1686    i.HAL_DMA_Abort     stm32f1xx_hal_dma.o
    0x08000bbe   0x00000002   PAD
    0x08000bc0   0x00000130   Code   RO         1687    i.HAL_DMA_Abort_IT  stm32f1xx_hal_dma.o
    0x08000cf0   0x00000248   Code   RO         1691    i.HAL_DMA_IRQHandler  stm32f1xx_hal_dma.o
    0x08000f38   0x0000007c   Code   RO         1692    i.HAL_DMA_Init      stm32f1xx_hal_dma.o
    0x08000fb4   0x00000024   Code   RO         1314    i.HAL_Delay         stm32f1xx_hal.o
    0x08000fd8   0x000001f8   Code   RO         1622    i.HAL_GPIO_Init     stm32f1xx_hal_gpio.o
    0x080011d0   0x0000000a   Code   RO         1624    i.HAL_GPIO_ReadPin  stm32f1xx_hal_gpio.o
    0x080011da   0x0000000a   Code   RO         1626    i.HAL_GPIO_WritePin  stm32f1xx_hal_gpio.o
    0x080011e4   0x0000000c   Code   RO         1318    i.HAL_GetTick       stm32f1xx_hal.o
    0x080011f0   0x00000188   Code   RO          886    i.HAL_I2C_Init      stm32f1xx_hal_i2c.o
    0x08001378   0x00000130   Code   RO          907    i.HAL_I2C_Mem_Write  stm32f1xx_hal_i2c.o
    0x080014a8   0x00000108   Code   RO          470    i.HAL_I2C_MspInit   i2c.o
    0x080015b0   0x00000010   Code   RO         1324    i.HAL_IncTick       stm32f1xx_hal.o
    0x080015c0   0x00000024   Code   RO         1325    i.HAL_Init          stm32f1xx_hal.o
    0x080015e4   0x00000040   Code   RO         1326    i.HAL_InitTick      stm32f1xx_hal.o
    0x08001624   0x0000003c   Code   RO          815    i.HAL_MspInit       stm32f1xx_hal_msp.o
    0x08001660   0x0000001a   Code   RO         1782    i.HAL_NVIC_EnableIRQ  stm32f1xx_hal_cortex.o
    0x0800167a   0x00000002   PAD
    0x0800167c   0x00000040   Code   RO         1788    i.HAL_NVIC_SetPriority  stm32f1xx_hal_cortex.o
    0x080016bc   0x00000024   Code   RO         1789    i.HAL_NVIC_SetPriorityGrouping  stm32f1xx_hal_cortex.o
    0x080016e0   0x0000012c   Code   RO         1482    i.HAL_RCC_ClockConfig  stm32f1xx_hal_rcc.o
    0x0800180c   0x00000020   Code   RO         1489    i.HAL_RCC_GetPCLK1Freq  stm32f1xx_hal_rcc.o
    0x0800182c   0x00000020   Code   RO         1490    i.HAL_RCC_GetPCLK2Freq  stm32f1xx_hal_rcc.o
    0x0800184c   0x0000006c   Code   RO         1491    i.HAL_RCC_GetSysClockFreq  stm32f1xx_hal_rcc.o
    0x080018b8   0x00000320   Code   RO         1494    i.HAL_RCC_OscConfig  stm32f1xx_hal_rcc.o
    0x08001bd8   0x00000028   Code   RO         1793    i.HAL_SYSTICK_Config  stm32f1xx_hal_cortex.o
    0x08001c00   0x00000002   Code   RO         2988    i.HAL_TIMEx_BreakCallback  stm32f1xx_hal_tim_ex.o
    0x08001c02   0x00000002   Code   RO         2989    i.HAL_TIMEx_CommutCallback  stm32f1xx_hal_tim_ex.o
    0x08001c04   0x00000054   Code   RO         2991    i.HAL_TIMEx_ConfigBreakDeadTime  stm32f1xx_hal_tim_ex.o
    0x08001c58   0x0000007c   Code   RO         3007    i.HAL_TIMEx_MasterConfigSynchronization  stm32f1xx_hal_tim_ex.o
    0x08001cd4   0x0000005a   Code   RO         2284    i.HAL_TIM_Base_Init  stm32f1xx_hal_tim.o
    0x08001d2e   0x00000002   PAD
    0x08001d30   0x00000054   Code   RO          518    i.HAL_TIM_Base_MspInit  tim.o
    0x08001d84   0x0000006c   Code   RO         2289    i.HAL_TIM_Base_Start_IT  stm32f1xx_hal_tim.o
    0x08001df0   0x000000d6   Code   RO         2293    i.HAL_TIM_ConfigClockSource  stm32f1xx_hal_tim.o
    0x08001ec6   0x000000a4   Code   RO         2305    i.HAL_TIM_Encoder_Init  stm32f1xx_hal_tim.o
    0x08001f6a   0x00000002   PAD
    0x08001f6c   0x00000178   Code   RO          520    i.HAL_TIM_Encoder_MspInit  tim.o
    0x080020e4   0x0000008e   Code   RO         2308    i.HAL_TIM_Encoder_Start  stm32f1xx_hal_tim.o
    0x08002172   0x000000b6   Code   RO         2310    i.HAL_TIM_Encoder_Start_IT  stm32f1xx_hal_tim.o
    0x08002228   0x00000002   Code   RO         2318    i.HAL_TIM_IC_CaptureCallback  stm32f1xx_hal_tim.o
    0x0800222a   0x00000166   Code   RO         2332    i.HAL_TIM_IRQHandler  stm32f1xx_hal_tim.o
    0x08002390   0x0000007c   Code   RO          521    i.HAL_TIM_MspPostInit  tim.o
    0x0800240c   0x0000004c   Code   RO         2333    i.HAL_TIM_OC_ConfigChannel  stm32f1xx_hal_tim.o
    0x08002458   0x00000002   Code   RO         2335    i.HAL_TIM_OC_DelayElapsedCallback  stm32f1xx_hal_tim.o
    0x0800245a   0x0000005a   Code   RO         2337    i.HAL_TIM_OC_Init   stm32f1xx_hal_tim.o
    0x080024b4   0x00000002   Code   RO         2339    i.HAL_TIM_OC_MspInit  stm32f1xx_hal_tim.o
    0x080024b6   0x000000c6   Code   RO         2356    i.HAL_TIM_PWM_ConfigChannel  stm32f1xx_hal_tim.o
    0x0800257c   0x0000005a   Code   RO         2359    i.HAL_TIM_PWM_Init  stm32f1xx_hal_tim.o
    0x080025d6   0x00000002   PAD
    0x080025d8   0x00000028   Code   RO          523    i.HAL_TIM_PWM_MspInit  tim.o
    0x08002600   0x00000002   Code   RO         2362    i.HAL_TIM_PWM_PulseFinishedCallback  stm32f1xx_hal_tim.o
    0x08002602   0x00000002   PAD
    0x08002604   0x000000b4   Code   RO         2364    i.HAL_TIM_PWM_Start  stm32f1xx_hal_tim.o
    0x080026b8   0x00000010   Code   RO          251    i.HAL_TIM_PeriodElapsedCallback  main.o
    0x080026c8   0x00000002   Code   RO         2375    i.HAL_TIM_TriggerCallback  stm32f1xx_hal_tim.o
    0x080026ca   0x00000002   Code   RO         3266    i.HAL_UARTEx_RxEventCallback  stm32f1xx_hal_uart.o
    0x080026cc   0x00000002   Code   RO         3280    i.HAL_UART_ErrorCallback  stm32f1xx_hal_uart.o
    0x080026ce   0x00000002   PAD
    0x080026d0   0x0000020c   Code   RO         3283    i.HAL_UART_IRQHandler  stm32f1xx_hal_uart.o
    0x080028dc   0x00000062   Code   RO         3284    i.HAL_UART_Init     stm32f1xx_hal_uart.o
    0x0800293e   0x00000002   PAD
    0x08002940   0x000000f4   Code   RO          626    i.HAL_UART_MspInit  usart.o
    0x08002a34   0x0000002a   Code   RO         3289    i.HAL_UART_Receive_IT  stm32f1xx_hal_uart.o
    0x08002a5e   0x00000002   PAD
    0x08002a60   0x000000d0   Code   RO          252    i.HAL_UART_RxCpltCallback  main.o
    0x08002b30   0x000000b2   Code   RO         3292    i.HAL_UART_Transmit  stm32f1xx_hal_uart.o
    0x08002be2   0x00000002   Code   RO         3295    i.HAL_UART_TxCpltCallback  stm32f1xx_hal_uart.o
    0x08002be4   0x00000002   Code   RO          689    i.HardFault_Handler  stm32f1xx_it.o
    0x08002be6   0x0000002e   Code   RO          928    i.I2C_IsAcknowledgeFailed  stm32f1xx_hal_i2c.o
    0x08002c14   0x000000a8   Code   RO          939    i.I2C_RequestMemoryWrite  stm32f1xx_hal_i2c.o
    0x08002cbc   0x0000004c   Code   RO          943    i.I2C_WaitOnBTFFlagUntilTimeout  stm32f1xx_hal_i2c.o
    0x08002d08   0x00000068   Code   RO          944    i.I2C_WaitOnFlagUntilTimeout  stm32f1xx_hal_i2c.o
    0x08002d70   0x00000096   Code   RO          945    i.I2C_WaitOnMasterAddressFlagUntilTimeout  stm32f1xx_hal_i2c.o
    0x08002e06   0x0000004c   Code   RO          947    i.I2C_WaitOnTXEFlagUntilTimeout  stm32f1xx_hal_i2c.o
    0x08002e52   0x00000052   Code   RO          335    i.LeftandRightRotation  gpio.o
    0x08002ea4   0x0000003c   Code   RO          445    i.MX_DMA_Init       dma.o
    0x08002ee0   0x000000e0   Code   RO          336    i.MX_GPIO_Init      gpio.o
    0x08002fc0   0x00000040   Code   RO          471    i.MX_I2C1_Init      i2c.o
    0x08003000   0x00000040   Code   RO          472    i.MX_I2C2_Init      i2c.o
    0x08003040   0x000000d4   Code   RO          524    i.MX_TIM1_Init      tim.o
    0x08003114   0x0000006c   Code   RO          525    i.MX_TIM2_Init      tim.o
    0x08003180   0x0000006c   Code   RO          526    i.MX_TIM3_Init      tim.o
    0x080031ec   0x0000006c   Code   RO          527    i.MX_TIM4_Init      tim.o
    0x08003258   0x0000006c   Code   RO          528    i.MX_TIM5_Init      tim.o
    0x080032c4   0x00000044   Code   RO          529    i.MX_TIM6_Init      tim.o
    0x08003308   0x000000fc   Code   RO          530    i.MX_TIM8_Init      tim.o
    0x08003404   0x00000038   Code   RO          627    i.MX_USART2_UART_Init  usart.o
    0x0800343c   0x00000038   Code   RO          628    i.MX_USART3_UART_Init  usart.o
    0x08003474   0x00000002   Code   RO          690    i.MemManage_Handler  stm32f1xx_it.o
    0x08003476   0x00000002   PAD
    0x08003478   0x000000f8   Code   RO          337    i.Motor_Set_Pwm     gpio.o
    0x08003570   0x00000002   Code   RO          691    i.NMI_Handler       stm32f1xx_it.o
    0x08003572   0x00000002   PAD
    0x08003574   0x00000038   Code   RO           14    i.OLED_Fill         oled.o
    0x080035ac   0x000000b4   Code   RO           15    i.OLED_Init         oled.o
    0x08003660   0x00000026   Code   RO           16    i.OLED_Set_Pos      oled.o
    0x08003686   0x00000002   PAD
    0x08003688   0x000000d8   Code   RO           18    i.OLED_ShowString   oled.o
    0x08003760   0x00000002   Code   RO          692    i.PendSV_Handler    stm32f1xx_it.o
    0x08003762   0x00000016   Code   RO          338    i.STOPALL           gpio.o
    0x08003778   0x00000002   Code   RO          693    i.SVC_Handler       stm32f1xx_it.o
    0x0800377a   0x00000004   Code   RO          694    i.SysTick_Handler   stm32f1xx_it.o
    0x0800377e   0x0000005e   Code   RO          253    i.SystemClock_Config  main.o
    0x080037dc   0x00000002   Code   RO         3613    i.SystemInit        system_stm32f1xx.o
    0x080037de   0x00000002   PAD
    0x080037e0   0x0000000c   Code   RO          695    i.TIM2_IRQHandler   stm32f1xx_it.o
    0x080037ec   0x0000000c   Code   RO          696    i.TIM3_IRQHandler   stm32f1xx_it.o
    0x080037f8   0x0000000c   Code   RO          697    i.TIM4_IRQHandler   stm32f1xx_it.o
    0x08003804   0x0000000c   Code   RO          698    i.TIM5_IRQHandler   stm32f1xx_it.o
    0x08003810   0x0000000c   Code   RO          699    i.TIM6_IRQHandler   stm32f1xx_it.o
    0x0800381c   0x0000008c   Code   RO         2377    i.TIM_Base_SetConfig  stm32f1xx_hal_tim.o
    0x080038a8   0x0000001a   Code   RO         2378    i.TIM_CCxChannelCmd  stm32f1xx_hal_tim.o
    0x080038c2   0x00000014   Code   RO         2388    i.TIM_ETR_SetConfig  stm32f1xx_hal_tim.o
    0x080038d6   0x00000010   Code   RO         2389    i.TIM_ITRx_SetConfig  stm32f1xx_hal_tim.o
    0x080038e6   0x00000002   PAD
    0x080038e8   0x00000060   Code   RO         2390    i.TIM_OC1_SetConfig  stm32f1xx_hal_tim.o
    0x08003948   0x0000006c   Code   RO         2391    i.TIM_OC2_SetConfig  stm32f1xx_hal_tim.o
    0x080039b4   0x00000068   Code   RO         2392    i.TIM_OC3_SetConfig  stm32f1xx_hal_tim.o
    0x08003a1c   0x00000050   Code   RO         2393    i.TIM_OC4_SetConfig  stm32f1xx_hal_tim.o
    0x08003a6c   0x00000022   Code   RO         2395    i.TIM_TI1_ConfigInputStage  stm32f1xx_hal_tim.o
    0x08003a8e   0x00000024   Code   RO         2397    i.TIM_TI2_ConfigInputStage  stm32f1xx_hal_tim.o
    0x08003ab2   0x00000010   Code   RO         3297    i.UART_DMAAbortOnError  stm32f1xx_hal_uart.o
    0x08003ac2   0x00000030   Code   RO         3307    i.UART_EndRxTransfer  stm32f1xx_hal_uart.o
    0x08003af2   0x000000b6   Code   RO         3309    i.UART_Receive_IT   stm32f1xx_hal_uart.o
    0x08003ba8   0x000000b8   Code   RO         3310    i.UART_SetConfig    stm32f1xx_hal_uart.o
    0x08003c60   0x00000036   Code   RO         3312    i.UART_Start_Receive_IT  stm32f1xx_hal_uart.o
    0x08003c96   0x00000064   Code   RO         3313    i.UART_WaitOnFlagUntilTimeout  stm32f1xx_hal_uart.o
    0x08003cfa   0x00000002   PAD
    0x08003cfc   0x0000000c   Code   RO          700    i.USART2_IRQHandler  stm32f1xx_it.o
    0x08003d08   0x0000000c   Code   RO          701    i.USART3_IRQHandler  stm32f1xx_it.o
    0x08003d14   0x00000002   Code   RO          702    i.UsageFault_Handler  stm32f1xx_it.o
    0x08003d16   0x00000002   PAD
    0x08003d18   0x00000024   Code   RO           20    i.WriteCmd          oled.o
    0x08003d3c   0x00000024   Code   RO           21    i.WriteDat          oled.o
    0x08003d60   0x00000028   Code   RO         3889    i.__0sprintf        mc_w.l(printfa.o)
    0x08003d88   0x00000020   Code   RO         1795    i.__NVIC_SetPriority  stm32f1xx_hal_cortex.o
    0x08003da8   0x0000000e   Code   RO         3964    i.__scatterload_copy  mc_w.l(handlers.o)
    0x08003db6   0x00000002   Code   RO         3965    i.__scatterload_null  mc_w.l(handlers.o)
    0x08003db8   0x0000000e   Code   RO         3966    i.__scatterload_zeroinit  mc_w.l(handlers.o)
    0x08003dc6   0x00000002   PAD
    0x08003dc8   0x00000164   Code   RO         3894    i._fp_digits        mc_w.l(printfa.o)
    0x08003f2c   0x000006dc   Code   RO         3895    i._printf_core      mc_w.l(printfa.o)
    0x08004608   0x00000024   Code   RO         3896    i._printf_post_padding  mc_w.l(printfa.o)
    0x0800462c   0x0000002e   Code   RO         3897    i._printf_pre_padding  mc_w.l(printfa.o)
    0x0800465a   0x0000000a   Code   RO         3899    i._sputc            mc_w.l(printfa.o)
    0x08004664   0x000000e0   Code   RO          339    i.keyscan           gpio.o
    0x08004744   0x000001d4   Code   RO          254    i.main              main.o
    0x08004918   0x0000002c   Code   RO          340    i.motorpwminit      gpio.o
    0x08004944   0x000000d4   Code   RO          189    i.speedcaculate     encoder.o
    0x08004a18   0x00000818   Data   RO           22    .constdata          oled.o
    0x08005230   0x00000010   Data   RO         3614    .constdata          system_stm32f1xx.o
    0x08005240   0x00000008   Data   RO         3615    .constdata          system_stm32f1xx.o
    0x08005248   0x00000020   Data   RO         3962    Region$$Table       anon$$obj.o


    Execution Region RW_IRAM1 (Base: 0x20000000, Size: 0x00000840, Max: 0x00005000, ABSOLUTE)

    Base Addr    Size         Type   Attr      Idx    E Section Name        Object

    0x20000000   0x00000028   Data   RW          190    .data               encoder.o
    0x20000028   0x00000001   Data   RW          256    .data               main.o
    0x20000029   0x00000003   PAD
    0x2000002c   0x00000004   Data   RW          341    .data               gpio.o
    0x20000030   0x0000000c   Data   RW         1332    .data               stm32f1xx_hal.o
    0x2000003c   0x00000004   Data   RW         3616    .data               system_stm32f1xx.o
    0x20000040   0x00000050   Zero   RW          255    .bss                main.o
    0x20000090   0x00000130   Zero   RW          473    .bss                i2c.o
    0x200001c0   0x000001f8   Zero   RW          531    .bss                tim.o
    0x200003b8   0x00000088   Zero   RW          630    .bss                usart.o
    0x20000440   0x00000400   Zero   RW            1    STACK               startup_stm32f103xe.o


==============================================================================

Image component sizes


      Code (inc. data)   RO Data    RW Data    ZI Data      Debug   Object Name

        60          4          0          0          0        730   dma.o
       450         64          0         40          0       3164   encoder.o
      1414        134          0          4          0      10494   gpio.o
       392         56          0          0        304       2416   i2c.o
       790        182          0          1         80       3973   main.o
       562         20       2072          0          0     497356   oled.o
        36          8        304          0       1024        784   startup_stm32f103xe.o
       164         28          0         12          0       6349   stm32f1xx_hal.o
       198         14          0          0          0      28743   stm32f1xx_hal_cortex.o
      1082         52          0          0          0       3435   stm32f1xx_hal_dma.o
       524         42          0          0          0       3419   stm32f1xx_hal_gpio.o
      1316         32          0          0          0       8863   stm32f1xx_hal_i2c.o
        60          8          0          0          0        834   stm32f1xx_hal_msp.o
      1272        100          0          0          0       5068   stm32f1xx_hal_rcc.o
      2562         96          0          0          0      19908   stm32f1xx_hal_tim.o
       212         20          0          0          0       3077   stm32f1xx_hal_tim_ex.o
      1432         10          0          0          0      10084   stm32f1xx_hal_uart.o
       128         54          0          0          0       7486   stm32f1xx_it.o
         2          0         24          4          0       1067   system_stm32f1xx.o
      1588        132          0          0        504       7546   tim.o
       356         42          0          0        136       3623   usart.o

    ----------------------------------------------------------------------
     14640       1098       2432         64       2048     628419   Object Totals
         0          0         32          0          0          0   (incl. Generated)
        40          0          0          3          0          0   (incl. Padding)

    ----------------------------------------------------------------------

      Code (inc. data)   RO Data    RW Data    ZI Data      Debug   Library Member Name

         0          0          0          0          0          0   entry.o
         0          0          0          0          0          0   entry10a.o
         0          0          0          0          0          0   entry11a.o
         8          4          0          0          0          0   entry2.o
         4          0          0          0          0          0   entry5.o
         0          0          0          0          0          0   entry7b.o
         0          0          0          0          0          0   entry8b.o
         8          4          0          0          0          0   entry9a.o
        30          0          0          0          0          0   handlers.o
        36          8          0          0          0         68   init.o
         0          0          0          0          0          0   iusefp.o
        30          0          0          0          0         68   llshl.o
        36          0          0          0          0         68   llsshr.o
        32          0          0          0          0         68   llushr.o
        36          0          0          0          0        108   memseta.o
      2244         86          0          0          0        512   printfa.o
        44          0          0          0          0         80   uidiv.o
        98          0          0          0          0         92   uldiv.o
        48          0          0          0          0         68   cdrcmple.o
        56          0          0          0          0         88   d2f.o
       334          0          0          0          0        148   dadd.o
       222          0          0          0          0        100   ddiv.o
       186          0          0          0          0        176   depilogue.o
        48          0          0          0          0         68   dfixul.o
       228          0          0          0          0         96   dmul.o
        38          0          0          0          0         68   f2d.o
       124          0          0          0          0         88   fdiv.o
       110          0          0          0          0        168   fepilogue.o
        18          0          0          0          0         68   fflti.o

    ----------------------------------------------------------------------
      4024        102          0          0          0       2200   Library Totals
         6          0          0          0          0          0   (incl. Padding)

    ----------------------------------------------------------------------

      Code (inc. data)   RO Data    RW Data    ZI Data      Debug   Library Name

      2606        102          0          0          0       1064   mc_w.l
      1412          0          0          0          0       1136   mf_w.l

    ----------------------------------------------------------------------
      4024        102          0          0          0       2200   Library Totals

    ----------------------------------------------------------------------

==============================================================================


      Code (inc. data)   RO Data    RW Data    ZI Data      Debug   

     18664       1200       2432         64       2048     622139   Grand Totals
     18664       1200       2432         64       2048     622139   ELF Image Totals
     18664       1200       2432         64          0          0   ROM Totals

==============================================================================

    Total RO  Size (Code + RO Data)                21096 (  20.60kB)
    Total RW  Size (RW Data + ZI Data)              2112 (   2.06kB)
    Total ROM Size (Code + RO Data + RW Data)      21160 (  20.66kB)

==============================================================================

