Component: ARM Compiler 5.06 update 6 (build 750) Tool: armlink [4d35ed]

==============================================================================

Section Cross References

    startup_stm32f103xe.o(RESET) refers to startup_stm32f103xe.o(STACK) for __initial_sp
    startup_stm32f103xe.o(RESET) refers to startup_stm32f103xe.o(.text) for Reset_Handler
    startup_stm32f103xe.o(RESET) refers to stm32f1xx_it.o(i.NMI_Handler) for NMI_Handler
    startup_stm32f103xe.o(RESET) refers to stm32f1xx_it.o(i.HardFault_Handler) for HardFault_Handler
    startup_stm32f103xe.o(RESET) refers to stm32f1xx_it.o(i.MemManage_Handler) for MemManage_Handler
    startup_stm32f103xe.o(RESET) refers to stm32f1xx_it.o(i.BusFault_Handler) for BusFault_Handler
    startup_stm32f103xe.o(RESET) refers to stm32f1xx_it.o(i.UsageFault_Handler) for UsageFault_Handler
    startup_stm32f103xe.o(RESET) refers to stm32f1xx_it.o(i.SVC_Handler) for SVC_Handler
    startup_stm32f103xe.o(RESET) refers to stm32f1xx_it.o(i.DebugMon_Handler) for DebugMon_Handler
    startup_stm32f103xe.o(RESET) refers to stm32f1xx_it.o(i.PendSV_Handler) for PendSV_Handler
    startup_stm32f103xe.o(RESET) refers to stm32f1xx_it.o(i.SysTick_Handler) for SysTick_Handler
    startup_stm32f103xe.o(RESET) refers to stm32f1xx_it.o(i.DMA1_Channel6_IRQHandler) for DMA1_Channel6_IRQHandler
    startup_stm32f103xe.o(RESET) refers to stm32f1xx_it.o(i.DMA1_Channel7_IRQHandler) for DMA1_Channel7_IRQHandler
    startup_stm32f103xe.o(RESET) refers to stm32f1xx_it.o(i.TIM2_IRQHandler) for TIM2_IRQHandler
    startup_stm32f103xe.o(RESET) refers to stm32f1xx_it.o(i.TIM3_IRQHandler) for TIM3_IRQHandler
    startup_stm32f103xe.o(RESET) refers to stm32f1xx_it.o(i.TIM4_IRQHandler) for TIM4_IRQHandler
    startup_stm32f103xe.o(RESET) refers to stm32f1xx_it.o(i.USART2_IRQHandler) for USART2_IRQHandler
    startup_stm32f103xe.o(RESET) refers to stm32f1xx_it.o(i.USART3_IRQHandler) for USART3_IRQHandler
    startup_stm32f103xe.o(RESET) refers to stm32f1xx_it.o(i.TIM5_IRQHandler) for TIM5_IRQHandler
    startup_stm32f103xe.o(RESET) refers to stm32f1xx_it.o(i.TIM6_IRQHandler) for TIM6_IRQHandler
    startup_stm32f103xe.o(.text) refers to system_stm32f1xx.o(i.SystemInit) for SystemInit
    startup_stm32f103xe.o(.text) refers to entry.o(.ARM.Collect$$$$00000000) for __main
    oled.o(i.OLED_DrawBMP) refers to oled.o(i.OLED_Set_Pos) for OLED_Set_Pos
    oled.o(i.OLED_DrawBMP) refers to oled.o(i.WriteDat) for WriteDat
    oled.o(i.OLED_Fill) refers to oled.o(i.WriteCmd) for WriteCmd
    oled.o(i.OLED_Fill) refers to oled.o(i.WriteDat) for WriteDat
    oled.o(i.OLED_Init) refers to stm32f1xx_hal.o(i.HAL_Delay) for HAL_Delay
    oled.o(i.OLED_Init) refers to oled.o(i.WriteCmd) for WriteCmd
    oled.o(i.OLED_Set_Pos) refers to oled.o(i.WriteCmd) for WriteCmd
    oled.o(i.OLED_ShowCHinese) refers to oled.o(i.OLED_Set_Pos) for OLED_Set_Pos
    oled.o(i.OLED_ShowCHinese) refers to oled.o(i.WriteDat) for WriteDat
    oled.o(i.OLED_ShowCHinese) refers to oled.o(.data) for .data
    oled.o(i.OLED_ShowString) refers to oled.o(i.OLED_Set_Pos) for OLED_Set_Pos
    oled.o(i.OLED_ShowString) refers to oled.o(i.WriteDat) for WriteDat
    oled.o(i.OLED_ShowString) refers to oled.o(.constdata) for .constdata
    oled.o(i.OLED_display_char) refers to oled.o(i.OLED_Set_Pos) for OLED_Set_Pos
    oled.o(i.OLED_display_char) refers to oled.o(i.WriteDat) for WriteDat
    oled.o(i.OLED_display_char) refers to oled.o(.constdata) for .constdata
    oled.o(i.WriteCmd) refers to stm32f1xx_hal_i2c.o(i.HAL_I2C_Mem_Write) for HAL_I2C_Mem_Write
    oled.o(i.WriteCmd) refers to i2c.o(.bss) for hi2c1
    oled.o(i.WriteDat) refers to stm32f1xx_hal_i2c.o(i.HAL_I2C_Mem_Write) for HAL_I2C_Mem_Write
    oled.o(i.WriteDat) refers to i2c.o(.bss) for hi2c1
    encoder.o(i.Encoder_Update_Count) refers to encoder.o(.data) for .data
    encoder.o(i.Encoder_combinationread) refers to encoder.o(i.GetEncoderPulse) for GetEncoderPulse
    encoder.o(i.Encoder_combinationread) refers to encoder.o(i.speedcaculate) for speedcaculate
    encoder.o(i.Encoder_combinationread) refers to encoder.o(i.Encoder_Update_Count) for Encoder_Update_Count
    encoder.o(i.Encoderinit) refers to stm32f1xx_hal_tim.o(i.HAL_TIM_Encoder_Start) for HAL_TIM_Encoder_Start
    encoder.o(i.Encoderinit) refers to stm32f1xx_hal_tim.o(i.HAL_TIM_Encoder_Start_IT) for HAL_TIM_Encoder_Start_IT
    encoder.o(i.Encoderinit) refers to tim.o(.bss) for htim2
    encoder.o(i.GetEncoderPulse) refers to tim.o(.bss) for htim2
    encoder.o(i.GetEncoderPulse) refers to encoder.o(.data) for .data
    encoder.o(i.speedcaculate) refers to fflti.o(.text) for __aeabi_i2f
    encoder.o(i.speedcaculate) refers to fdiv.o(.text) for __aeabi_fdiv
    encoder.o(i.speedcaculate) refers to f2d.o(.text) for __aeabi_f2d
    encoder.o(i.speedcaculate) refers to dmul.o(.text) for __aeabi_dmul
    encoder.o(i.speedcaculate) refers to ddiv.o(.text) for __aeabi_ddiv
[...]
    ..\USER\NIMING\niming.c                  0x00000000   Number         0  niming.o ABSOLUTE
    ..\USER\OLED\oled.c                      0x00000000   Number         0  oled.o ABSOLUTE
    ..\USER\PID\pid.c                        0x00000000   Number         0  pid.o ABSOLUTE
    ..\\USER\\Encoder.c                      0x00000000   Number         0  encoder.o ABSOLUTE
    ..\\USER\\NIMING\\niming.c               0x00000000   Number         0  niming.o ABSOLUTE
    ..\\USER\\OLED\\oled.c                   0x00000000   Number         0  oled.o ABSOLUTE
    cdcmple.s                                0x00000000   Number         0  cdcmple.o ABSOLUTE
    cdrcmple.s                               0x00000000   Number         0  cdrcmple.o ABSOLUTE
    dc.s                                     0x00000000   Number         0  dc.o ABSOLUTE
    handlers.s                               0x00000000   Number         0  handlers.o ABSOLUTE
    init.s                                   0x00000000   Number         0  init.o ABSOLUTE
    startup_stm32f103xe.s                    0x00000000   Number         0  startup_stm32f103xe.o ABSOLUTE
    RESET                                    0x08000000   Section      304  startup_stm32f103xe.o(RESET)
    .ARM.Collect$$$$00000000                 0x08000130   Section        0  entry.o(.ARM.Collect$$$$00000000)
    .ARM.Collect$$$$00000001                 0x08000130   Section        4  entry2.o(.ARM.Collect$$$$00000001)
    .ARM.Collect$$$$00000004                 0x08000134   Section        4  entry5.o(.ARM.Collect$$$$00000004)
    .ARM.Collect$$$$00000008                 0x08000138   Section        0  entry7b.o(.ARM.Collect$$$$00000008)
    .ARM.Collect$$$$0000000A                 0x08000138   Section        0  entry8b.o(.ARM.Collect$$$$0000000A)
    .ARM.Collect$$$$0000000B                 0x08000138   Section        8  entry9a.o(.ARM.Collect$$$$0000000B)
    .ARM.Collect$$$$0000000D                 0x08000140   Section        0  entry10a.o(.ARM.Collect$$$$0000000D)
    .ARM.Collect$$$$0000000F                 0x08000140   Section        0  entry11a.o(.ARM.Collect$$$$0000000F)
    .ARM.Collect$$$$00002712                 0x08000140   Section        4  entry2.o(.ARM.Collect$$$$00002712)
    __lit__00000000                          0x08000140   Data           4  entry2.o(.ARM.Collect$$$$00002712)
    .text                                    0x08000144   Section       36  startup_stm32f103xe.o(.text)
    .text                                    0x08000168   Section        0  llushr.o(.text)
    .text                                    0x08000188   Section        0  memseta.o(.text)
    .text                                    0x080001ac   Section        0  fdiv.o(.text)
    .text                                    0x08000228   Section        0  dmul.o(.text)
    .text                                    0x0800030c   Section        0  ddiv.o(.text)
    .text                                    0x080003ea   Section        0  fflti.o(.text)
    .text                                    0x080003fc   Section        0  dflti.o(.text)
    .text                                    0x0800041e   Section        0  ffixi.o(.text)
    .text                                    0x08000450   Section        0  dfixi.o(.text)
    .text                                    0x0800048e   Section        0  f2d.o(.text)
    .text                                    0x080004b4   Section        0  d2f.o(.text)
    .text                                    0x080004ec   Section        0  uidiv.o(.text)
    .text                                    0x08000518   Section        0  fepilogue.o(.text)
    .text                                    0x08000518   Section        0  iusefp.o(.text)
    .text                                    0x08000586   Section        0  depilogue.o(.text)
    .text                                    0x08000640   Section        0  dadd.o(.text)
    .text                                    0x0800078e   Section        0  dscalb.o(.text)
    .text                                    0x080007bc   Section       48  cdrcmple.o(.text)
    .text                                    0x080007ec   Section       36  init.o(.text)
    .text                                    0x08000810   Section        0  llshl.o(.text)
    .text                                    0x0800082e   Section        0  llsshr.o(.text)
    .text                                    0x08000852   Section        0  dsqrt.o(.text)
    i.ANO_DT_Send_F2                         0x080008f4   Section        0  niming.o(i.ANO_DT_Send_F2)
    i.Backleft_STOP                          0x08000978   Section        0  gpio.o(i.Backleft_STOP)
    i.Backleft_backward                      0x08000998   Section        0  gpio.o(i.Backleft_backward)
    i.Backleft_forward                       0x080009c4   Section        0  gpio.o(i.Backleft_forward)
    i.Backright_STOP                         0x080009f0   Section        0  gpio.o(i.Backright_STOP)
    i.Backright_backward                     0x08000a10   Section        0  gpio.o(i.Backright_backward)
    i.Backright_forward                      0x08000a3c   Section        0  gpio.o(i.Backright_forward)
    i.BusFault_Handler                       0x08000a68   Section        0  stm32f1xx_it.o(i.BusFault_Handler)
    i.DMA1_Channel6_IRQHandler               0x08000a6c   Section        0  stm32f1xx_it.o(i.DMA1_Channel6_IRQHandler)
    i.DMA1_Channel7_IRQHandler               0x08000a78   Section        0  stm32f1xx_it.o(i.DMA1_Channel7_IRQHandler)
    i.DebugMon_Handler                       0x08000a84   Section        0  stm32f1xx_it.o(i.DebugMon_Handler)
    i.Encoder_Update_Count                   0x08000a88   Section        0  encoder.o(i.Encoder_Update_Count)
    i.Encoder_combinationread                0x08000abc   Section        0  encoder.o(i.Encoder_combinationread)
    i.Encoderinit                            0x08000ad0   Section        0  encoder.o(i.Encoderinit)
    i.Error_Handler                          0x08000b28   Section        0  main.o(i.Error_Handler)
    i.ForwardandBackward                     0x08000b2c   Section        0  gpio.o(i.ForwardandBackward)
    i.Frontleft_STOP                         0x08000b80   Section        0  gpio.o(i.Frontleft_STOP)
    i.Frontleft_backward                     0x08000ba4   Section        0  gpio.o(i.Frontleft_backward)
    i.Frontleft_forward                      0x08000bd0   Section        0  gpio.o(i.Frontleft_forward)
    i.Frontright_STOP                        0x08000c00   Section        0  gpio.o(i.Frontright_STOP)
    i.Frontright_backward                    0x08000c20   Section        0  gpio.o(i.Frontright_backward)
    i.Frontright_forward                     0x08000c4c   Section        0  gpio.o(i.Frontright_forward)
    i.GetEncoderPulse                        0x08000c78   Section        0  encoder.o(i.GetEncoderPulse)
    i.HAL_DMA_Abort                          0x08000cc8   Section        0  stm32f1xx_hal_dma.o(i.HAL_DMA_Abort)
    i.HAL_DMA_Abort_IT                       0x08000d10   Section        0  stm32f1xx_hal_dma.o(i.HAL_DMA_Abort_IT)
    i.HAL_DMA_IRQHandler                     0x08000e40   Section        0  stm32f1xx_hal_dma.o(i.HAL_DMA_IRQHandler)
    i.HAL_DMA_Init                           0x08001088   Section        0  stm32f1xx_hal_dma.o(i.HAL_DMA_Init)
    i.HAL_Delay                              0x08001104   Section        0  stm32f1xx_hal.o(i.HAL_Delay)
    i.HAL_GPIO_Init                          0x08001128   Section        0  stm32f1xx_hal_gpio.o(i.HAL_GPIO_Init)
    i.HAL_GPIO_ReadPin                       0x08001320   Section        0  stm32f1xx_hal_gpio.o(i.HAL_GPIO_ReadPin)
    i.HAL_GPIO_WritePin                      0x0800132a   Section        0  stm32f1xx_hal_gpio.o(i.HAL_GPIO_WritePin)
    i.HAL_GetTick                            0x08001334   Section        0  stm32f1xx_hal.o(i.HAL_GetTick)
    i.HAL_I2C_Init                           0x08001340   Section        0  stm32f1xx_hal_i2c.o(i.HAL_I2C_Init)
    i.HAL_I2C_Mem_Write                      0x080014c8   Section        0  stm32f1xx_hal_i2c.o(i.HAL_I2C_Mem_Write)
    i.HAL_I2C_MspInit                        0x080015f8   Section        0  i2c.o(i.HAL_I2C_MspInit)
    i.HAL_IncTick                            0x08001700   Section        0  stm32f1xx_hal.o(i.HAL_IncTick)
    i.HAL_Init                               0x08001710   Section        0  stm32f1xx_hal.o(i.HAL_Init)
    i.HAL_InitTick                           0x08001734   Section        0  stm32f1xx_hal.o(i.HAL_InitTick)
    i.HAL_MspInit                            0x08001774   Section        0  stm32f1xx_hal_msp.o(i.HAL_MspInit)
    i.HAL_NVIC_EnableIRQ                     0x080017b0   Section        0  stm32f1xx_hal_cortex.o(i.HAL_NVIC_EnableIRQ)
    i.HAL_NVIC_SetPriority                   0x080017cc   Section        0  stm32f1xx_hal_cortex.o(i.HAL_NVIC_SetPriority)
    i.HAL_NVIC_SetPriorityGrouping           0x0800180c   Section        0  stm32f1xx_hal_cortex.o(i.HAL_NVIC_SetPriorityGrouping)
    i.HAL_RCC_ClockConfig                    0x08001830   Section        0  stm32f1xx_hal_rcc.o(i.HAL_RCC_ClockConfig)
    i.HAL_RCC_GetPCLK1Freq                   0x0800195c   Section        0  stm32f1xx_hal_rcc.o(i.HAL_RCC_GetPCLK1Freq)
    i.HAL_RCC_GetPCLK2Freq                   0x0800197c   Section        0  stm32f1xx_hal_rcc.o(i.HAL_RCC_GetPCLK2Freq)
    i.HAL_RCC_GetSysClockFreq                0x0800199c   Section        0  stm32f1xx_hal_rcc.o(i.HAL_RCC_GetSysClockFreq)
    i.HAL_RCC_OscConfig                      0x08001a08   Section        0  stm32f1xx_hal_rcc.o(i.HAL_RCC_OscConfig)
    i.HAL_SYSTICK_Config                     0x08001d28   Section        0  stm32f1xx_hal_cortex.o(i.HAL_SYSTICK_Config)
    i.HAL_TIMEx_BreakCallback                0x08001d50   Section        0  stm32f1xx_hal_tim_ex.o(i.HAL_TIMEx_BreakCallback)
    i.HAL_TIMEx_CommutCallback               0x08001d52   Section        0  stm32f1xx_hal_tim_ex.o(i.HAL_TIMEx_CommutCallback)
    i.HAL_TIMEx_ConfigBreakDeadTime          0x08001d54   Section        0  stm32f1xx_hal_tim_ex.o(i.HAL_TIMEx_ConfigBreakDeadTime)
    i.HAL_TIMEx_MasterConfigSynchronization  0x08001da8   Section        0  stm32f1xx_hal_tim_ex.o(i.HAL_TIMEx_MasterConfigSynchronization)
    i.HAL_TIM_Base_Init                      0x08001e24   Section        0  stm32f1xx_hal_tim.o(i.HAL_TIM_Base_Init)
    i.HAL_TIM_Base_MspInit                   0x08001e80   Section        0  tim.o(i.HAL_TIM_Base_MspInit)
    i.HAL_TIM_Base_Start_IT                  0x08001ed4   Section        0  stm32f1xx_hal_tim.o(i.HAL_TIM_Base_Start_IT)
    i.HAL_TIM_ConfigClockSource              0x08001f40   Section        0  stm32f1xx_hal_tim.o(i.HAL_TIM_ConfigClockSource)
    i.HAL_TIM_Encoder_Init                   0x08002016   Section        0  stm32f1xx_hal_tim.o(i.HAL_TIM_Encoder_Init)
    i.HAL_TIM_Encoder_MspInit                0x080020bc   Section        0  tim.o(i.HAL_TIM_Encoder_MspInit)
    i.HAL_TIM_Encoder_Start                  0x08002234   Section        0  stm32f1xx_hal_tim.o(i.HAL_TIM_Encoder_Start)
    i.HAL_TIM_Encoder_Start_IT               0x080022c2   Section        0  stm32f1xx_hal_tim.o(i.HAL_TIM_Encoder_Start_IT)
    i.HAL_TIM_IC_CaptureCallback             0x08002378   Section        0  stm32f1xx_hal_tim.o(i.HAL_TIM_IC_CaptureCallback)
    i.HAL_TIM_IRQHandler                     0x0800237a   Section        0  stm32f1xx_hal_tim.o(i.HAL_TIM_IRQHandler)
    i.HAL_TIM_MspPostInit                    0x080024e0   Section        0  tim.o(i.HAL_TIM_MspPostInit)
    i.HAL_TIM_OC_ConfigChannel               0x0800255c   Section        0  stm32f1xx_hal_tim.o(i.HAL_TIM_OC_ConfigChannel)
    i.HAL_TIM_OC_DelayElapsedCallback        0x080025a8   Section        0  stm32f1xx_hal_tim.o(i.HAL_TIM_OC_DelayElapsedCallback)
    i.HAL_TIM_OC_Init                        0x080025aa   Section        0  stm32f1xx_hal_tim.o(i.HAL_TIM_OC_Init)
    i.HAL_TIM_OC_MspInit                     0x08002604   Section        0  stm32f1xx_hal_tim.o(i.HAL_TIM_OC_MspInit)
    i.HAL_TIM_PWM_ConfigChannel              0x08002606   Section        0  stm32f1xx_hal_tim.o(i.HAL_TIM_PWM_ConfigChannel)
    i.HAL_TIM_PWM_Init                       0x080026cc   Section        0  stm32f1xx_hal_tim.o(i.HAL_TIM_PWM_Init)
    i.HAL_TIM_PWM_MspInit                    0x08002728   Section        0  tim.o(i.HAL_TIM_PWM_MspInit)
    i.HAL_TIM_PWM_PulseFinishedCallback      0x08002750   Section        0  stm32f1xx_hal_tim.o(i.HAL_TIM_PWM_PulseFinishedCallback)
    i.HAL_TIM_PWM_Start                      0x08002754   Section        0  stm32f1xx_hal_tim.o(i.HAL_TIM_PWM_Start)
    i.HAL_TIM_PeriodElapsedCallback          0x08002808   Section        0  main.o(i.HAL_TIM_PeriodElapsedCallback)
    i.HAL_TIM_TriggerCallback                0x08002818   Section        0  stm32f1xx_hal_tim.o(i.HAL_TIM_TriggerCallback)
    i.HAL_UARTEx_RxEventCallback             0x0800281a   Section        0  stm32f1xx_hal_uart.o(i.HAL_UARTEx_RxEventCallback)
    i.HAL_UART_ErrorCallback                 0x0800281c   Section        0  stm32f1xx_hal_uart.o(i.HAL_UART_ErrorCallback)
    i.HAL_UART_IRQHandler                    0x08002820   Section        0  stm32f1xx_hal_uart.o(i.HAL_UART_IRQHandler)
    i.HAL_UART_Init                          0x08002a2c   Section        0  stm32f1xx_hal_uart.o(i.HAL_UART_Init)
    i.HAL_UART_MspInit                       0x08002a90   Section        0  usart.o(i.HAL_UART_MspInit)
    i.HAL_UART_Receive_IT                    0x08002b84   Section        0  stm32f1xx_hal_uart.o(i.HAL_UART_Receive_IT)
    i.HAL_UART_RxCpltCallback                0x08002bb0   Section        0  main.o(i.HAL_UART_RxCpltCallback)
    i.HAL_UART_Transmit                      0x08002d78   Section        0  stm32f1xx_hal_uart.o(i.HAL_UART_Transmit)
    i.HAL_UART_TxCpltCallback                0x08002e2a   Section        0  stm32f1xx_hal_uart.o(i.HAL_UART_TxCpltCallback)
    i.HardFault_Handler                      0x08002e2c   Section        0  stm32f1xx_it.o(i.HardFault_Handler)
    i.I2C_IsAcknowledgeFailed                0x08002e2e   Section        0  stm32f1xx_hal_i2c.o(i.I2C_IsAcknowledgeFailed)
    I2C_IsAcknowledgeFailed                  0x08002e2f   Thumb Code    46  stm32f1xx_hal_i2c.o(i.I2C_IsAcknowledgeFailed)
    i.I2C_RequestMemoryWrite                 0x08002e5c   Section        0  stm32f1xx_hal_i2c.o(i.I2C_RequestMemoryWrite)
    I2C_RequestMemoryWrite                   0x08002e5d   Thumb Code   162  stm32f1xx_hal_i2c.o(i.I2C_RequestMemoryWrite)
    i.I2C_WaitOnBTFFlagUntilTimeout          0x08002f04   Section        0  stm32f1xx_hal_i2c.o(i.I2C_WaitOnBTFFlagUntilTimeout)
    I2C_WaitOnBTFFlagUntilTimeout            0x08002f05   Thumb Code    76  stm32f1xx_hal_i2c.o(i.I2C_WaitOnBTFFlagUntilTimeout)
    i.I2C_WaitOnFlagUntilTimeout             0x08002f50   Section        0  stm32f1xx_hal_i2c.o(i.I2C_WaitOnFlagUntilTimeout)
    I2C_WaitOnFlagUntilTimeout               0x08002f51   Thumb Code   104  stm32f1xx_hal_i2c.o(i.I2C_WaitOnFlagUntilTimeout)
    i.I2C_WaitOnMasterAddressFlagUntilTimeout 0x08002fb8   Section        0  stm32f1xx_hal_i2c.o(i.I2C_WaitOnMasterAddressFlagUntilTimeout)
    I2C_WaitOnMasterAddressFlagUntilTimeout  0x08002fb9   Thumb Code   150  stm32f1xx_hal_i2c.o(i.I2C_WaitOnMasterAddressFlagUntilTimeout)
    i.I2C_WaitOnTXEFlagUntilTimeout          0x0800304e   Section        0  stm32f1xx_hal_i2c.o(i.I2C_WaitOnTXEFlagUntilTimeout)
    I2C_WaitOnTXEFlagUntilTimeout            0x0800304f   Thumb Code    76  stm32f1xx_hal_i2c.o(i.I2C_WaitOnTXEFlagUntilTimeout)
    i.LeftandRightRotation                   0x0800309a   Section        0  gpio.o(i.LeftandRightRotation)
    i.MX_DMA_Init                            0x080030ec   Section        0  dma.o(i.MX_DMA_Init)
    i.MX_GPIO_Init                           0x08003128   Section        0  gpio.o(i.MX_GPIO_Init)
    i.MX_I2C1_Init                           0x08003208   Section        0  i2c.o(i.MX_I2C1_Init)
    i.MX_I2C2_Init                           0x08003248   Section        0  i2c.o(i.MX_I2C2_Init)
    i.MX_TIM1_Init                           0x08003288   Section        0  tim.o(i.MX_TIM1_Init)
    i.MX_TIM2_Init                           0x0800335c   Section        0  tim.o(i.MX_TIM2_Init)
    i.MX_TIM3_Init                           0x080033c8   Section        0  tim.o(i.MX_TIM3_Init)
    i.MX_TIM4_Init                           0x08003434   Section        0  tim.o(i.MX_TIM4_Init)
    i.MX_TIM5_Init                           0x080034a0   Section        0  tim.o(i.MX_TIM5_Init)
    i.MX_TIM6_Init                           0x0800350c   Section        0  tim.o(i.MX_TIM6_Init)
    i.MX_TIM8_Init                           0x08003550   Section        0  tim.o(i.MX_TIM8_Init)
    i.MX_USART2_UART_Init                    0x0800364c   Section        0  usart.o(i.MX_USART2_UART_Init)
    i.MX_USART3_UART_Init                    0x08003684   Section        0  usart.o(i.MX_USART3_UART_Init)
    i.MemManage_Handler                      0x080036bc   Section        0  stm32f1xx_it.o(i.MemManage_Handler)
    i.Motor_Set_Pwm                          0x080036c0   Section        0  gpio.o(i.Motor_Set_Pwm)
    i.NMI_Handler                            0x080037b8   Section        0  stm32f1xx_it.o(i.NMI_Handler)
    i.OLED_Fill                              0x080037bc   Section        0  oled.o(i.OLED_Fill)
    i.OLED_Init                              0x080037f4   Section        0  oled.o(i.OLED_Init)
    i.OLED_Set_Pos                           0x080038a8   Section        0  oled.o(i.OLED_Set_Pos)
    i.OLED_ShowString                        0x080038d0   Section        0  oled.o(i.OLED_ShowString)
    i.PendSV_Handler                         0x080039a8   Section        0  stm32f1xx_it.o(i.PendSV_Handler)
    i.STOPALL                                0x080039aa   Section        0  gpio.o(i.STOPALL)
    i.SVC_Handler                            0x080039c0   Section        0  stm32f1xx_it.o(i.SVC_Handler)
    i.SysTick_Handler                        0x080039c2   Section        0  stm32f1xx_it.o(i.SysTick_Handler)
    i.SystemClock_Config                     0x080039c6   Section        0  main.o(i.SystemClock_Config)
    i.SystemInit                             0x08003a24   Section        0  system_stm32f1xx.o(i.SystemInit)
    i.TIM2_IRQHandler                        0x08003a28   Section        0  stm32f1xx_it.o(i.TIM2_IRQHandler)
    i.TIM3_IRQHandler                        0x08003a34   Section        0  stm32f1xx_it.o(i.TIM3_IRQHandler)
    i.TIM4_IRQHandler                        0x08003a40   Section        0  stm32f1xx_it.o(i.TIM4_IRQHandler)
    i.TIM5_IRQHandler                        0x08003a4c   Section        0  stm32f1xx_it.o(i.TIM5_IRQHandler)
    i.TIM6_IRQHandler                        0x08003a58   Section        0  stm32f1xx_it.o(i.TIM6_IRQHandler)
    i.TIM_Base_SetConfig                     0x08003a64   Section        0  stm32f1xx_hal_tim.o(i.TIM_Base_SetConfig)
    i.TIM_CCxChannelCmd                      0x08003af0   Section        0  stm32f1xx_hal_tim.o(i.TIM_CCxChannelCmd)
    i.TIM_ETR_SetConfig                      0x08003b0a   Section        0  stm32f1xx_hal_tim.o(i.TIM_ETR_SetConfig)
    i.TIM_ITRx_SetConfig                     0x08003b1e   Section        0  stm32f1xx_hal_tim.o(i.TIM_ITRx_SetConfig)
    TIM_ITRx_SetConfig                       0x08003b1f   Thumb Code    16  stm32f1xx_hal_tim.o(i.TIM_ITRx_SetConfig)
    i.TIM_OC1_SetConfig                      0x08003b30   Section        0  stm32f1xx_hal_tim.o(i.TIM_OC1_SetConfig)
    TIM_OC1_SetConfig                        0x08003b31   Thumb Code    88  stm32f1xx_hal_tim.o(i.TIM_OC1_SetConfig)
    i.TIM_OC2_SetConfig                      0x08003b90   Section        0  stm32f1xx_hal_tim.o(i.TIM_OC2_SetConfig)
    i.TIM_OC3_SetConfig                      0x08003bfc   Section        0  stm32f1xx_hal_tim.o(i.TIM_OC3_SetConfig)
    TIM_OC3_SetConfig                        0x08003bfd   Thumb Code    96  stm32f1xx_hal_tim.o(i.TIM_OC3_SetConfig)
    i.TIM_OC4_SetConfig                      0x08003c64   Section        0  stm32f1xx_hal_tim.o(i.TIM_OC4_SetConfig)
    TIM_OC4_SetConfig                        0x08003c65   Thumb Code    70  stm32f1xx_hal_tim.o(i.TIM_OC4_SetConfig)
    i.TIM_TI1_ConfigInputStage               0x08003cb4   Section        0  stm32f1xx_hal_tim.o(i.TIM_TI1_ConfigInputStage)
    TIM_TI1_ConfigInputStage                 0x08003cb5   Thumb Code    34  stm32f1xx_hal_tim.o(i.TIM_TI1_ConfigInputStage)
    i.TIM_TI2_ConfigInputStage               0x08003cd6   Section        0  stm32f1xx_hal_tim.o(i.TIM_TI2_ConfigInputStage)
    TIM_TI2_ConfigInputStage                 0x08003cd7   Thumb Code    36  stm32f1xx_hal_tim.o(i.TIM_TI2_ConfigInputStage)
    i.UART_DMAAbortOnError                   0x08003cfa   Section        0  stm32f1xx_hal_uart.o(i.UART_DMAAbortOnError)
    UART_DMAAbortOnError                     0x08003cfb   Thumb Code    16  stm32f1xx_hal_uart.o(i.UART_DMAAbortOnError)
    i.UART_EndRxTransfer                     0x08003d0a   Section        0  stm32f1xx_hal_uart.o(i.UART_EndRxTransfer)
    UART_EndRxTransfer                       0x08003d0b   Thumb Code    48  stm32f1xx_hal_uart.o(i.UART_EndRxTransfer)
    i.UART_Receive_IT                        0x08003d3a   Section        0  stm32f1xx_hal_uart.o(i.UART_Receive_IT)
    UART_Receive_IT                          0x08003d3b   Thumb Code   182  stm32f1xx_hal_uart.o(i.UART_Receive_IT)
    i.UART_SetConfig                         0x08003df0   Section        0  stm32f1xx_hal_uart.o(i.UART_SetConfig)
    UART_SetConfig                           0x08003df1   Thumb Code   178  stm32f1xx_hal_uart.o(i.UART_SetConfig)
    i.UART_Start_Receive_IT                  0x08003ea8   Section        0  stm32f1xx_hal_uart.o(i.UART_Start_Receive_IT)
    i.UART_WaitOnFlagUntilTimeout            0x08003ede   Section        0  stm32f1xx_hal_uart.o(i.UART_WaitOnFlagUntilTimeout)
    UART_WaitOnFlagUntilTimeout              0x08003edf   Thumb Code   100  stm32f1xx_hal_uart.o(i.UART_WaitOnFlagUntilTimeout)
    i.USART2_IRQHandler                      0x08003f44   Section        0  stm32f1xx_it.o(i.USART2_IRQHandler)
    i.USART3_IRQHandler                      0x08003f50   Section        0  stm32f1xx_it.o(i.USART3_IRQHandler)
    i.UsageFault_Handler                     0x08003f5c   Section        0  stm32f1xx_it.o(i.UsageFault_Handler)
    i.WriteCmd                               0x08003f60   Section        0  oled.o(i.WriteCmd)
    i.WriteDat                               0x08003f84   Section        0  oled.o(i.WriteDat)
    i.__0printf$3                            0x08003fa8   Section        0  printf3.o(i.__0printf$3)
    i.__ARM_fpclassify                       0x08003fc8   Section        0  fpclassify.o(i.__ARM_fpclassify)
    i.__NVIC_SetPriority                     0x08003ff0   Section        0  stm32f1xx_hal_cortex.o(i.__NVIC_SetPriority)
    __NVIC_SetPriority                       0x08003ff1   Thumb Code    32  stm32f1xx_hal_cortex.o(i.__NVIC_SetPriority)
    i.__kernel_poly                          0x08004010   Section        0  poly.o(i.__kernel_poly)
    i.__mathlib_dbl_divzero                  0x080040bc   Section        0  dunder.o(i.__mathlib_dbl_divzero)
    i.__mathlib_dbl_infnan2                  0x080040cc   Section        0  dunder.o(i.__mathlib_dbl_infnan2)
    i.__mathlib_dbl_invalid                  0x080040d0   Section        0  dunder.o(i.__mathlib_dbl_invalid)
    i.__mathlib_dbl_overflow                 0x080040dc   Section        0  dunder.o(i.__mathlib_dbl_overflow)
    i.__mathlib_dbl_underflow                0x080040ec   Section        0  dunder.o(i.__mathlib_dbl_underflow)
    i.__scatterload_copy                     0x080040fc   Section       14  handlers.o(i.__scatterload_copy)
    i.__scatterload_null                     0x0800410a   Section        2  handlers.o(i.__scatterload_null)
    i.__scatterload_zeroinit                 0x0800410c   Section       14  handlers.o(i.__scatterload_zeroinit)
    i.__set_errno                            0x0800411c   Section        0  errno.o(i.__set_errno)
    i._printf_core                           0x08004128   Section        0  printf3.o(i._printf_core)
    _printf_core                             0x08004129   Thumb Code   436  printf3.o(i._printf_core)
    i.fputc                                  0x080042e0   Section        0  usart.o(i.fputc)
    i.keyscan                                0x080042f8   Section        0  gpio.o(i.keyscan)
    i.main                                   0x080043d8   Section        0  main.o(i.main)
    i.motorpwminit                           0x08004514   Section        0  gpio.o(i.motorpwminit)
    i.pow                                    0x08004540   Section        0  pow.o(i.pow)
    i.speedcaculate                          0x08004f18   Section        0  encoder.o(i.speedcaculate)
    i.sqrt                                   0x08004fec   Section        0  sqrt.o(i.sqrt)
    .constdata                               0x08005038   Section     2072  oled.o(.constdata)
    .constdata                               0x08005850   Section       16  system_stm32f1xx.o(.constdata)
    .constdata                               0x08005860   Section        8  system_stm32f1xx.o(.constdata)
    .constdata                               0x08005868   Section      136  pow.o(.constdata)
    bp                                       0x08005868   Data          16  pow.o(.constdata)
    dp_h                                     0x08005878   Data          16  pow.o(.constdata)
    dp_l                                     0x08005888   Data          16  pow.o(.constdata)
    L                                        0x08005898   Data          48  pow.o(.constdata)
    P                                        0x080058c8   Data          40  pow.o(.constdata)
    .constdata                               0x080058f0   Section        8  qnan.o(.constdata)
    .data                                    0x20000000   Section       40  encoder.o(.data)
    .data                                    0x20000028   Section        6  main.o(.data)
    .data                                    0x20000030   Section        4  gpio.o(.data)
    .data                                    0x20000034   Section        4  usart.o(.data)
    .data                                    0x20000038   Section       12  stm32f1xx_hal.o(.data)
    .data                                    0x20000044   Section        4  system_stm32f1xx.o(.data)
    .data                                    0x20000048   Section        4  errno.o(.data)
    _errno                                   0x20000048   Data           4  errno.o(.data)
    .bss                                     0x2000004c   Section      100  niming.o(.bss)
    .bss                                     0x200000b0   Section       64  main.o(.bss)
    .bss                                     0x200000f0   Section      304  i2c.o(.bss)
    .bss                                     0x20000220   Section      504  tim.o(.bss)
    .bss                                     0x20000418   Section      136  usart.o(.bss)
    STACK                                    0x200004a0   Section     2048  startup_stm32f103xe.o(STACK)

    Global Symbols

    Symbol Name                              Value     Ov Type        Size  Object(Section)

    BuildAttributes$$THM_ISAv4$P$D$K$B$S$PE$A:L22UL41UL21$X:L11$S22US41US21$IEEE1$IW$USESV6$~STKCKD$USESV7$~SHL$OTIME$ROPI$IEEEX$EBA8$MICROLIB$REQ8$PRES8$EABIv2 0x00000000   Number         0  anon$$obj.o ABSOLUTE
    __ARM_use_no_argv                        0x00000000   Number         0  main.o ABSOLUTE
    __use_no_errno                           0x00000000   Number         0  useno.o ABSOLUTE
    __use_no_exception_handling              0x00000000   Number         0  useno.o ABSOLUTE
    __use_no_fp                              0x00000000   Number         0  useno.o ABSOLUTE
    __use_no_heap                            0x00000000   Number         0  useno.o ABSOLUTE
    __use_no_heap_region                     0x00000000   Number         0  useno.o ABSOLUTE
    __use_no_semihosting                     0x00000000   Number         0  useno.o ABSOLUTE
    __use_no_semihosting_swi                 0x00000000   Number         0  useno.o ABSOLUTE
    __use_no_signal_handling                 0x00000000   Number         0  useno.o ABSOLUTE
    _printf_a                                0x00000000   Number         0  stubs.o ABSOLUTE
    _printf_c                                0x00000000   Number         0  stubs.o ABSOLUTE
    _printf_charcount                        0x00000000   Number         0  stubs.o ABSOLUTE
    _printf_d                                0x00000000   Number         0  stubs.o ABSOLUTE
    _printf_e                                0x00000000   Number         0  stubs.o ABSOLUTE
    _printf_f                                0x00000000   Number         0  stubs.o ABSOLUTE
    _printf_flags                            0x00000000   Number         0  stubs.o ABSOLUTE
    _printf_fp_dec                           0x00000000   Number         0  stubs.o ABSOLUTE
    _printf_fp_hex                           0x00000000   Number         0  stubs.o ABSOLUTE
    _printf_g                                0x00000000   Number         0  stubs.o ABSOLUTE
    _printf_i                                0x00000000   Number         0  stubs.o ABSOLUTE
    _printf_int_dec                          0x00000000   Number         0  stubs.o ABSOLUTE
    _printf_l                                0x00000000   Number         0  stubs.o ABSOLUTE
    _printf_lc                               0x00000000   Number         0  stubs.o ABSOLUTE
    _printf_ll                               0x00000000   Number         0  stubs.o ABSOLUTE
    _printf_lld                              0x00000000   Number         0  stubs.o ABSOLUTE
    _printf_lli                              0x00000000   Number         0  stubs.o ABSOLUTE
    _printf_llo                              0x00000000   Number         0  stubs.o ABSOLUTE
    _printf_llu                              0x00000000   Number         0  stubs.o ABSOLUTE
    _printf_llx                              0x00000000   Number         0  stubs.o ABSOLUTE
    _printf_longlong_dec                     0x00000000   Number         0  stubs.o ABSOLUTE
    _printf_longlong_hex                     0x00000000   Number         0  stubs.o ABSOLUTE
    _printf_longlong_oct                     0x00000000   Number         0  stubs.o ABSOLUTE
    _printf_ls                               0x00000000   Number         0  stubs.o ABSOLUTE
    _printf_mbtowc                           0x00000000   Number         0  stubs.o ABSOLUTE
    _printf_n                                0x00000000   Number         0  stubs.o ABSOLUTE
    _printf_o                                0x00000000   Number         0  stubs.o ABSOLUTE
    _printf_p                                0x00000000   Number         0  stubs.o ABSOLUTE
    _printf_percent                          0x00000000   Number         0  stubs.o ABSOLUTE
    _printf_pre_padding                      0x00000000   Number         0  stubs.o ABSOLUTE
    _printf_return_value                     0x00000000   Number         0  stubs.o ABSOLUTE
    _printf_s                                0x00000000   Number         0  stubs.o ABSOLUTE
    _printf_sizespec                         0x00000000   Number         0  stubs.o ABSOLUTE
    _printf_str                              0x00000000   Number         0  stubs.o ABSOLUTE
    _printf_truncate_signed                  0x00000000   Number         0  stubs.o ABSOLUTE
    _printf_truncate_unsigned                0x00000000   Number         0  stubs.o ABSOLUTE
    _printf_u                                0x00000000   Number         0  stubs.o ABSOLUTE
    _printf_wc                               0x00000000   Number         0  stubs.o ABSOLUTE
    _printf_wctomb                           0x00000000   Number         0  stubs.o ABSOLUTE
    _printf_widthprec                        0x00000000   Number         0  stubs.o ABSOLUTE
    _printf_x                                0x00000000   Number         0  stubs.o ABSOLUTE
    __cpp_initialize__aeabi_                  - Undefined Weak Reference
    __cxa_finalize                            - Undefined Weak Reference
    __decompress                              - Undefined Weak Reference
    _clock_init                               - Undefined Weak Reference
    _microlib_exit                            - Undefined Weak Reference
    __Vectors_Size                           0x00000130   Number         0  startup_stm32f103xe.o ABSOLUTE
    __Vectors                                0x08000000   Data           4  startup_stm32f103xe.o(RESET)
    __Vectors_End                            0x08000130   Data           0  startup_stm32f103xe.o(RESET)
    __main                                   0x08000131   Thumb Code     0  entry.o(.ARM.Collect$$$$00000000)
    _main_stk                                0x08000131   Thumb Code     0  entry2.o(.ARM.Collect$$$$00000001)
    _main_scatterload                        0x08000135   Thumb Code     0  entry5.o(.ARM.Collect$$$$00000004)
    __main_after_scatterload                 0x08000139   Thumb Code     0  entry5.o(.ARM.Collect$$$$00000004)
    _main_clock                              0x08000139   Thumb Code     0  entry7b.o(.ARM.Collect$$$$00000008)
    _main_cpp_init                           0x08000139   Thumb Code     0  entry8b.o(.ARM.Collect$$$$0000000A)
    _main_init                               0x08000139   Thumb Code     0  entry9a.o(.ARM.Collect$$$$0000000B)
    __rt_final_cpp                           0x08000141   Thumb Code     0  entry10a.o(.ARM.Collect$$$$0000000D)
    __rt_final_exit                          0x08000141   Thumb Code     0  entry11a.o(.ARM.Collect$$$$0000000F)
    Reset_Handler                            0x08000145   Thumb Code     8  startup_stm32f103xe.o(.text)
    ADC1_2_IRQHandler                        0x0800015f   Thumb Code     0  startup_stm32f103xe.o(.text)
    ADC3_IRQHandler                          0x0800015f   Thumb Code     0  startup_stm32f103xe.o(.text)
    CAN1_RX1_IRQHandler                      0x0800015f   Thumb Code     0  startup_stm32f103xe.o(.text)
    CAN1_SCE_IRQHandler                      0x0800015f   Thumb Code     0  startup_stm32f103xe.o(.text)
    DMA1_Channel1_IRQHandler                 0x0800015f   Thumb Code     0  startup_stm32f103xe.o(.text)
    DMA1_Channel2_IRQHandler                 0x0800015f   Thumb Code     0  startup_stm32f103xe.o(.text)
    DMA1_Channel3_IRQHandler                 0x0800015f   Thumb Code     0  startup_stm32f103xe.o(.text)
    DMA1_Channel4_IRQHandler                 0x0800015f   Thumb Code     0  startup_stm32f103xe.o(.text)
    DMA1_Channel5_IRQHandler                 0x0800015f   Thumb Code     0  startup_stm32f103xe.o(.text)
    DMA2_Channel1_IRQHandler                 0x0800015f   Thumb Code     0  startup_stm32f103xe.o(.text)
    DMA2_Channel2_IRQHandler                 0x0800015f   Thumb Code     0  startup_stm32f103xe.o(.text)
    DMA2_Channel3_IRQHandler                 0x0800015f   Thumb Code     0  startup_stm32f103xe.o(.text)
    DMA2_Channel4_5_IRQHandler               0x0800015f   Thumb Code     0  startup_stm32f103xe.o(.text)
    EXTI0_IRQHandler                         0x0800015f   Thumb Code     0  startup_stm32f103xe.o(.text)
    EXTI15_10_IRQHandler                     0x0800015f   Thumb Code     0  startup_stm32f103xe.o(.text)
    EXTI1_IRQHandler                         0x0800015f   Thumb Code     0  startup_stm32f103xe.o(.text)
    EXTI2_IRQHandler                         0x0800015f   Thumb Code     0  startup_stm32f103xe.o(.text)
    EXTI3_IRQHandler                         0x0800015f   Thumb Code     0  startup_stm32f103xe.o(.text)
    EXTI4_IRQHandler                         0x0800015f   Thumb Code     0  startup_stm32f103xe.o(.text)
    EXTI9_5_IRQHandler                       0x0800015f   Thumb Code     0  startup_stm32f103xe.o(.text)
    FLASH_IRQHandler                         0x0800015f   Thumb Code     0  startup_stm32f103xe.o(.text)
    FSMC_IRQHandler                          0x0800015f   Thumb Code     0  startup_stm32f103xe.o(.text)
    I2C1_ER_IRQHandler                       0x0800015f   Thumb Code     0  startup_stm32f103xe.o(.text)
    I2C1_EV_IRQHandler                       0x0800015f   Thumb Code     0  startup_stm32f103xe.o(.text)
    I2C2_ER_IRQHandler                       0x0800015f   Thumb Code     0  startup_stm32f103xe.o(.text)
    I2C2_EV_IRQHandler                       0x0800015f   Thumb Code     0  startup_stm32f103xe.o(.text)
    PVD_IRQHandler                           0x0800015f   Thumb Code     0  startup_stm32f103xe.o(.text)
    RCC_IRQHandler                           0x0800015f   Thumb Code     0  startup_stm32f103xe.o(.text)
    RTC_Alarm_IRQHandler                     0x0800015f   Thumb Code     0  startup_stm32f103xe.o(.text)
    RTC_IRQHandler                           0x0800015f   Thumb Code     0  startup_stm32f103xe.o(.text)
    SDIO_IRQHandler                          0x0800015f   Thumb Code     0  startup_stm32f103xe.o(.text)
    SPI1_IRQHandler                          0x0800015f   Thumb Code     0  startup_stm32f103xe.o(.text)
    SPI2_IRQHandler                          0x0800015f   Thumb Code     0  startup_stm32f103xe.o(.text)
    SPI3_IRQHandler                          0x0800015f   Thumb Code     0  startup_stm32f103xe.o(.text)
    TAMPER_IRQHandler                        0x0800015f   Thumb Code     0  startup_stm32f103xe.o(.text)
    TIM1_BRK_IRQHandler                      0x0800015f   Thumb Code     0  startup_stm32f103xe.o(.text)
    TIM1_CC_IRQHandler                       0x0800015f   Thumb Code     0  startup_stm32f103xe.o(.text)
    TIM1_TRG_COM_IRQHandler                  0x0800015f   Thumb Code     0  startup_stm32f103xe.o(.text)
    TIM1_UP_IRQHandler                       0x0800015f   Thumb Code     0  startup_stm32f103xe.o(.text)
    TIM7_IRQHandler                          0x0800015f   Thumb Code     0  startup_stm32f103xe.o(.text)
    TIM8_BRK_IRQHandler                      0x0800015f   Thumb Code     0  startup_stm32f103xe.o(.text)
    TIM8_CC_IRQHandler                       0x0800015f   Thumb Code     0  startup_stm32f103xe.o(.text)
    TIM8_TRG_COM_IRQHandler                  0x0800015f   Thumb Code     0  startup_stm32f103xe.o(.text)
    TIM8_UP_IRQHandler                       0x0800015f   Thumb Code     0  startup_stm32f103xe.o(.text)
    UART4_IRQHandler                         0x0800015f   Thumb Code     0  startup_stm32f103xe.o(.text)
    UART5_IRQHandler                         0x0800015f   Thumb Code     0  startup_stm32f103xe.o(.text)
    USART1_IRQHandler                        0x0800015f   Thumb Code     0  startup_stm32f103xe.o(.text)
    USBWakeUp_IRQHandler                     0x0800015f   Thumb Code     0  startup_stm32f103xe.o(.text)
    USB_HP_CAN1_TX_IRQHandler                0x0800015f   Thumb Code     0  startup_stm32f103xe.o(.text)
    USB_LP_CAN1_RX0_IRQHandler               0x0800015f   Thumb Code     0  startup_stm32f103xe.o(.text)
    WWDG_IRQHandler                          0x0800015f   Thumb Code     0  startup_stm32f103xe.o(.text)
    __aeabi_llsr                             0x08000169   Thumb Code    32  llushr.o(.text)
    _ll_ushift_r                             0x08000169   Thumb Code     0  llushr.o(.text)
    __aeabi_memset                           0x08000189   Thumb Code    14  memseta.o(.text)
    __aeabi_memset4                          0x08000189   Thumb Code     0  memseta.o(.text)
    __aeabi_memset8                          0x08000189   Thumb Code     0  memseta.o(.text)
    __aeabi_memclr                           0x08000197   Thumb Code     4  memseta.o(.text)
    __aeabi_memclr4                          0x08000197   Thumb Code     0  memseta.o(.text)
    __aeabi_memclr8                          0x08000197   Thumb Code     0  memseta.o(.text)
    _memset$wrapper                          0x0800019b   Thumb Code    18  memseta.o(.text)
    __aeabi_fdiv                             0x080001ad   Thumb Code   124  fdiv.o(.text)
    __aeabi_dmul                             0x08000229   Thumb Code   228  dmul.o(.text)
    __aeabi_ddiv                             0x0800030d   Thumb Code   222  ddiv.o(.text)
    __aeabi_i2f                              0x080003eb   Thumb Code    18  fflti.o(.text)
    __aeabi_i2d                              0x080003fd   Thumb Code    34  dflti.o(.text)
    __aeabi_f2iz                             0x0800041f   Thumb Code    50  ffixi.o(.text)
    __aeabi_d2iz                             0x08000451   Thumb Code    62  dfixi.o(.text)
    __aeabi_f2d                              0x0800048f   Thumb Code    38  f2d.o(.text)
    __aeabi_d2f                              0x080004b5   Thumb Code    56  d2f.o(.text)
    __aeabi_uidiv                            0x080004ed   Thumb Code     0  uidiv.o(.text)
    __aeabi_uidivmod                         0x080004ed   Thumb Code    44  uidiv.o(.text)
    __I$use$fp                               0x08000519   Thumb Code     0  iusefp.o(.text)
    _float_round                             0x08000519   Thumb Code    18  fepilogue.o(.text)
    _float_epilogue                          0x0800052b   Thumb Code    92  fepilogue.o(.text)
    _double_round                            0x08000587   Thumb Code    30  depilogue.o(.text)
    _double_epilogue                         0x080005a5   Thumb Code   156  depilogue.o(.text)
    __aeabi_dadd                             0x08000641   Thumb Code   322  dadd.o(.text)
    __aeabi_dsub                             0x08000783   Thumb Code     6  dadd.o(.text)
    __aeabi_drsub                            0x08000789   Thumb Code     6  dadd.o(.text)
    __ARM_scalbn                             0x0800078f   Thumb Code    46  dscalb.o(.text)
    scalbn                                   0x0800078f   Thumb Code     0  dscalb.o(.text)
    __aeabi_cdrcmple                         0x080007bd   Thumb Code    48  cdrcmple.o(.text)
    __scatterload                            0x080007ed   Thumb Code    28  init.o(.text)
    __scatterload_rt2                        0x080007ed   Thumb Code     0  init.o(.text)
    __aeabi_llsl                             0x08000811   Thumb Code    30  llshl.o(.text)
    _ll_shift_l                              0x08000811   Thumb Code     0  llshl.o(.text)
    __aeabi_lasr                             0x0800082f   Thumb Code    36  llsshr.o(.text)
    _ll_sshift_r                             0x0800082f   Thumb Code     0  llsshr.o(.text)
    _dsqrt                                   0x08000853   Thumb Code   162  dsqrt.o(.text)
    ANO_DT_Send_F2                           0x080008f5   Thumb Code   122  niming.o(i.ANO_DT_Send_F2)
    Backleft_STOP                            0x08000979   Thumb Code    28  gpio.o(i.Backleft_STOP)
    Backleft_backward                        0x08000999   Thumb Code    36  gpio.o(i.Backleft_backward)
    Backleft_forward                         0x080009c5   Thumb Code    36  gpio.o(i.Backleft_forward)
    Backright_STOP                           0x080009f1   Thumb Code    28  gpio.o(i.Backright_STOP)
    Backright_backward                       0x08000a11   Thumb Code    36  gpio.o(i.Backright_backward)
    Backright_forward                        0x08000a3d   Thumb Code    36  gpio.o(i.Backright_forward)
    BusFault_Handler                         0x08000a69   Thumb Code     2  stm32f1xx_it.o(i.BusFault_Handler)
    DMA1_Channel6_IRQHandler                 0x08000a6d   Thumb Code     6  stm32f1xx_it.o(i.DMA1_Channel6_IRQHandler)
    DMA1_Channel7_IRQHandler                 0x08000a79   Thumb Code     6  stm32f1xx_it.o(i.DMA1_Channel7_IRQHandler)
    DebugMon_Handler                         0x08000a85   Thumb Code     2  stm32f1xx_it.o(i.DebugMon_Handler)
    Encoder_Update_Count                     0x08000a89   Thumb Code    48  encoder.o(i.Encoder_Update_Count)
    Encoder_combinationread                  0x08000abd   Thumb Code    18  encoder.o(i.Encoder_combinationread)
    Encoderinit                              0x08000ad1   Thumb Code    70  encoder.o(i.Encoderinit)
    Error_Handler                            0x08000b29   Thumb Code     4  main.o(i.Error_Handler)
    ForwardandBackward                       0x08000b2d   Thumb Code    82  gpio.o(i.ForwardandBackward)
    Frontleft_STOP                           0x08000b81   Thumb Code    30  gpio.o(i.Frontleft_STOP)
    Frontleft_backward                       0x08000ba5   Thumb Code    36  gpio.o(i.Frontleft_backward)
    Frontleft_forward                        0x08000bd1   Thumb Code    38  gpio.o(i.Frontleft_forward)
    Frontright_STOP                          0x08000c01   Thumb Code    28  gpio.o(i.Frontright_STOP)
    Frontright_backward                      0x08000c21   Thumb Code    36  gpio.o(i.Frontright_backward)
    Frontright_forward                       0x08000c4d   Thumb Code    36  gpio.o(i.Frontright_forward)
    GetEncoderPulse                          0x08000c79   Thumb Code    58  encoder.o(i.GetEncoderPulse)
    HAL_DMA_Abort                            0x08000cc9   Thumb Code    70  stm32f1xx_hal_dma.o(i.HAL_DMA_Abort)
    HAL_DMA_Abort_IT                         0x08000d11   Thumb Code   296  stm32f1xx_hal_dma.o(i.HAL_DMA_Abort_IT)
    HAL_DMA_IRQHandler                       0x08000e41   Thumb Code   552  stm32f1xx_hal_dma.o(i.HAL_DMA_IRQHandler)
    HAL_DMA_Init                             0x08001089   Thumb Code   112  stm32f1xx_hal_dma.o(i.HAL_DMA_Init)
    HAL_Delay                                0x08001105   Thumb Code    32  stm32f1xx_hal.o(i.HAL_Delay)
    HAL_GPIO_Init                            0x08001129   Thumb Code   462  stm32f1xx_hal_gpio.o(i.HAL_GPIO_Init)
    HAL_GPIO_ReadPin                         0x08001321   Thumb Code    10  stm32f1xx_hal_gpio.o(i.HAL_GPIO_ReadPin)
    HAL_GPIO_WritePin                        0x0800132b   Thumb Code    10  stm32f1xx_hal_gpio.o(i.HAL_GPIO_WritePin)
    HAL_GetTick                              0x08001335   Thumb Code     6  stm32f1xx_hal.o(i.HAL_GetTick)
    HAL_I2C_Init                             0x08001341   Thumb Code   376  stm32f1xx_hal_i2c.o(i.HAL_I2C_Init)
    HAL_I2C_Mem_Write                        0x080014c9   Thumb Code   294  stm32f1xx_hal_i2c.o(i.HAL_I2C_Mem_Write)
    HAL_I2C_MspInit                          0x080015f9   Thumb Code   236  i2c.o(i.HAL_I2C_MspInit)
    HAL_IncTick                              0x08001701   Thumb Code    12  stm32f1xx_hal.o(i.HAL_IncTick)
    HAL_Init                                 0x08001711   Thumb Code    32  stm32f1xx_hal.o(i.HAL_Init)
    HAL_InitTick                             0x08001735   Thumb Code    54  stm32f1xx_hal.o(i.HAL_InitTick)
    HAL_MspInit                              0x08001775   Thumb Code    52  stm32f1xx_hal_msp.o(i.HAL_MspInit)
    HAL_NVIC_EnableIRQ                       0x080017b1   Thumb Code    26  stm32f1xx_hal_cortex.o(i.HAL_NVIC_EnableIRQ)
    HAL_NVIC_SetPriority                     0x080017cd   Thumb Code    60  stm32f1xx_hal_cortex.o(i.HAL_NVIC_SetPriority)
    HAL_NVIC_SetPriorityGrouping             0x0800180d   Thumb Code    26  stm32f1xx_hal_cortex.o(i.HAL_NVIC_SetPriorityGrouping)
    HAL_RCC_ClockConfig                      0x08001831   Thumb Code   280  stm32f1xx_hal_rcc.o(i.HAL_RCC_ClockConfig)
    HAL_RCC_GetPCLK1Freq                     0x0800195d   Thumb Code    20  stm32f1xx_hal_rcc.o(i.HAL_RCC_GetPCLK1Freq)
    HAL_RCC_GetPCLK2Freq                     0x0800197d   Thumb Code    20  stm32f1xx_hal_rcc.o(i.HAL_RCC_GetPCLK2Freq)
    HAL_RCC_GetSysClockFreq                  0x0800199d   Thumb Code    74  stm32f1xx_hal_rcc.o(i.HAL_RCC_GetSysClockFreq)
    HAL_RCC_OscConfig                        0x08001a09   Thumb Code   778  stm32f1xx_hal_rcc.o(i.HAL_RCC_OscConfig)
    HAL_SYSTICK_Config                       0x08001d29   Thumb Code    40  stm32f1xx_hal_cortex.o(i.HAL_SYSTICK_Config)
    HAL_TIMEx_BreakCallback                  0x08001d51   Thumb Code     2  stm32f1xx_hal_tim_ex.o(i.HAL_TIMEx_BreakCallback)
    HAL_TIMEx_CommutCallback                 0x08001d53   Thumb Code     2  stm32f1xx_hal_tim_ex.o(i.HAL_TIMEx_CommutCallback)
    HAL_TIMEx_ConfigBreakDeadTime            0x08001d55   Thumb Code    84  stm32f1xx_hal_tim_ex.o(i.HAL_TIMEx_ConfigBreakDeadTime)
    HAL_TIMEx_MasterConfigSynchronization    0x08001da9   Thumb Code   104  stm32f1xx_hal_tim_ex.o(i.HAL_TIMEx_MasterConfigSynchronization)
    HAL_TIM_Base_Init                        0x08001e25   Thumb Code    90  stm32f1xx_hal_tim.o(i.HAL_TIM_Base_Init)
    HAL_TIM_Base_MspInit                     0x08001e81   Thumb Code    72  tim.o(i.HAL_TIM_Base_MspInit)
    HAL_TIM_Base_Start_IT                    0x08001ed5   Thumb Code    88  stm32f1xx_hal_tim.o(i.HAL_TIM_Base_Start_IT)
    HAL_TIM_ConfigClockSource                0x08001f41   Thumb Code   214  stm32f1xx_hal_tim.o(i.HAL_TIM_ConfigClockSource)
    HAL_TIM_Encoder_Init                     0x08002017   Thumb Code   164  stm32f1xx_hal_tim.o(i.HAL_TIM_Encoder_Init)
    HAL_TIM_Encoder_MspInit                  0x080020bd   Thumb Code   346  tim.o(i.HAL_TIM_Encoder_MspInit)
    HAL_TIM_Encoder_Start                    0x08002235   Thumb Code   142  stm32f1xx_hal_tim.o(i.HAL_TIM_Encoder_Start)
    HAL_TIM_Encoder_Start_IT                 0x080022c3   Thumb Code   182  stm32f1xx_hal_tim.o(i.HAL_TIM_Encoder_Start_IT)
    HAL_TIM_IC_CaptureCallback               0x08002379   Thumb Code     2  stm32f1xx_hal_tim.o(i.HAL_TIM_IC_CaptureCallback)
    HAL_TIM_IRQHandler                       0x0800237b   Thumb Code   358  stm32f1xx_hal_tim.o(i.HAL_TIM_IRQHandler)
    HAL_TIM_MspPostInit                      0x080024e1   Thumb Code   102  tim.o(i.HAL_TIM_MspPostInit)
    HAL_TIM_OC_ConfigChannel                 0x0800255d   Thumb Code    76  stm32f1xx_hal_tim.o(i.HAL_TIM_OC_ConfigChannel)
    HAL_TIM_OC_DelayElapsedCallback          0x080025a9   Thumb Code     2  stm32f1xx_hal_tim.o(i.HAL_TIM_OC_DelayElapsedCallback)
    HAL_TIM_OC_Init                          0x080025ab   Thumb Code    90  stm32f1xx_hal_tim.o(i.HAL_TIM_OC_Init)
    HAL_TIM_OC_MspInit                       0x08002605   Thumb Code     2  stm32f1xx_hal_tim.o(i.HAL_TIM_OC_MspInit)
    HAL_TIM_PWM_ConfigChannel                0x08002607   Thumb Code   198  stm32f1xx_hal_tim.o(i.HAL_TIM_PWM_ConfigChannel)
    HAL_TIM_PWM_Init                         0x080026cd   Thumb Code    90  stm32f1xx_hal_tim.o(i.HAL_TIM_PWM_Init)
    HAL_TIM_PWM_MspInit                      0x08002729   Thumb Code    30  tim.o(i.HAL_TIM_PWM_MspInit)
    HAL_TIM_PWM_PulseFinishedCallback        0x08002751   Thumb Code     2  stm32f1xx_hal_tim.o(i.HAL_TIM_PWM_PulseFinishedCallback)
    HAL_TIM_PWM_Start                        0x08002755   Thumb Code   160  stm32f1xx_hal_tim.o(i.HAL_TIM_PWM_Start)
    HAL_TIM_PeriodElapsedCallback            0x08002809   Thumb Code    12  main.o(i.HAL_TIM_PeriodElapsedCallback)
    HAL_TIM_TriggerCallback                  0x08002819   Thumb Code     2  stm32f1xx_hal_tim.o(i.HAL_TIM_TriggerCallback)
    HAL_UARTEx_RxEventCallback               0x0800281b   Thumb Code     2  stm32f1xx_hal_uart.o(i.HAL_UARTEx_RxEventCallback)
    HAL_UART_ErrorCallback                   0x0800281d   Thumb Code     2  stm32f1xx_hal_uart.o(i.HAL_UART_ErrorCallback)
    HAL_UART_IRQHandler                      0x08002821   Thumb Code   520  stm32f1xx_hal_uart.o(i.HAL_UART_IRQHandler)
    HAL_UART_Init                            0x08002a2d   Thumb Code    98  stm32f1xx_hal_uart.o(i.HAL_UART_Init)
    HAL_UART_MspInit                         0x08002a91   Thumb Code   218  usart.o(i.HAL_UART_MspInit)
    HAL_UART_Receive_IT                      0x08002b85   Thumb Code    42  stm32f1xx_hal_uart.o(i.HAL_UART_Receive_IT)
    HAL_UART_RxCpltCallback                  0x08002bb1   Thumb Code   318  main.o(i.HAL_UART_RxCpltCallback)
    HAL_UART_Transmit                        0x08002d79   Thumb Code   178  stm32f1xx_hal_uart.o(i.HAL_UART_Transmit)
    HAL_UART_TxCpltCallback                  0x08002e2b   Thumb Code     2  stm32f1xx_hal_uart.o(i.HAL_UART_TxCpltCallback)
    HardFault_Handler                        0x08002e2d   Thumb Code     2  stm32f1xx_it.o(i.HardFault_Handler)
    LeftandRightRotation                     0x0800309b   Thumb Code    82  gpio.o(i.LeftandRightRotation)
    MX_DMA_Init                              0x080030ed   Thumb Code    56  dma.o(i.MX_DMA_Init)
    MX_GPIO_Init                             0x08003129   Thumb Code   206  gpio.o(i.MX_GPIO_Init)
    MX_I2C1_Init                             0x08003209   Thumb Code    50  i2c.o(i.MX_I2C1_Init)
    MX_I2C2_Init                             0x08003249   Thumb Code    50  i2c.o(i.MX_I2C2_Init)
    MX_TIM1_Init                             0x08003289   Thumb Code   202  tim.o(i.MX_TIM1_Init)
    MX_TIM2_Init                             0x0800335d   Thumb Code   102  tim.o(i.MX_TIM2_Init)
    MX_TIM3_Init                             0x080033c9   Thumb Code   100  tim.o(i.MX_TIM3_Init)
    MX_TIM4_Init                             0x08003435   Thumb Code   100  tim.o(i.MX_TIM4_Init)
    MX_TIM5_Init                             0x080034a1   Thumb Code   100  tim.o(i.MX_TIM5_Init)
    MX_TIM6_Init                             0x0800350d   Thumb Code    60  tim.o(i.MX_TIM6_Init)
    MX_TIM8_Init                             0x08003551   Thumb Code   242  tim.o(i.MX_TIM8_Init)
    MX_USART2_UART_Init                      0x0800364d   Thumb Code    48  usart.o(i.MX_USART2_UART_Init)
    MX_USART3_UART_Init                      0x08003685   Thumb Code    48  usart.o(i.MX_USART3_UART_Init)
    MemManage_Handler                        0x080036bd   Thumb Code     2  stm32f1xx_it.o(i.MemManage_Handler)
    Motor_Set_Pwm                            0x080036c1   Thumb Code   230  gpio.o(i.Motor_Set_Pwm)
    NMI_Handler                              0x080037b9   Thumb Code     2  stm32f1xx_it.o(i.NMI_Handler)
    OLED_Fill                                0x080037bd   Thumb Code    56  oled.o(i.OLED_Fill)
    OLED_Init                                0x080037f5   Thumb Code   180  oled.o(i.OLED_Init)
    OLED_Set_Pos                             0x080038a9   Thumb Code    38  oled.o(i.OLED_Set_Pos)
    OLED_ShowString                          0x080038d1   Thumb Code   208  oled.o(i.OLED_ShowString)
    PendSV_Handler                           0x080039a9   Thumb Code     2  stm32f1xx_it.o(i.PendSV_Handler)
    STOPALL                                  0x080039ab   Thumb Code    22  gpio.o(i.STOPALL)
    SVC_Handler                              0x080039c1   Thumb Code     2  stm32f1xx_it.o(i.SVC_Handler)
    SysTick_Handler                          0x080039c3   Thumb Code     4  stm32f1xx_it.o(i.SysTick_Handler)
    SystemClock_Config                       0x080039c7   Thumb Code    94  main.o(i.SystemClock_Config)
    SystemInit                               0x08003a25   Thumb Code     2  system_stm32f1xx.o(i.SystemInit)
    TIM2_IRQHandler                          0x08003a29   Thumb Code     6  stm32f1xx_it.o(i.TIM2_IRQHandler)
    TIM3_IRQHandler                          0x08003a35   Thumb Code     6  stm32f1xx_it.o(i.TIM3_IRQHandler)
    TIM4_IRQHandler                          0x08003a41   Thumb Code     6  stm32f1xx_it.o(i.TIM4_IRQHandler)
    TIM5_IRQHandler                          0x08003a4d   Thumb Code     6  stm32f1xx_it.o(i.TIM5_IRQHandler)
    TIM6_IRQHandler                          0x08003a59   Thumb Code     6  stm32f1xx_it.o(i.TIM6_IRQHandler)
    TIM_Base_SetConfig                       0x08003a65   Thumb Code   120  stm32f1xx_hal_tim.o(i.TIM_Base_SetConfig)
    TIM_CCxChannelCmd                        0x08003af1   Thumb Code    26  stm32f1xx_hal_tim.o(i.TIM_CCxChannelCmd)
    TIM_ETR_SetConfig                        0x08003b0b   Thumb Code    20  stm32f1xx_hal_tim.o(i.TIM_ETR_SetConfig)
    TIM_OC2_SetConfig                        0x08003b91   Thumb Code    98  stm32f1xx_hal_tim.o(i.TIM_OC2_SetConfig)
    UART_Start_Receive_IT                    0x08003ea9   Thumb Code    54  stm32f1xx_hal_uart.o(i.UART_Start_Receive_IT)
    USART2_IRQHandler                        0x08003f45   Thumb Code     6  stm32f1xx_it.o(i.USART2_IRQHandler)
    USART3_IRQHandler                        0x08003f51   Thumb Code     6  stm32f1xx_it.o(i.USART3_IRQHandler)
    UsageFault_Handler                       0x08003f5d   Thumb Code     2  stm32f1xx_it.o(i.UsageFault_Handler)
    WriteCmd                                 0x08003f61   Thumb Code    30  oled.o(i.WriteCmd)
    WriteDat                                 0x08003f85   Thumb Code    30  oled.o(i.WriteDat)
    __0printf$3                              0x08003fa9   Thumb Code    22  printf3.o(i.__0printf$3)
    __1printf$3                              0x08003fa9   Thumb Code     0  printf3.o(i.__0printf$3)
    __2printf                                0x08003fa9   Thumb Code     0  printf3.o(i.__0printf$3)
    __ARM_fpclassify                         0x08003fc9   Thumb Code    40  fpclassify.o(i.__ARM_fpclassify)
    __kernel_poly                            0x08004011   Thumb Code   170  poly.o(i.__kernel_poly)
    __mathlib_dbl_divzero                    0x080040bd   Thumb Code    12  dunder.o(i.__mathlib_dbl_divzero)
    __mathlib_dbl_infnan2                    0x080040cd   Thumb Code     4  dunder.o(i.__mathlib_dbl_infnan2)
    __mathlib_dbl_invalid                    0x080040d1   Thumb Code    12  dunder.o(i.__mathlib_dbl_invalid)
    __mathlib_dbl_overflow                   0x080040dd   Thumb Code    14  dunder.o(i.__mathlib_dbl_overflow)
    __mathlib_dbl_underflow                  0x080040ed   Thumb Code    10  dunder.o(i.__mathlib_dbl_underflow)
    __scatterload_copy                       0x080040fd   Thumb Code    14  handlers.o(i.__scatterload_copy)
    __scatterload_null                       0x0800410b   Thumb Code     2  handlers.o(i.__scatterload_null)
    __scatterload_zeroinit                   0x0800410d   Thumb Code    14  handlers.o(i.__scatterload_zeroinit)
    __set_errno                              0x0800411d   Thumb Code     6  errno.o(i.__set_errno)
    fputc                                    0x080042e1   Thumb Code    20  usart.o(i.fputc)
    keyscan                                  0x080042f9   Thumb Code   216  gpio.o(i.keyscan)
    main                                     0x080043d9   Thumb Code   234  main.o(i.main)
    motorpwminit                             0x08004515   Thumb Code    38  gpio.o(i.motorpwminit)
    pow                                      0x08004541   Thumb Code  2512  pow.o(i.pow)
    speedcaculate                            0x08004f19   Thumb Code   192  encoder.o(i.speedcaculate)
    sqrt                                     0x08004fed   Thumb Code    76  sqrt.o(i.sqrt)
    F6x8                                     0x08005038   Data         552  oled.o(.constdata)
    F8X16                                    0x08005260   Data        1520  oled.o(.constdata)
    AHBPrescTable                            0x08005850   Data          16  system_stm32f1xx.o(.constdata)
    APBPrescTable                            0x08005860   Data           8  system_stm32f1xx.o(.constdata)
    __mathlib_zero                           0x080058f0   Data           8  qnan.o(.constdata)
    Region$$Table$$Base                      0x080058f8   Number         0  anon$$obj.o(Region$$Table)
    Region$$Table$$Limit                     0x08005918   Number         0  anon$$obj.o(Region$$Table)
    g_Encoder_M1_Now                         0x20000000   Data           4  encoder.o(.data)
    g_Encoder_M2_Now                         0x20000004   Data           4  encoder.o(.data)
    g_Encoder_M3_Now                         0x20000008   Data           4  encoder.o(.data)
    g_Encoder_M4_Now                         0x2000000c   Data           4  encoder.o(.data)
    motorspeed1                              0x20000010   Data           4  encoder.o(.data)
    motorspeed2                              0x20000014   Data           4  encoder.o(.data)
    motorspeed3                              0x20000018   Data           4  encoder.o(.data)
    motorspeed4                              0x2000001c   Data           4  encoder.o(.data)
    encoderPulse                             0x20000020   Data           8  encoder.o(.data)
    REDdata                                  0x20000028   Data           1  main.o(.data)
    BLUdata                                  0x20000029   Data           1  main.o(.data)
    RXEcount                                 0x2000002a   Data           1  main.o(.data)
    rho_err                                  0x2000002c   Data           2  main.o(.data)
    usermotor                                0x20000030   Data           4  gpio.o(.data)
    __stdout                                 0x20000034   Data           4  usart.o(.data)
    uwTickFreq                               0x20000038   Data           1  stm32f1xx_hal.o(.data)
    uwTickPrio                               0x2000003c   Data           4  stm32f1xx_hal.o(.data)
    uwTick                                   0x20000040   Data           4  stm32f1xx_hal.o(.data)
    SystemCoreClock                          0x20000044   Data           4  system_stm32f1xx.o(.data)
    data_to_send                             0x2000004c   Data         100  niming.o(.bss)
    RXEbuff                                  0x200000b0   Data          64  main.o(.bss)
    hi2c1                                    0x200000f0   Data          84  i2c.o(.bss)
    hi2c2                                    0x20000144   Data          84  i2c.o(.bss)
    hdma_i2c1_rx                             0x20000198   Data          68  i2c.o(.bss)
    hdma_i2c1_tx                             0x200001dc   Data          68  i2c.o(.bss)
    htim1                                    0x20000220   Data          72  tim.o(.bss)
    htim2                                    0x20000268   Data          72  tim.o(.bss)
    htim3                                    0x200002b0   Data          72  tim.o(.bss)
    htim4                                    0x200002f8   Data          72  tim.o(.bss)
    htim5                                    0x20000340   Data          72  tim.o(.bss)
    htim6                                    0x20000388   Data          72  tim.o(.bss)
    htim8                                    0x200003d0   Data          72  tim.o(.bss)
    huart2                                   0x20000418   Data          68  usart.o(.bss)
    huart3                                   0x2000045c   Data          68  usart.o(.bss)
    __initial_sp                             0x20000ca0   Data           0  startup_stm32f103xe.o(STACK)



==============================================================================

Memory Map of the image

  Image Entry point : 0x08000131

  Load Region LR_IROM1 (Base: 0x08000000, Size: 0x00005964, Max: 0x00010000, ABSOLUTE)

    Execution Region ER_IROM1 (Exec base: 0x08000000, Load base: 0x08000000, Size: 0x00005918, Max: 0x00010000, ABSOLUTE)

    Exec Addr    Load Addr    Size         Type   Attr      Idx    E Section Name        Object

    0x08000000   0x08000000   0x00000130   Data   RO            3    RESET               startup_stm32f103xe.o
    0x08000130   0x08000130   0x00000000   Code   RO         3752  * .ARM.Collect$$$$00000000  mc_w.l(entry.o)
    0x08000130   0x08000130   0x00000004   Code   RO         4069    .ARM.Collect$$$$00000001  mc_w.l(entry2.o)
    0x08000134   0x08000134   0x00000004   Code   RO         4072    .ARM.Collect$$$$00000004  mc_w.l(entry5.o)
    0x08000138   0x08000138   0x00000000   Code   RO         4074    .ARM.Collect$$$$00000008  mc_w.l(entry7b.o)
    0x08000138   0x08000138   0x00000000   Code   RO         4076    .ARM.Collect$$$$0000000A  mc_w.l(entry8b.o)
    0x08000138   0x08000138   0x00000008   Code   RO         4077    .ARM.Collect$$$$0000000B  mc_w.l(entry9a.o)
    0x08000140   0x08000140   0x00000000   Code   RO         4079    .ARM.Collect$$$$0000000D  mc_w.l(entry10a.o)
    0x08000140   0x08000140   0x00000000   Code   RO         4081    .ARM.Collect$$$$0000000F  mc_w.l(entry11a.o)
    0x08000140   0x08000140   0x00000004   Code   RO         4070    .ARM.Collect$$$$00002712  mc_w.l(entry2.o)
    0x08000144   0x08000144   0x00000024   Code   RO            4    .text               startup_stm32f103xe.o
    0x08000168   0x08000168   0x00000020   Code   RO         3755    .text               mc_w.l(llushr.o)
    0x08000188   0x08000188   0x00000024   Code   RO         3757    .text               mc_w.l(memseta.o)
    0x080001ac   0x080001ac   0x0000007c   Code   RO         4024    .text               mf_w.l(fdiv.o)
    0x08000228   0x08000228   0x000000e4   Code   RO         4026    .text               mf_w.l(dmul.o)
    0x0800030c   0x0800030c   0x000000de   Code   RO         4028    .text               mf_w.l(ddiv.o)
    0x080003ea   0x080003ea   0x00000012   Code   RO         4030    .text               mf_w.l(fflti.o)
    0x080003fc   0x080003fc   0x00000022   Code   RO         4032    .text               mf_w.l(dflti.o)
    0x0800041e   0x0800041e   0x00000032   Code   RO         4034    .text               mf_w.l(ffixi.o)
    0x08000450   0x08000450   0x0000003e   Code   RO         4036    .text               mf_w.l(dfixi.o)
    0x0800048e   0x0800048e   0x00000026   Code   RO         4038    .text               mf_w.l(f2d.o)
    0x080004b4   0x080004b4   0x00000038   Code   RO         4040    .text               mf_w.l(d2f.o)
    0x080004ec   0x080004ec   0x0000002c   Code   RO         4083    .text               mc_w.l(uidiv.o)
    0x08000518   0x08000518   0x00000000   Code   RO         4094    .text               mc_w.l(iusefp.o)
    0x08000518   0x08000518   0x0000006e   Code   RO         4095    .text               mf_w.l(fepilogue.o)
    0x08000586   0x08000586   0x000000ba   Code   RO         4097    .text               mf_w.l(depilogue.o)
    0x08000640   0x08000640   0x0000014e   Code   RO         4099    .text               mf_w.l(dadd.o)
    0x0800078e   0x0800078e   0x0000002e   Code   RO         4101    .text               mf_w.l(dscalb.o)
    0x080007bc   0x080007bc   0x00000030   Code   RO         4105    .text               mf_w.l(cdrcmple.o)
    0x080007ec   0x080007ec   0x00000024   Code   RO         4107    .text               mc_w.l(init.o)
    0x08000810   0x08000810   0x0000001e   Code   RO         4109    .text               mc_w.l(llshl.o)
    0x0800082e   0x0800082e   0x00000024   Code   RO         4111    .text               mc_w.l(llsshr.o)
    0x08000852   0x08000852   0x000000a2   Code   RO         4113    .text               mf_w.l(dsqrt.o)
    0x080008f4   0x080008f4   0x00000084   Code   RO          251    i.ANO_DT_Send_F2    niming.o
    0x08000978   0x08000978   0x00000020   Code   RO          411    i.Backleft_STOP     gpio.o
    0x08000998   0x08000998   0x0000002c   Code   RO          412    i.Backleft_backward  gpio.o
    0x080009c4   0x080009c4   0x0000002c   Code   RO          413    i.Backleft_forward  gpio.o
    0x080009f0   0x080009f0   0x00000020   Code   RO          414    i.Backright_STOP    gpio.o
    0x08000a10   0x08000a10   0x0000002c   Code   RO          415    i.Backright_backward  gpio.o
    0x08000a3c   0x08000a3c   0x0000002c   Code   RO          416    i.Backright_forward  gpio.o
    0x08000a68   0x08000a68   0x00000002   Code   RO          780    i.BusFault_Handler  stm32f1xx_it.o
    0x08000a6a   0x08000a6a   0x00000002   PAD
    0x08000a6c   0x08000a6c   0x0000000c   Code   RO          781    i.DMA1_Channel6_IRQHandler  stm32f1xx_it.o
    0x08000a78   0x08000a78   0x0000000c   Code   RO          782    i.DMA1_Channel7_IRQHandler  stm32f1xx_it.o
    0x08000a84   0x08000a84   0x00000002   Code   RO          783    i.DebugMon_Handler  stm32f1xx_it.o
    0x08000a86   0x08000a86   0x00000002   PAD
    0x08000a88   0x08000a88   0x00000034   Code   RO          185    i.Encoder_Update_Count  encoder.o
    0x08000abc   0x08000abc   0x00000012   Code   RO          186    i.Encoder_combinationread  encoder.o
    0x08000ace   0x08000ace   0x00000002   PAD
    0x08000ad0   0x08000ad0   0x00000058   Code   RO          187    i.Encoderinit       encoder.o
    0x08000b28   0x08000b28   0x00000004   Code   RO          328    i.Error_Handler     main.o
    0x08000b2c   0x08000b2c   0x00000052   Code   RO          417    i.ForwardandBackward  gpio.o
    0x08000b7e   0x08000b7e   0x00000002   PAD
    0x08000b80   0x08000b80   0x00000024   Code   RO          418    i.Frontleft_STOP    gpio.o
    0x08000ba4   0x08000ba4   0x0000002c   Code   RO          419    i.Frontleft_backward  gpio.o
    0x08000bd0   0x08000bd0   0x00000030   Code   RO          420    i.Frontleft_forward  gpio.o
    0x08000c00   0x08000c00   0x00000020   Code   RO          421    i.Frontright_STOP   gpio.o
    0x08000c20   0x08000c20   0x0000002c   Code   RO          422    i.Frontright_backward  gpio.o
    0x08000c4c   0x08000c4c   0x0000002c   Code   RO          423    i.Frontright_forward  gpio.o
    0x08000c78   0x08000c78   0x00000050   Code   RO          188    i.GetEncoderPulse   encoder.o
    0x08000cc8   0x08000cc8   0x00000046   Code   RO         1781    i.HAL_DMA_Abort     stm32f1xx_hal_dma.o
    0x08000d0e   0x08000d0e   0x00000002   PAD
    0x08000d10   0x08000d10   0x00000130   Code   RO         1782    i.HAL_DMA_Abort_IT  stm32f1xx_hal_dma.o
    0x08000e40   0x08000e40   0x00000248   Code   RO         1786    i.HAL_DMA_IRQHandler  stm32f1xx_hal_dma.o
    0x08001088   0x08001088   0x0000007c   Code   RO         1787    i.HAL_DMA_Init      stm32f1xx_hal_dma.o
    0x08001104   0x08001104   0x00000024   Code   RO         1409    i.HAL_Delay         stm32f1xx_hal.o
    0x08001128   0x08001128   0x000001f8   Code   RO         1717    i.HAL_GPIO_Init     stm32f1xx_hal_gpio.o
    0x08001320   0x08001320   0x0000000a   Code   RO         1719    i.HAL_GPIO_ReadPin  stm32f1xx_hal_gpio.o
    0x0800132a   0x0800132a   0x0000000a   Code   RO         1721    i.HAL_GPIO_WritePin  stm32f1xx_hal_gpio.o
    0x08001334   0x08001334   0x0000000c   Code   RO         1413    i.HAL_GetTick       stm32f1xx_hal.o
    0x08001340   0x08001340   0x00000188   Code   RO          981    i.HAL_I2C_Init      stm32f1xx_hal_i2c.o
    0x080014c8   0x080014c8   0x00000130   Code   RO         1002    i.HAL_I2C_Mem_Write  stm32f1xx_hal_i2c.o
    0x080015f8   0x080015f8   0x00000108   Code   RO          565    i.HAL_I2C_MspInit   i2c.o
    0x08001700   0x08001700   0x00000010   Code   RO         1419    i.HAL_IncTick       stm32f1xx_hal.o
    0x08001710   0x08001710   0x00000024   Code   RO         1420    i.HAL_Init          stm32f1xx_hal.o
    0x08001734   0x08001734   0x00000040   Code   RO         1421    i.HAL_InitTick      stm32f1xx_hal.o
    0x08001774   0x08001774   0x0000003c   Code   RO          910    i.HAL_MspInit       stm32f1xx_hal_msp.o
    0x080017b0   0x080017b0   0x0000001a   Code   RO         1877    i.HAL_NVIC_EnableIRQ  stm32f1xx_hal_cortex.o
    0x080017ca   0x080017ca   0x00000002   PAD
    0x080017cc   0x080017cc   0x00000040   Code   RO         1883    i.HAL_NVIC_SetPriority  stm32f1xx_hal_cortex.o
    0x0800180c   0x0800180c   0x00000024   Code   RO         1884    i.HAL_NVIC_SetPriorityGrouping  stm32f1xx_hal_cortex.o
    0x08001830   0x08001830   0x0000012c   Code   RO         1577    i.HAL_RCC_ClockConfig  stm32f1xx_hal_rcc.o
    0x0800195c   0x0800195c   0x00000020   Code   RO         1584    i.HAL_RCC_GetPCLK1Freq  stm32f1xx_hal_rcc.o
    0x0800197c   0x0800197c   0x00000020   Code   RO         1585    i.HAL_RCC_GetPCLK2Freq  stm32f1xx_hal_rcc.o
    0x0800199c   0x0800199c   0x0000006c   Code   RO         1586    i.HAL_RCC_GetSysClockFreq  stm32f1xx_hal_rcc.o
    0x08001a08   0x08001a08   0x00000320   Code   RO         1589    i.HAL_RCC_OscConfig  stm32f1xx_hal_rcc.o
    0x08001d28   0x08001d28   0x00000028   Code   RO         1888    i.HAL_SYSTICK_Config  stm32f1xx_hal_cortex.o
    0x08001d50   0x08001d50   0x00000002   Code   RO         3083    i.HAL_TIMEx_BreakCallback  stm32f1xx_hal_tim_ex.o
    0x08001d52   0x08001d52   0x00000002   Code   RO         3084    i.HAL_TIMEx_CommutCallback  stm32f1xx_hal_tim_ex.o
    0x08001d54   0x08001d54   0x00000054   Code   RO         3086    i.HAL_TIMEx_ConfigBreakDeadTime  stm32f1xx_hal_tim_ex.o
    0x08001da8   0x08001da8   0x0000007c   Code   RO         3102    i.HAL_TIMEx_MasterConfigSynchronization  stm32f1xx_hal_tim_ex.o
    0x08001e24   0x08001e24   0x0000005a   Code   RO         2379    i.HAL_TIM_Base_Init  stm32f1xx_hal_tim.o
    0x08001e7e   0x08001e7e   0x00000002   PAD
    0x08001e80   0x08001e80   0x00000054   Code   RO          613    i.HAL_TIM_Base_MspInit  tim.o
    0x08001ed4   0x08001ed4   0x0000006c   Code   RO         2384    i.HAL_TIM_Base_Start_IT  stm32f1xx_hal_tim.o
    0x08001f40   0x08001f40   0x000000d6   Code   RO         2388    i.HAL_TIM_ConfigClockSource  stm32f1xx_hal_tim.o
    0x08002016   0x08002016   0x000000a4   Code   RO         2400    i.HAL_TIM_Encoder_Init  stm32f1xx_hal_tim.o
    0x080020ba   0x080020ba   0x00000002   PAD
    0x080020bc   0x080020bc   0x00000178   Code   RO          615    i.HAL_TIM_Encoder_MspInit  tim.o
    0x08002234   0x08002234   0x0000008e   Code   RO         2403    i.HAL_TIM_Encoder_Start  stm32f1xx_hal_tim.o
    0x080022c2   0x080022c2   0x000000b6   Code   RO         2405    i.HAL_TIM_Encoder_Start_IT  stm32f1xx_hal_tim.o
    0x08002378   0x08002378   0x00000002   Code   RO         2413    i.HAL_TIM_IC_CaptureCallback  stm32f1xx_hal_tim.o
    0x0800237a   0x0800237a   0x00000166   Code   RO         2427    i.HAL_TIM_IRQHandler  stm32f1xx_hal_tim.o
    0x080024e0   0x080024e0   0x0000007c   Code   RO          616    i.HAL_TIM_MspPostInit  tim.o
    0x0800255c   0x0800255c   0x0000004c   Code   RO         2428    i.HAL_TIM_OC_ConfigChannel  stm32f1xx_hal_tim.o
    0x080025a8   0x080025a8   0x00000002   Code   RO         2430    i.HAL_TIM_OC_DelayElapsedCallback  stm32f1xx_hal_tim.o
    0x080025aa   0x080025aa   0x0000005a   Code   RO         2432    i.HAL_TIM_OC_Init   stm32f1xx_hal_tim.o
    0x08002604   0x08002604   0x00000002   Code   RO         2434    i.HAL_TIM_OC_MspInit  stm32f1xx_hal_tim.o
    0x08002606   0x08002606   0x000000c6   Code   RO         2451    i.HAL_TIM_PWM_ConfigChannel  stm32f1xx_hal_tim.o
    0x080026cc   0x080026cc   0x0000005a   Code   RO         2454    i.HAL_TIM_PWM_Init  stm32f1xx_hal_tim.o
    0x08002726   0x08002726   0x00000002   PAD
    0x08002728   0x08002728   0x00000028   Code   RO          618    i.HAL_TIM_PWM_MspInit  tim.o
    0x08002750   0x08002750   0x00000002   Code   RO         2457    i.HAL_TIM_PWM_PulseFinishedCallback  stm32f1xx_hal_tim.o
    0x08002752   0x08002752   0x00000002   PAD
    0x08002754   0x08002754   0x000000b4   Code   RO         2459    i.HAL_TIM_PWM_Start  stm32f1xx_hal_tim.o
    0x08002808   0x08002808   0x00000010   Code   RO          329    i.HAL_TIM_PeriodElapsedCallback  main.o
    0x08002818   0x08002818   0x00000002   Code   RO         2470    i.HAL_TIM_TriggerCallback  stm32f1xx_hal_tim.o
    0x0800281a   0x0800281a   0x00000002   Code   RO         3361    i.HAL_UARTEx_RxEventCallback  stm32f1xx_hal_uart.o
    0x0800281c   0x0800281c   0x00000002   Code   RO         3375    i.HAL_UART_ErrorCallback  stm32f1xx_hal_uart.o
    0x0800281e   0x0800281e   0x00000002   PAD
    0x08002820   0x08002820   0x0000020c   Code   RO         3378    i.HAL_UART_IRQHandler  stm32f1xx_hal_uart.o
    0x08002a2c   0x08002a2c   0x00000062   Code   RO         3379    i.HAL_UART_Init     stm32f1xx_hal_uart.o
    0x08002a8e   0x08002a8e   0x00000002   PAD
    0x08002a90   0x08002a90   0x000000f4   Code   RO          721    i.HAL_UART_MspInit  usart.o
    0x08002b84   0x08002b84   0x0000002a   Code   RO         3384    i.HAL_UART_Receive_IT  stm32f1xx_hal_uart.o
    0x08002bae   0x08002bae   0x00000002   PAD
    0x08002bb0   0x08002bb0   0x000001c8   Code   RO          330    i.HAL_UART_RxCpltCallback  main.o
    0x08002d78   0x08002d78   0x000000b2   Code   RO         3387    i.HAL_UART_Transmit  stm32f1xx_hal_uart.o
    0x08002e2a   0x08002e2a   0x00000002   Code   RO         3390    i.HAL_UART_TxCpltCallback  stm32f1xx_hal_uart.o
    0x08002e2c   0x08002e2c   0x00000002   Code   RO          784    i.HardFault_Handler  stm32f1xx_it.o
    0x08002e2e   0x08002e2e   0x0000002e   Code   RO         1023    i.I2C_IsAcknowledgeFailed  stm32f1xx_hal_i2c.o
    0x08002e5c   0x08002e5c   0x000000a8   Code   RO         1034    i.I2C_RequestMemoryWrite  stm32f1xx_hal_i2c.o
    0x08002f04   0x08002f04   0x0000004c   Code   RO         1038    i.I2C_WaitOnBTFFlagUntilTimeout  stm32f1xx_hal_i2c.o
    0x08002f50   0x08002f50   0x00000068   Code   RO         1039    i.I2C_WaitOnFlagUntilTimeout  stm32f1xx_hal_i2c.o
    0x08002fb8   0x08002fb8   0x00000096   Code   RO         1040    i.I2C_WaitOnMasterAddressFlagUntilTimeout  stm32f1xx_hal_i2c.o
    0x0800304e   0x0800304e   0x0000004c   Code   RO         1042    i.I2C_WaitOnTXEFlagUntilTimeout  stm32f1xx_hal_i2c.o
    0x0800309a   0x0800309a   0x00000052   Code   RO          424    i.LeftandRightRotation  gpio.o
    0x080030ec   0x080030ec   0x0000003c   Code   RO          540    i.MX_DMA_Init       dma.o
    0x08003128   0x08003128   0x000000e0   Code   RO          425    i.MX_GPIO_Init      gpio.o
    0x08003208   0x08003208   0x00000040   Code   RO          566    i.MX_I2C1_Init      i2c.o
    0x08003248   0x08003248   0x00000040   Code   RO          567    i.MX_I2C2_Init      i2c.o
    0x08003288   0x08003288   0x000000d4   Code   RO          619    i.MX_TIM1_Init      tim.o
    0x0800335c   0x0800335c   0x0000006c   Code   RO          620    i.MX_TIM2_Init      tim.o
    0x080033c8   0x080033c8   0x0000006c   Code   RO          621    i.MX_TIM3_Init      tim.o
    0x08003434   0x08003434   0x0000006c   Code   RO          622    i.MX_TIM4_Init      tim.o
    0x080034a0   0x080034a0   0x0000006c   Code   RO          623    i.MX_TIM5_Init      tim.o
    0x0800350c   0x0800350c   0x00000044   Code   RO          624    i.MX_TIM6_Init      tim.o
    0x08003550   0x08003550   0x000000fc   Code   RO          625    i.MX_TIM8_Init      tim.o
    0x0800364c   0x0800364c   0x00000038   Code   RO          722    i.MX_USART2_UART_Init  usart.o
    0x08003684   0x08003684   0x00000038   Code   RO          723    i.MX_USART3_UART_Init  usart.o
    0x080036bc   0x080036bc   0x00000002   Code   RO          785    i.MemManage_Handler  stm32f1xx_it.o
    0x080036be   0x080036be   0x00000002   PAD
    0x080036c0   0x080036c0   0x000000f8   Code   RO          427    i.Motor_Set_Pwm     gpio.o
    0x080037b8   0x080037b8   0x00000002   Code   RO          786    i.NMI_Handler       stm32f1xx_it.o
    0x080037ba   0x080037ba   0x00000002   PAD
    0x080037bc   0x080037bc   0x00000038   Code   RO           14    i.OLED_Fill         oled.o
    0x080037f4   0x080037f4   0x000000b4   Code   RO           15    i.OLED_Init         oled.o
    0x080038a8   0x080038a8   0x00000026   Code   RO           16    i.OLED_Set_Pos      oled.o
    0x080038ce   0x080038ce   0x00000002   PAD
    0x080038d0   0x080038d0   0x000000d8   Code   RO           18    i.OLED_ShowString   oled.o
    0x080039a8   0x080039a8   0x00000002   Code   RO          787    i.PendSV_Handler    stm32f1xx_it.o
    0x080039aa   0x080039aa   0x00000016   Code   RO          428    i.STOPALL           gpio.o
    0x080039c0   0x080039c0   0x00000002   Code   RO          788    i.SVC_Handler       stm32f1xx_it.o
    0x080039c2   0x080039c2   0x00000004   Code   RO          789    i.SysTick_Handler   stm32f1xx_it.o
    0x080039c6   0x080039c6   0x0000005e   Code   RO          331    i.SystemClock_Config  main.o
    0x08003a24   0x08003a24   0x00000002   Code   RO         3708    i.SystemInit        system_stm32f1xx.o
    0x08003a26   0x08003a26   0x00000002   PAD
    0x08003a28   0x08003a28   0x0000000c   Code   RO          790    i.TIM2_IRQHandler   stm32f1xx_it.o
    0x08003a34   0x08003a34   0x0000000c   Code   RO          791    i.TIM3_IRQHandler   stm32f1xx_it.o
    0x08003a40   0x08003a40   0x0000000c   Code   RO          792    i.TIM4_IRQHandler   stm32f1xx_it.o
    0x08003a4c   0x08003a4c   0x0000000c   Code   RO          793    i.TIM5_IRQHandler   stm32f1xx_it.o
    0x08003a58   0x08003a58   0x0000000c   Code   RO          794    i.TIM6_IRQHandler   stm32f1xx_it.o
    0x08003a64   0x08003a64   0x0000008c   Code   RO         2472    i.TIM_Base_SetConfig  stm32f1xx_hal_tim.o
    0x08003af0   0x08003af0   0x0000001a   Code   RO         2473    i.TIM_CCxChannelCmd  stm32f1xx_hal_tim.o
    0x08003b0a   0x08003b0a   0x00000014   Code   RO         2483    i.TIM_ETR_SetConfig  stm32f1xx_hal_tim.o
    0x08003b1e   0x08003b1e   0x00000010   Code   RO         2484    i.TIM_ITRx_SetConfig  stm32f1xx_hal_tim.o
    0x08003b2e   0x08003b2e   0x00000002   PAD
    0x08003b30   0x08003b30   0x00000060   Code   RO         2485    i.TIM_OC1_SetConfig  stm32f1xx_hal_tim.o
    0x08003b90   0x08003b90   0x0000006c   Code   RO         2486    i.TIM_OC2_SetConfig  stm32f1xx_hal_tim.o
    0x08003bfc   0x08003bfc   0x00000068   Code   RO         2487    i.TIM_OC3_SetConfig  stm32f1xx_hal_tim.o
    0x08003c64   0x08003c64   0x00000050   Code   RO         2488    i.TIM_OC4_SetConfig  stm32f1xx_hal_tim.o
    0x08003cb4   0x08003cb4   0x00000022   Code   RO         2490    i.TIM_TI1_ConfigInputStage  stm32f1xx_hal_tim.o
    0x08003cd6   0x08003cd6   0x00000024   Code   RO         2492    i.TIM_TI2_ConfigInputStage  stm32f1xx_hal_tim.o
    0x08003cfa   0x08003cfa   0x00000010   Code   RO         3392    i.UART_DMAAbortOnError  stm32f1xx_hal_uart.o
    0x08003d0a   0x08003d0a   0x00000030   Code   RO         3402    i.UART_EndRxTransfer  stm32f1xx_hal_uart.o
    0x08003d3a   0x08003d3a   0x000000b6   Code   RO         3404    i.UART_Receive_IT   stm32f1xx_hal_uart.o
    0x08003df0   0x08003df0   0x000000b8   Code   RO         3405    i.UART_SetConfig    stm32f1xx_hal_uart.o
    0x08003ea8   0x08003ea8   0x00000036   Code   RO         3407    i.UART_Start_Receive_IT  stm32f1xx_hal_uart.o
    0x08003ede   0x08003ede   0x00000064   Code   RO         3408    i.UART_WaitOnFlagUntilTimeout  stm32f1xx_hal_uart.o
    0x08003f42   0x08003f42   0x00000002   PAD
    0x08003f44   0x08003f44   0x0000000c   Code   RO          795    i.USART2_IRQHandler  stm32f1xx_it.o
    0x08003f50   0x08003f50   0x0000000c   Code   RO          796    i.USART3_IRQHandler  stm32f1xx_it.o
    0x08003f5c   0x08003f5c   0x00000002   Code   RO          797    i.UsageFault_Handler  stm32f1xx_it.o
    0x08003f5e   0x08003f5e   0x00000002   PAD
    0x08003f60   0x08003f60   0x00000024   Code   RO           20    i.WriteCmd          oled.o
    0x08003f84   0x08003f84   0x00000024   Code   RO           21    i.WriteDat          oled.o
    0x08003fa8   0x08003fa8   0x00000020   Code   RO         3848    i.__0printf$3       mc_w.l(printf3.o)
    0x08003fc8   0x08003fc8   0x00000028   Code   RO         4056    i.__ARM_fpclassify  m_ws.l(fpclassify.o)
    0x08003ff0   0x08003ff0   0x00000020   Code   RO         1890    i.__NVIC_SetPriority  stm32f1xx_hal_cortex.o
    0x08004010   0x08004010   0x000000aa   Code   RO         4058    i.__kernel_poly     m_ws.l(poly.o)
    0x080040ba   0x080040ba   0x00000002   PAD
    0x080040bc   0x080040bc   0x00000010   Code   RO         4042    i.__mathlib_dbl_divzero  m_ws.l(dunder.o)
    0x080040cc   0x080040cc   0x00000004   Code   RO         4044    i.__mathlib_dbl_infnan2  m_ws.l(dunder.o)
    0x080040d0   0x080040d0   0x0000000c   Code   RO         4045    i.__mathlib_dbl_invalid  m_ws.l(dunder.o)
    0x080040dc   0x080040dc   0x0000000e   Code   RO         4046    i.__mathlib_dbl_overflow  m_ws.l(dunder.o)
    0x080040ea   0x080040ea   0x00000002   PAD
    0x080040ec   0x080040ec   0x00000010   Code   RO         4048    i.__mathlib_dbl_underflow  m_ws.l(dunder.o)
    0x080040fc   0x080040fc   0x0000000e   Code   RO         4119    i.__scatterload_copy  mc_w.l(handlers.o)
    0x0800410a   0x0800410a   0x00000002   Code   RO         4120    i.__scatterload_null  mc_w.l(handlers.o)
    0x0800410c   0x0800410c   0x0000000e   Code   RO         4121    i.__scatterload_zeroinit  mc_w.l(handlers.o)
    0x0800411a   0x0800411a   0x00000002   PAD
    0x0800411c   0x0800411c   0x0000000c   Code   RO         4089    i.__set_errno       mc_w.l(errno.o)
    0x08004128   0x08004128   0x000001b8   Code   RO         3855    i._printf_core      mc_w.l(printf3.o)
    0x080042e0   0x080042e0   0x00000018   Code   RO          724    i.fputc             usart.o
    0x080042f8   0x080042f8   0x000000e0   Code   RO          429    i.keyscan           gpio.o
    0x080043d8   0x080043d8   0x0000013c   Code   RO          332    i.main              main.o
    0x08004514   0x08004514   0x0000002c   Code   RO          430    i.motorpwminit      gpio.o
    0x08004540   0x08004540   0x000009d8   Code   RO         3743    i.pow               m_ws.l(pow.o)
    0x08004f18   0x08004f18   0x000000d4   Code   RO          189    i.speedcaculate     encoder.o
    0x08004fec   0x08004fec   0x0000004c   Code   RO         4062    i.sqrt              m_ws.l(sqrt.o)
    0x08005038   0x08005038   0x00000818   Data   RO           22    .constdata          oled.o
    0x08005850   0x08005850   0x00000010   Data   RO         3709    .constdata          system_stm32f1xx.o
    0x08005860   0x08005860   0x00000008   Data   RO         3710    .constdata          system_stm32f1xx.o
    0x08005868   0x08005868   0x00000088   Data   RO         3744    .constdata          m_ws.l(pow.o)
    0x080058f0   0x080058f0   0x00000008   Data   RO         4060    .constdata          m_ws.l(qnan.o)
    0x080058f8   0x080058f8   0x00000020   Data   RO         4117    Region$$Table       anon$$obj.o


    Execution Region RW_IRAM1 (Exec base: 0x20000000, Load base: 0x08005918, Size: 0x00000ca0, Max: 0x00005000, ABSOLUTE)

    Exec Addr    Load Addr    Size         Type   Attr      Idx    E Section Name        Object

    0x20000000   0x08005918   0x00000028   Data   RW          190    .data               encoder.o
    0x20000028   0x08005940   0x00000006   Data   RW          338    .data               main.o
    0x2000002e   0x08005946   0x00000002   PAD
    0x20000030   0x08005948   0x00000004   Data   RW          431    .data               gpio.o
    0x20000034   0x0800594c   0x00000004   Data   RW          726    .data               usart.o
    0x20000038   0x08005950   0x0000000c   Data   RW         1427    .data               stm32f1xx_hal.o
    0x20000044   0x0800595c   0x00000004   Data   RW         3711    .data               system_stm32f1xx.o
    0x20000048   0x08005960   0x00000004   Data   RW         4090    .data               mc_w.l(errno.o)
    0x2000004c        -       0x00000064   Zero   RW          253    .bss                niming.o
    0x200000b0        -       0x00000040   Zero   RW          333    .bss                main.o
    0x200000f0        -       0x00000130   Zero   RW          568    .bss                i2c.o
    0x20000220        -       0x000001f8   Zero   RW          626    .bss                tim.o
    0x20000418        -       0x00000088   Zero   RW          725    .bss                usart.o
    0x200004a0        -       0x00000800   Zero   RW            1    STACK               startup_stm32f103xe.o


==============================================================================

Image component sizes


      Code (inc. data)   RO Data    RW Data    ZI Data      Debug   Object Name

        60          4          0          0          0        734   dma.o
       450         64          0         40          0       3172   encoder.o
      1414        134          0          4          0      10638   gpio.o
       392         56          0          0        304       2440   i2c.o
       886        224          0          6         64       4382   main.o
       132         10          0          0        100       1300   niming.o
       562         20       2072          0          0     497468   oled.o
        36          8        304          0       2048        788   startup_stm32f103xe.o
       164         28          0         12          0       6389   stm32f1xx_hal.o
       198         14          0          0          0      28851   stm32f1xx_hal_cortex.o
      1082         52          0          0          0       3443   stm32f1xx_hal_dma.o
       524         42          0          0          0       3471   stm32f1xx_hal_gpio.o
      1316         32          0          0          0       9059   stm32f1xx_hal_i2c.o
        60          8          0          0          0        842   stm32f1xx_hal_msp.o
      1272        100          0          0          0       5100   stm32f1xx_hal_rcc.o
      2562         96          0          0          0      20104   stm32f1xx_hal_tim.o
       212         20          0          0          0       3081   stm32f1xx_hal_tim_ex.o
      1432         10          0          0          0      10320   stm32f1xx_hal_uart.o
       128         54          0          0          0       7514   stm32f1xx_it.o
         2          0         24          4          0       1071   system_stm32f1xx.o
      1588        132          0          0        504       7658   tim.o
       380         46          0          4        136       4107   usart.o

    ----------------------------------------------------------------------
     14892       1154       2432         72       3156     631932   Object Totals
         0          0         32          0          0          0   (incl. Generated)
        40          0          0          2          0          0   (incl. Padding)

    ----------------------------------------------------------------------

      Code (inc. data)   RO Data    RW Data    ZI Data      Debug   Library Member Name

        62         10          0          0          0        340   dunder.o
        40          0          0          0          0         68   fpclassify.o
       170          0          0          0          0         96   poly.o
      2520        190        136          0          0        324   pow.o
         0          0          8          0          0          0   qnan.o
        76          0          0          0          0         84   sqrt.o
         0          0          0          0          0          0   entry.o
         0          0          0          0          0          0   entry10a.o
         0          0          0          0          0          0   entry11a.o
         8          4          0          0          0          0   entry2.o
         4          0          0          0          0          0   entry5.o
         0          0          0          0          0          0   entry7b.o
         0          0          0          0          0          0   entry8b.o
         8          4          0          0          0          0   entry9a.o
        12          6          0          4          0         68   errno.o
        30          0          0          0          0          0   handlers.o
        36          8          0          0          0         68   init.o
         0          0          0          0          0          0   iusefp.o
        30          0          0          0          0         68   llshl.o
        36          0          0          0          0         68   llsshr.o
        32          0          0          0          0         68   llushr.o
        36          0          0          0          0        108   memseta.o
       472         14          0          0          0        184   printf3.o
        44          0          0          0          0         80   uidiv.o
        48          0          0          0          0         68   cdrcmple.o
        56          0          0          0          0         88   d2f.o
       334          0          0          0          0        148   dadd.o
       222          0          0          0          0        100   ddiv.o
       186          0          0          0          0        176   depilogue.o
        62          0          0          0          0         80   dfixi.o
        34          0          0          0          0         76   dflti.o
       228          0          0          0          0         96   dmul.o
        46          0          0          0          0         80   dscalb.o
       162          0          0          0          0        100   dsqrt.o
        38          0          0          0          0         68   f2d.o
       124          0          0          0          0         88   fdiv.o
       110          0          0          0          0        168   fepilogue.o
        50          0          0          0          0         68   ffixi.o
        18          0          0          0          0         68   fflti.o

    ----------------------------------------------------------------------
      5340        236        144          4          0       3096   Library Totals
         6          0          0          0          0          0   (incl. Padding)

    ----------------------------------------------------------------------

      Code (inc. data)   RO Data    RW Data    ZI Data      Debug   Library Name

      2868        200        144          0          0        912   m_ws.l
       748         36          0          4          0        712   mc_w.l
      1718          0          0          0          0       1472   mf_w.l

    ----------------------------------------------------------------------
      5340        236        144          4          0       3096   Library Totals

    ----------------------------------------------------------------------

==============================================================================


      Code (inc. data)   RO Data    RW Data    ZI Data      Debug   

     20232       1390       2576         76       3156     625976   Grand Totals
     20232       1390       2576         76       3156     625976   ELF Image Totals
     20232       1390       2576         76          0          0   ROM Totals

==============================================================================

    Total RO  Size (Code + RO Data)                22808 (  22.27kB)
    Total RW  Size (RW Data + ZI Data)              3232 (   3.16kB)
    Total ROM Size (Code + RO Data + RW Data)      22884 (  22.35kB)

==============================================================================

